Archive member included to satisfy reference by file (symbol)

d:/microchip/bin/bin/../../lib/gcc/pic32c/8.3.1/../../../../pic32c/lib/thumb/v7e-m+fp/hard\libpic32c.a(data_init.o)
                              build/default/debug/_ext/1171490990/startup_xc32.o (__pic32c_data_initialization)
d:/microchip/bin/bin/../../lib/gcc/pic32c/8.3.1/../../../../pic32c/lib/thumb/v7e-m+fp/hard\libm-fast-emfloat.a(__aeabi_dadd.o)
                              build/default/debug/_ext/1033058136/iperf.o (__aeabi_dadd)
d:/microchip/bin/bin/../../lib/gcc/pic32c/8.3.1/../../../../pic32c/lib/thumb/v7e-m+fp/hard\libm-fast-emfloat.a(__aeabi_dsub.o)
                              build/default/debug/_ext/1033058136/iperf.o (__aeabi_dsub)
d:/microchip/bin/bin/../../lib/gcc/pic32c/8.3.1/../../../../pic32c/lib/thumb/v7e-m+fp/hard\libm-fast-emfloat.a(__aeabi_dmul.o)
                              build/default/debug/_ext/1033058136/iperf.o (__aeabi_dmul)
d:/microchip/bin/bin/../../lib/gcc/pic32c/8.3.1/../../../../pic32c/lib/thumb/v7e-m+fp/hard\libm-fast-emfloat.a(__aeabi_ddiv.o)
                              build/default/debug/_ext/1033058136/iperf.o (__aeabi_ddiv)
d:/microchip/bin/bin/../../lib/gcc/pic32c/8.3.1/../../../../pic32c/lib/thumb/v7e-m+fp/hard\libm-fast-emfloat.a(__aeabi_dcmpgt.o)
                              build/default/debug/_ext/1033058136/iperf.o (__aeabi_dcmpgt)
d:/microchip/bin/bin/../../lib/gcc/pic32c/8.3.1/../../../../pic32c/lib/thumb/v7e-m+fp/hard\libm-fast-emfloat.a(__aeabi_d2uiz.o)
                              build/default/debug/_ext/1033058136/iperf.o (__aeabi_d2uiz)
d:/microchip/bin/bin/../../lib/gcc/pic32c/8.3.1/../../../../pic32c/lib/thumb/v7e-m+fp/hard\libm-fast-emfloat.a(__aeabi_i2d.o)
                              build/default/debug/_ext/1033058136/iperf.o (__aeabi_i2d)
d:/microchip/bin/bin/../../lib/gcc/pic32c/8.3.1/../../../../pic32c/lib/thumb/v7e-m+fp/hard\libm-fast-emfloat.a(__aeabi_ui2d.o)
                              build/default/debug/_ext/1033058136/iperf.o (__aeabi_ui2d)
d:/microchip/bin/bin/../../lib/gcc/pic32c/8.3.1/../../../../pic32c/lib/thumb/v7e-m+fp/hard\libg-musl.a(isalnum.o)
                              build/default/debug/_ext/1033058136/dhcp.o (isalnum)
d:/microchip/bin/bin/../../lib/gcc/pic32c/8.3.1/../../../../pic32c/lib/thumb/v7e-m+fp/hard\libg-musl.a(isxdigit.o)
                              build/default/debug/_ext/1033058136/tcpip_helpers.o (isxdigit)
d:/microchip/bin/bin/../../lib/gcc/pic32c/8.3.1/../../../../pic32c/lib/thumb/v7e-m+fp/hard\libg-musl.a(tolower.o)
                              build/default/debug/_ext/1033058136/helpers.o (tolower)
d:/microchip/bin/bin/../../lib/gcc/pic32c/8.3.1/../../../../pic32c/lib/thumb/v7e-m+fp/hard\libg-musl.a(toupper.o)
                              build/default/debug/_ext/1033058136/tcpip_helpers.o (toupper)
d:/microchip/bin/bin/../../lib/gcc/pic32c/8.3.1/../../../../pic32c/lib/thumb/v7e-m+fp/hard\libg-musl.a(__libc_start_main.o)
                              build/default/debug/_ext/1171490990/startup_xc32.o (__libc_init_array)
d:/microchip/bin/bin/../../lib/gcc/pic32c/8.3.1/../../../../pic32c/lib/thumb/v7e-m+fp/hard\libg-musl.a(libc.o)
                              d:/microchip/bin/bin/../../lib/gcc/pic32c/8.3.1/../../../../pic32c/lib/thumb/v7e-m+fp/hard\libg-musl.a(__libc_start_main.o) (__progname_full)
d:/microchip/bin/bin/../../lib/gcc/pic32c/8.3.1/../../../../pic32c/lib/thumb/v7e-m+fp/hard\libg-musl.a(calloc.o)
                              build/default/debug/_ext/1171490990/initialization.o (calloc)
d:/microchip/bin/bin/../../lib/gcc/pic32c/8.3.1/../../../../pic32c/lib/thumb/v7e-m+fp/hard\libg-musl.a(malloc.o)
                              build/default/debug/_ext/1645245335/crypto.o (free)
d:/microchip/bin/bin/../../lib/gcc/pic32c/8.3.1/../../../../pic32c/lib/thumb/v7e-m+fp/hard\libg-musl.a(expand_heap.o)
                              d:/microchip/bin/bin/../../lib/gcc/pic32c/8.3.1/../../../../pic32c/lib/thumb/v7e-m+fp/hard\libg-musl.a(malloc.o) (__expand_heap)
d:/microchip/bin/bin/../../lib/gcc/pic32c/8.3.1/../../../../pic32c/lib/thumb/v7e-m+fp/hard\libg-musl.a(rand.o)
                              build/default/debug/_ext/1664057780/random.o (srand)
d:/microchip/bin/bin/../../lib/gcc/pic32c/8.3.1/../../../../pic32c/lib/thumb/v7e-m+fp/hard\libg-musl.a(vsnprintf.o)
                              build/default/debug/_ext/1376093119/sys_command.o (vsnprintf)
d:/microchip/bin/bin/../../lib/gcc/pic32c/8.3.1/../../../../pic32c/lib/thumb/v7e-m+fp/hard\libg-musl.a(snprintf.o)
                              (snprintf)
d:/microchip/bin/bin/../../lib/gcc/pic32c/8.3.1/../../../../pic32c/lib/thumb/v7e-m+fp/hard\libg-musl.a(sprintf.o)
                              (sprintf)
d:/microchip/bin/bin/../../lib/gcc/pic32c/8.3.1/../../../../pic32c/lib/thumb/v7e-m+fp/hard\libg-musl.a(vsprintf.o)
[...]
Memory Configuration

Name             Origin             Length             Attributes
rom              0x00000000         0x00100000         xrl
ram              0x20000000         0x00040000         xw !r
tcm              0x03000000         0x00000000         xw
bkupram          0x47000000         0x00002000
config_00804000  0x00804000         0x00000004
config_00804008  0x00804008         0x00000004
config_00804004  0x00804004         0x00000004
*default*        0x00000000         0xffffffff

Linker script and memory map

LOAD d:/microchip/bin/bin/../../lib/gcc/pic32c/8.3.1/thumb/v7e-m+fp/hard/crti.o
LOAD d:/microchip/bin/bin/../../lib/gcc/pic32c/8.3.1/thumb/v7e-m+fp/hard/crtbegin.o
LOAD build/default/debug/_ext/1645245335/crypto.o
LOAD build/default/debug/_ext/444070925/drv_ethphy.o
LOAD build/default/debug/_ext/444070925/drv_extphy_ksz8081.o
LOAD build/default/debug/_ext/1546807373/drv_gmac.o
LOAD build/default/debug/_ext/1546807373/drv_gmac_lib_samE5x.o
LOAD build/default/debug/_ext/992804092/drv_memory.o
LOAD build/default/debug/_ext/992804092/drv_memory_file_system.o
LOAD build/default/debug/_ext/992804092/drv_memory_nvmctrl.o
LOAD build/default/debug/_ext/438849557/drv_miim.o
LOAD build/default/debug/_ext/1751889202/sys_fs_shell.o
LOAD build/default/debug/_ext/1033058136/helpers.o
LOAD build/default/debug/_ext/1033058136/snmp.o
LOAD build/default/debug/_ext/1033058136/icmp.o
LOAD build/default/debug/_ext/1033058136/tcp.o
LOAD build/default/debug/_ext/1033058136/arp.o
LOAD build/default/debug/_ext/1033058136/tcpip_commands.o
LOAD build/default/debug/_ext/1033058136/http.o
LOAD build/default/debug/_ext/1033058136/iperf.o
LOAD build/default/debug/_ext/1033058136/ipv4.o
LOAD build/default/debug/_ext/1033058136/tcpip_heap_alloc.o
LOAD build/default/debug/_ext/1033058136/tcpip_heap_internal.o
LOAD build/default/debug/_ext/1033058136/dhcp.o
LOAD build/default/debug/_ext/1033058136/dns.o
LOAD build/default/debug/_ext/1033058136/hash_fnv.o
LOAD build/default/debug/_ext/1033058136/oahash.o
LOAD build/default/debug/_ext/1033058136/tcpip_helpers.o
LOAD build/default/debug/_ext/1033058136/tcpip_manager.o
LOAD build/default/debug/_ext/1033058136/tcpip_notify.o
LOAD build/default/debug/_ext/1033058136/tcpip_packet.o
LOAD build/default/debug/_ext/1033058136/udp.o
LOAD build/default/debug/_ext/1529399856/osal_freertos.o
LOAD build/default/debug/_ext/1984496892/plib_clock.o
LOAD build/default/debug/_ext/1865131932/plib_cmcc.o
LOAD build/default/debug/_ext/1986646378/plib_evsys.o
LOAD build/default/debug/_ext/1865468468/plib_nvic.o
LOAD build/default/debug/_ext/1593096446/plib_nvmctrl.o
LOAD build/default/debug/_ext/1865521619/plib_port.o
LOAD build/default/debug/_ext/504274921/plib_sercom1_usart.o
LOAD build/default/debug/_ext/829342655/plib_tc0.o
LOAD build/default/debug/_ext/163028504/xc32_monitor.o
LOAD build/default/debug/_ext/1014039709/sys_cache.o
LOAD build/default/debug/_ext/1376093119/sys_command.o
LOAD build/default/debug/_ext/1832805299/sys_console_uart.o
LOAD build/default/debug/_ext/1832805299/sys_console.o
LOAD build/default/debug/_ext/944882569/sys_debug.o
LOAD build/default/debug/_ext/699575981/mpfs.o
LOAD build/default/debug/_ext/1269487135/sys_fs.o
LOAD build/default/debug/_ext/1269487135/sys_fs_media_manager.o
LOAD build/default/debug/_ext/1881668453/sys_int.o
LOAD build/default/debug/_ext/1000052432/sys_reset.o
LOAD build/default/debug/_ext/101884895/sys_time.o
LOAD build/default/debug/_ext/753841488/sys_time_h2_adapter.o
LOAD build/default/debug/_ext/753841488/sys_random_h2_adapter.o
LOAD build/default/debug/_ext/1171490990/initialization.o
LOAD build/default/debug/_ext/1171490990/interrupts.o
LOAD build/default/debug/_ext/1171490990/exceptions.o
LOAD build/default/debug/_ext/1171490990/startup_xc32.o
LOAD build/default/debug/_ext/1171490990/libc_syscalls.o
LOAD build/default/debug/_ext/1171490990/tasks.o
LOAD build/default/debug/_ext/1171490990/freertos_hooks.o
LOAD build/default/debug/_ext/246609638/port.o
LOAD build/default/debug/_ext/1665200909/heap_1.o
LOAD build/default/debug/_ext/404212886/croutine.o
LOAD build/default/debug/_ext/404212886/list.o
LOAD build/default/debug/_ext/404212886/queue.o
LOAD build/default/debug/_ext/404212886/FreeRTOS_tasks.o
LOAD build/default/debug/_ext/404212886/timers.o
LOAD build/default/debug/_ext/404212886/event_groups.o
LOAD build/default/debug/_ext/404212886/stream_buffer.o
LOAD build/default/debug/_ext/172253694/pic32mz-crypt.o
LOAD build/default/debug/_ext/172253694/crypt_aes_sam6149.o
LOAD build/default/debug/_ext/172253694/crypt_aes_u2238.o
LOAD build/default/debug/_ext/172253694/crypt_ecc_ba414e.o
LOAD build/default/debug/_ext/172253694/crypt_ecc_pukcl.o
LOAD build/default/debug/_ext/172253694/crypt_pukcl_functions.o
LOAD build/default/debug/_ext/172253694/crypt_rng_sam6334.o
LOAD build/default/debug/_ext/172253694/crypt_rng_u2242.o
LOAD build/default/debug/_ext/172253694/crypt_rsa_pukcl.o
LOAD build/default/debug/_ext/172253694/crypt_sam_u2803.o
LOAD build/default/debug/_ext/172253694/crypt_sha1_sam11105.o
LOAD build/default/debug/_ext/172253694/crypt_sha1_sam6156.o
LOAD build/default/debug/_ext/172253694/crypt_sha224_sam11105.o
LOAD build/default/debug/_ext/172253694/crypt_sha224_sam6156.o
LOAD build/default/debug/_ext/172253694/crypt_sha256_sam11105.o
LOAD build/default/debug/_ext/172253694/crypt_sha256_sam6156.o
LOAD build/default/debug/_ext/172253694/crypt_sha384_sam6156.o
LOAD build/default/debug/_ext/172253694/crypt_sha512_sam6156.o
LOAD build/default/debug/_ext/172253694/crypt_tdes_sam6150.o
LOAD build/default/debug/_ext/172253694/crypt_wolfcryptcb.o
LOAD build/default/debug/_ext/1664057780/arc4.o
LOAD build/default/debug/_ext/1664057780/asm.o
LOAD build/default/debug/_ext/1664057780/asn.o
LOAD build/default/debug/_ext/1664057780/blake2b.o
LOAD build/default/debug/_ext/1664057780/blake2s.o
LOAD build/default/debug/_ext/1664057780/camellia.o
LOAD build/default/debug/_ext/1664057780/chacha.o
LOAD build/default/debug/_ext/1664057780/chacha20_poly1305.o
LOAD build/default/debug/_ext/1664057780/cmac.o
LOAD build/default/debug/_ext/1664057780/coding.o
LOAD build/default/debug/_ext/1664057780/compress.o
LOAD build/default/debug/_ext/1664057780/cpuid.o
LOAD build/default/debug/_ext/1664057780/cryptocb.o
LOAD build/default/debug/_ext/1664057780/curve25519.o
LOAD build/default/debug/_ext/1664057780/curve448.o
LOAD build/default/debug/_ext/1664057780/dh.o
LOAD build/default/debug/_ext/1664057780/dsa.o
LOAD build/default/debug/_ext/1664057780/ecc_fp.o
LOAD build/default/debug/_ext/1664057780/ed25519.o
LOAD build/default/debug/_ext/1664057780/ed448.o
LOAD build/default/debug/_ext/1664057780/error.o
LOAD build/default/debug/_ext/1664057780/fe_448.o
LOAD build/default/debug/_ext/1664057780/fe_low_mem.o
LOAD build/default/debug/_ext/1664057780/fe_operations.o
LOAD build/default/debug/_ext/1664057780/ge_448.o
LOAD build/default/debug/_ext/1664057780/ge_low_mem.o
LOAD build/default/debug/_ext/1664057780/ge_operations.o
LOAD build/default/debug/_ext/1664057780/hash.o
LOAD build/default/debug/_ext/1664057780/hc128.o
LOAD build/default/debug/_ext/1664057780/hmac.o
LOAD build/default/debug/_ext/1664057780/idea.o
LOAD build/default/debug/_ext/1664057780/integer.o
LOAD build/default/debug/_ext/1664057780/logging.o
LOAD build/default/debug/_ext/1664057780/md2.o
LOAD build/default/debug/_ext/1664057780/md4.o
LOAD build/default/debug/_ext/1664057780/md5.o
LOAD build/default/debug/_ext/1664057780/memory.o
LOAD build/default/debug/_ext/1664057780/pkcs12.o
LOAD build/default/debug/_ext/1664057780/pkcs7.o
LOAD build/default/debug/_ext/1664057780/poly1305.o
LOAD build/default/debug/_ext/1664057780/pwdbased.o
LOAD build/default/debug/_ext/1664057780/rabbit.o
LOAD build/default/debug/_ext/1664057780/rc2.o
LOAD build/default/debug/_ext/1664057780/ripemd.o
LOAD build/default/debug/_ext/1664057780/rsa.o
LOAD build/default/debug/_ext/1664057780/sha3.o
LOAD build/default/debug/_ext/1664057780/signature.o
LOAD build/default/debug/_ext/1664057780/sp_arm32.o
LOAD build/default/debug/_ext/1664057780/sp_arm64.o
LOAD build/default/debug/_ext/1664057780/sp_armthumb.o
LOAD build/default/debug/_ext/1664057780/sp_c32.o
LOAD build/default/debug/_ext/1664057780/sp_c64.o
LOAD build/default/debug/_ext/1664057780/sp_cortexm.o
LOAD build/default/debug/_ext/1664057780/sp_dsp32.o
LOAD build/default/debug/_ext/1664057780/sp_int.o
LOAD build/default/debug/_ext/1664057780/sp_x86_64.o
LOAD build/default/debug/_ext/1664057780/srp.o
LOAD build/default/debug/_ext/1664057780/tfm.o
LOAD build/default/debug/_ext/1664057780/wc_dsp.o
LOAD build/default/debug/_ext/1664057780/wc_encrypt.o
LOAD build/default/debug/_ext/1664057780/wc_pkcs11.o
LOAD build/default/debug/_ext/1664057780/wc_port.o
LOAD build/default/debug/_ext/1664057780/wolfevent.o
LOAD build/default/debug/_ext/1664057780/wolfmath.o
LOAD build/default/debug/_ext/1664057780/aes.o
LOAD build/default/debug/_ext/1664057780/des3.o
LOAD build/default/debug/_ext/1664057780/random.o
LOAD build/default/debug/_ext/1664057780/sha.o
LOAD build/default/debug/_ext/1664057780/sha256.o
LOAD build/default/debug/_ext/1664057780/sha512.o
LOAD build/default/debug/_ext/1664057780/ecc.o
LOAD build/default/debug/_ext/1360937237/main.o
LOAD build/default/debug/_ext/1360937237/custom_snmp_app.o
LOAD build/default/debug/_ext/1360937237/app.o
LOAD build/default/debug/_ext/1360937237/mpfs_img2.o
LOAD build/default/debug/_ext/1360937237/http_print.o
LOAD build/default/debug/_ext/1360937237/custom_http_app.o
LOAD build/default/debug/_ext/1664057780/misc.o
LOAD build/default/debug/_ext/1664057780/evp.o
                0x00000001                __MPLAB_BUILD = 0x1
                0x00100000                __rom_end = (ORIGIN (rom) + LENGTH (rom))
                0x20040000                __ram_end = (ORIGIN (ram) + LENGTH (ram))

.config_00804000
 *(.config_00804000)

.config_00804008
 *(.config_00804008)

.config_00804004
 *(.config_00804004)

.vectors        0x00000000      0x264
                0x00000000                . = ALIGN (0x4)
                0x00000000                _sfixed = .
 *(.vectors .vectors.* .vectors_default .vectors_default.*)
 .vectors.exception_table
                0x00000000      0x264 build/default/debug/_ext/1171490990/interrupts.o
                0x00000000                exception_table
 *(.isr_vector)
 *(.reset*)
 *(.after_vectors)

.text           0x00000264       0x20
                0x00000264                . = ALIGN (0x4)
 *(.glue_7t)
 .glue_7t       0x00000264        0x0 linker stubs
 *(.glue_7)
 .glue_7        0x00000264        0x0 linker stubs
 *(.gnu.linkonce.r.*)
 *(.ARM.extab* .gnu.linkonce.armextab.*)
                0x00000264                . = ALIGN (0x4)
 *(.init)
 .init          0x00000264        0x4 d:/microchip/bin/bin/../../lib/gcc/pic32c/8.3.1/thumb/v7e-m+fp/hard/crti.o
                0x00000264                _init
 .init          0x00000268        0x8 d:/microchip/bin/bin/../../lib/gcc/pic32c/8.3.1/thumb/v7e-m+fp/hard/crtn.o
                0x00000270                . = ALIGN (0x4)
                0x00000270                __preinit_array_start = .
 *(.preinit_array)
                0x00000270                __preinit_array_end = .
                0x00000270                . = ALIGN (0x4)
                0x00000270                __init_array_start = .
 *(SORT_BY_NAME(.init_array.*))
 *(.init_array)
 .init_array    0x00000270        0x4 d:/microchip/bin/bin/../../lib/gcc/pic32c/8.3.1/thumb/v7e-m+fp/hard/crtbegin.o
                0x00000274                __init_array_end = .
                0x00000274                . = ALIGN (0x4)
 *crtbegin.o(.ctors)
 *(EXCLUDE_FILE(*crtend.o) .ctors)
 *(SORT_BY_NAME(.ctors.*))
 *crtend.o(.ctors)
                0x00000274                . = ALIGN (0x4)
 *(.fini)
 .fini          0x00000274        0x4 d:/microchip/bin/bin/../../lib/gcc/pic32c/8.3.1/thumb/v7e-m+fp/hard/crti.o
                0x00000274                _fini
 .fini          0x00000278        0x8 d:/microchip/bin/bin/../../lib/gcc/pic32c/8.3.1/thumb/v7e-m+fp/hard/crtn.o
                0x00000280                . = ALIGN (0x4)
                0x00000280                __fini_array_start = .
 *(.fini_array)
 .fini_array    0x00000280        0x4 d:/microchip/bin/bin/../../lib/gcc/pic32c/8.3.1/thumb/v7e-m+fp/hard/crtbegin.o
 *(SORT_BY_NAME(.fini_array.*))
                0x00000284                __fini_array_end = .
 *crtbegin.o(.dtors)
 *(EXCLUDE_FILE(*crtend.o) .dtors)
 *(SORT_BY_NAME(.dtors.*))
 *crtend.o(.dtors)
                0x00000284                . = ALIGN (0x4)
                0x00000284                _efixed = .
                [!provide]                PROVIDE (__exidx_start = .)

.ARM.exidx      0x00000284        0x8
 *(.ARM.exidx* .gnu.linkonce.armexidx.*)
 .ARM.exidx     0x00000284        0x8 d:/microchip/bin/bin/../../lib/gcc/pic32c/8.3.1/thumb/v7e-m+fp/hard\libgcc.a(_udivmoddi4.o)
                [!provide]                PROVIDE (__exidx_end = .)
                0x0000028c                . = ALIGN (0x4)
                0x0000028c                _etext = .

.bss            0x20000000        0x0
                0x20000000                . = ALIGN (0x4)
                0x20000000                __bss_start__ = .
                0x20000000                _sbss = .
                0x20000000                _szero = .
 *(COMMON)
                0x20000000                . = ALIGN (0x4)
                0x20000000                __bss_end__ = .
                0x20000000                _ebss = .
                0x20000000                _ezero = .
                0x20000000                . = ALIGN (0x4)
                0x20000000                _end = .
                0x2003ffff                _ram_end_ = ((ORIGIN (ram) + LENGTH (ram)) - 0x1)

.bkupram_bss
 *(.bkupram_bss .bkupram_bss.*)
 *(.pbss .pbss.*)
                0x00000001                __ICD2RAM = 0x1
                0x00000001                __MPLAB_DEBUG = 0x1
                0x00000001                __DEBUG = 0x1
                0x00017ac0                _min_heap_size = 0x17ac0
START GROUP
LOAD d:/microchip/bin/bin/../../lib/gcc/pic32c/8.3.1/../../../../pic32c/lib/thumb/v7e-m+fp/hard\libpic32c.a
LOAD d:/microchip/bin/bin/../../lib/gcc/pic32c/8.3.1/../../../../pic32c/lib/thumb/v7e-m+fp/hard\libm-fast-emfloat.a
LOAD d:/microchip/bin/bin/../../lib/gcc/pic32c/8.3.1/../../../../pic32c/lib/thumb/v7e-m+fp/hard\libg-musl.a
LOAD d:/microchip/bin/bin/../../lib/gcc/pic32c/8.3.1/../../../../pic32c/lib/thumb/v7e-m+fp/hard\libc-musl.a
LOAD d:/microchip/bin/bin/../../lib/gcc/pic32c/8.3.1/../../../../pic32c/lib/thumb/v7e-m+fp/hard\libm-fast-emfloat.a
LOAD d:/microchip/bin/bin/../../lib/gcc/pic32c/8.3.1/thumb/v7e-m+fp/hard\libgcc.a
END GROUP
LOAD d:/microchip/bin/bin/../../lib/gcc/pic32c/8.3.1/thumb/v7e-m+fp/hard/crtend.o
LOAD d:/microchip/bin/bin/../../lib/gcc/pic32c/8.3.1/thumb/v7e-m+fp/hard/crtn.o
OUTPUT(dist/default/debug/RackGerenciavel.X.debug.elf elf32-littlearm)
LOAD data_init
LOAD stack

.ARM.attributes
                0x00000000       0x32
 .ARM.attributes
                0x00000000       0x1e d:/microchip/bin/bin/../../lib/gcc/pic32c/8.3.1/thumb/v7e-m+fp/hard/crti.o
 .ARM.attributes
                0x0000001e       0x34 d:/microchip/bin/bin/../../lib/gcc/pic32c/8.3.1/thumb/v7e-m+fp/hard/crtbegin.o
 .ARM.attributes
                0x00000052       0x34 build/default/debug/_ext/1645245335/crypto.o
 .ARM.attributes
                0x00000086       0x34 build/default/debug/_ext/444070925/drv_ethphy.o
 .ARM.attributes
                0x000000ba       0x34 build/default/debug/_ext/444070925/drv_extphy_ksz8081.o
 .ARM.attributes
                0x000000ee       0x34 build/default/debug/_ext/1546807373/drv_gmac.o
 .ARM.attributes
                0x00000122       0x34 build/default/debug/_ext/1546807373/drv_gmac_lib_samE5x.o
 .ARM.attributes
                0x00000156       0x34 build/default/debug/_ext/992804092/drv_memory.o
 .ARM.attributes
                0x0000018a       0x34 build/default/debug/_ext/992804092/drv_memory_file_system.o
 .ARM.attributes
                0x000001be       0x34 build/default/debug/_ext/992804092/drv_memory_nvmctrl.o
 .ARM.attributes
                0x000001f2       0x34 build/default/debug/_ext/438849557/drv_miim.o
 .ARM.attributes
                0x00000226       0x34 build/default/debug/_ext/1751889202/sys_fs_shell.o
 .ARM.attributes
                0x0000025a       0x34 build/default/debug/_ext/1033058136/helpers.o
 .ARM.attributes
                0x0000028e       0x34 build/default/debug/_ext/1033058136/snmp.o
 .ARM.attributes
                0x000002c2       0x34 build/default/debug/_ext/1033058136/icmp.o
 .ARM.attributes
                0x000002f6       0x34 build/default/debug/_ext/1033058136/tcp.o
 .ARM.attributes
                0x0000032a       0x34 build/default/debug/_ext/1033058136/arp.o
 .ARM.attributes
                0x0000035e       0x34 build/default/debug/_ext/1033058136/tcpip_commands.o
 .ARM.attributes
                0x00000392       0x34 build/default/debug/_ext/1033058136/http.o
 .ARM.attributes
                0x000003c6       0x34 build/default/debug/_ext/1033058136/iperf.o
 .ARM.attributes
                0x000003fa       0x34 build/default/debug/_ext/1033058136/ipv4.o
 .ARM.attributes
                0x0000042e       0x34 build/default/debug/_ext/1033058136/tcpip_heap_alloc.o
 .ARM.attributes
                0x00000462       0x34 build/default/debug/_ext/1033058136/tcpip_heap_internal.o
 .ARM.attributes
                0x00000496       0x34 build/default/debug/_ext/1033058136/dhcp.o
 .ARM.attributes
                0x000004ca       0x34 build/default/debug/_ext/1033058136/dns.o
 .ARM.attributes
                0x000004fe       0x34 build/default/debug/_ext/1033058136/hash_fnv.o
 .ARM.attributes
                0x00000532       0x34 build/default/debug/_ext/1033058136/oahash.o
 .ARM.attributes
                0x00000566       0x34 build/default/debug/_ext/1033058136/tcpip_helpers.o
 .ARM.attributes
                0x0000059a       0x34 build/default/debug/_ext/1033058136/tcpip_manager.o
 .ARM.attributes
                0x000005ce       0x34 build/default/debug/_ext/1033058136/tcpip_notify.o
 .ARM.attributes
                0x00000602       0x34 build/default/debug/_ext/1033058136/tcpip_packet.o
 .ARM.attributes
                0x00000636       0x34 build/default/debug/_ext/1033058136/udp.o
 .ARM.attributes
                0x0000066a       0x34 build/default/debug/_ext/1529399856/osal_freertos.o
 .ARM.attributes
                0x0000069e       0x34 build/default/debug/_ext/1984496892/plib_clock.o
 .ARM.attributes
                0x000006d2       0x34 build/default/debug/_ext/1986646378/plib_evsys.o
 .ARM.attributes
                0x00000706       0x34 build/default/debug/_ext/1865468468/plib_nvic.o
 .ARM.attributes
                0x0000073a       0x34 build/default/debug/_ext/1593096446/plib_nvmctrl.o
 .ARM.attributes
                0x0000076e       0x34 build/default/debug/_ext/1865521619/plib_port.o
 .ARM.attributes
                0x000007a2       0x34 build/default/debug/_ext/504274921/plib_sercom1_usart.o
 .ARM.attributes
                0x000007d6       0x34 build/default/debug/_ext/829342655/plib_tc0.o
 .ARM.attributes
                0x0000080a       0x34 build/default/debug/_ext/1376093119/sys_command.o
 .ARM.attributes
                0x0000083e       0x34 build/default/debug/_ext/1832805299/sys_console_uart.o
 .ARM.attributes
                0x00000872       0x34 build/default/debug/_ext/1832805299/sys_console.o
 .ARM.attributes
                0x000008a6       0x34 build/default/debug/_ext/944882569/sys_debug.o
 .ARM.attributes
                0x000008da       0x34 build/default/debug/_ext/699575981/mpfs.o
 .ARM.attributes
                0x0000090e       0x34 build/default/debug/_ext/1269487135/sys_fs.o
 .ARM.attributes
                0x00000942       0x34 build/default/debug/_ext/1269487135/sys_fs_media_manager.o
 .ARM.attributes
                0x00000976       0x34 build/default/debug/_ext/1881668453/sys_int.o
 .ARM.attributes
                0x000009aa       0x34 build/default/debug/_ext/1000052432/sys_reset.o
 .ARM.attributes
                0x000009de       0x34 build/default/debug/_ext/101884895/sys_time.o
 .ARM.attributes
                0x00000a12       0x34 build/default/debug/_ext/753841488/sys_time_h2_adapter.o
 .ARM.attributes
                0x00000a46       0x34 build/default/debug/_ext/753841488/sys_random_h2_adapter.o
 .ARM.attributes
                0x00000a7a       0x34 build/default/debug/_ext/1171490990/initialization.o
 .ARM.attributes
                0x00000aae       0x34 build/default/debug/_ext/1171490990/interrupts.o
 .ARM.attributes
                0x00000ae2       0x34 build/default/debug/_ext/1171490990/exceptions.o
 .ARM.attributes
                0x00000b16       0x34 build/default/debug/_ext/1171490990/startup_xc32.o
 .ARM.attributes
                0x00000b4a       0x34 build/default/debug/_ext/1171490990/tasks.o
 .ARM.attributes
                0x00000b7e       0x34 build/default/debug/_ext/1171490990/freertos_hooks.o
 .ARM.attributes
                0x00000bb2       0x34 build/default/debug/_ext/246609638/port.o
 .ARM.attributes
                0x00000be6       0x34 build/default/debug/_ext/1665200909/heap_1.o
 .ARM.attributes
                0x00000c1a       0x34 build/default/debug/_ext/404212886/list.o
 .ARM.attributes
                0x00000c4e       0x34 build/default/debug/_ext/404212886/queue.o
 .ARM.attributes
                0x00000c82       0x34 build/default/debug/_ext/404212886/FreeRTOS_tasks.o
 .ARM.attributes
                0x00000cb6       0x34 build/default/debug/_ext/172253694/crypt_wolfcryptcb.o
 .ARM.attributes
                0x00000cea       0x34 build/default/debug/_ext/1664057780/cryptocb.o
 .ARM.attributes
                0x00000d1e       0x34 build/default/debug/_ext/1664057780/md5.o
 .ARM.attributes
                0x00000d52       0x34 build/default/debug/_ext/1664057780/random.o
 .ARM.attributes
                0x00000d86       0x34 build/default/debug/_ext/1664057780/sha256.o
 .ARM.attributes
                0x00000dba       0x34 build/default/debug/_ext/1360937237/main.o
 .ARM.attributes
                0x00000dee       0x34 build/default/debug/_ext/1360937237/custom_snmp_app.o
 .ARM.attributes
                0x00000e22       0x34 build/default/debug/_ext/1360937237/app.o
 .ARM.attributes
                0x00000e56       0x39 build/default/debug/_ext/1360937237/mpfs_img2.o
 .ARM.attributes
                0x00000e8f       0x34 build/default/debug/_ext/1360937237/http_print.o
 .ARM.attributes
                0x00000ec3       0x34 build/default/debug/_ext/1360937237/custom_http_app.o
 .ARM.attributes
                0x00000ef7       0x34 d:/microchip/bin/bin/../../lib/gcc/pic32c/8.3.1/../../../../pic32c/lib/thumb/v7e-m+fp/hard\libpic32c.a(data_init.o)
 .ARM.attributes
                0x00000f2b       0x20 d:/microchip/bin/bin/../../lib/gcc/pic32c/8.3.1/../../../../pic32c/lib/thumb/v7e-m+fp/hard\libm-fast-emfloat.a(__aeabi_dadd.o)
 .ARM.attributes
                0x00000f4b       0x20 d:/microchip/bin/bin/../../lib/gcc/pic32c/8.3.1/../../../../pic32c/lib/thumb/v7e-m+fp/hard\libm-fast-emfloat.a(__aeabi_dsub.o)
 .ARM.attributes
                0x00000f6b       0x20 d:/microchip/bin/bin/../../lib/gcc/pic32c/8.3.1/../../../../pic32c/lib/thumb/v7e-m+fp/hard\libm-fast-emfloat.a(__aeabi_dmul.o)
 .ARM.attributes
                0x00000f8b       0x20 d:/microchip/bin/bin/../../lib/gcc/pic32c/8.3.1/../../../../pic32c/lib/thumb/v7e-m+fp/hard\libm-fast-emfloat.a(__aeabi_ddiv.o)
 .ARM.attributes
                0x00000fab       0x20 d:/microchip/bin/bin/../../lib/gcc/pic32c/8.3.1/../../../../pic32c/lib/thumb/v7e-m+fp/hard\libm-fast-emfloat.a(__aeabi_dcmpgt.o)
 .ARM.attributes
                0x00000fcb       0x20 d:/microchip/bin/bin/../../lib/gcc/pic32c/8.3.1/../../../../pic32c/lib/thumb/v7e-m+fp/hard\libm-fast-emfloat.a(__aeabi_d2uiz.o)
 .ARM.attributes
                0x00000feb       0x20 d:/microchip/bin/bin/../../lib/gcc/pic32c/8.3.1/../../../../pic32c/lib/thumb/v7e-m+fp/hard\libm-fast-emfloat.a(__aeabi_i2d.o)
 .ARM.attributes
                0x0000100b       0x20 d:/microchip/bin/bin/../../lib/gcc/pic32c/8.3.1/../../../../pic32c/lib/thumb/v7e-m+fp/hard\libm-fast-emfloat.a(__aeabi_ui2d.o)
 .ARM.attributes
                0x0000102b       0x36 d:/microchip/bin/bin/../../lib/gcc/pic32c/8.3.1/../../../../pic32c/lib/thumb/v7e-m+fp/hard\libg-musl.a(isalnum.o)
 .ARM.attributes
                0x00001061       0x36 d:/microchip/bin/bin/../../lib/gcc/pic32c/8.3.1/../../../../pic32c/lib/thumb/v7e-m+fp/hard\libg-musl.a(isxdigit.o)
 .ARM.attributes
                0x00001097       0x36 d:/microchip/bin/bin/../../lib/gcc/pic32c/8.3.1/../../../../pic32c/lib/thumb/v7e-m+fp/hard\libg-musl.a(tolower.o)
 .ARM.attributes
                0x000010cd       0x36 d:/microchip/bin/bin/../../lib/gcc/pic32c/8.3.1/../../../../pic32c/lib/thumb/v7e-m+fp/hard\libg-musl.a(toupper.o)
 .ARM.attributes
                0x00001103       0x36 d:/microchip/bin/bin/../../lib/gcc/pic32c/8.3.1/../../../../pic32c/lib/thumb/v7e-m+fp/hard\libg-musl.a(__libc_start_main.o)
 .ARM.attributes
                0x00001139       0x34 d:/microchip/bin/bin/../../lib/gcc/pic32c/8.3.1/../../../../pic32c/lib/thumb/v7e-m+fp/hard\libg-musl.a(libc.o)
 .ARM.attributes
                0x0000116d       0x36 d:/microchip/bin/bin/../../lib/gcc/pic32c/8.3.1/../../../../pic32c/lib/thumb/v7e-m+fp/hard\libg-musl.a(calloc.o)
 .ARM.attributes
                0x000011a3       0x36 d:/microchip/bin/bin/../../lib/gcc/pic32c/8.3.1/../../../../pic32c/lib/thumb/v7e-m+fp/hard\libg-musl.a(malloc.o)
 .ARM.attributes
                0x000011d9       0x36 d:/microchip/bin/bin/../../lib/gcc/pic32c/8.3.1/../../../../pic32c/lib/thumb/v7e-m+fp/hard\libg-musl.a(expand_heap.o)
 .ARM.attributes
                0x0000120f       0x36 d:/microchip/bin/bin/../../lib/gcc/pic32c/8.3.1/../../../../pic32c/lib/thumb/v7e-m+fp/hard\libg-musl.a(rand.o)
 .ARM.attributes
                0x00001245       0x36 d:/microchip/bin/bin/../../lib/gcc/pic32c/8.3.1/../../../../pic32c/lib/thumb/v7e-m+fp/hard\libg-musl.a(vsnprintf.o)
 .ARM.attributes
                0x0000127b       0x36 d:/microchip/bin/bin/../../lib/gcc/pic32c/8.3.1/../../../../pic32c/lib/thumb/v7e-m+fp/hard\libg-musl.a(snprintf.o)
 .ARM.attributes
                0x000012b1       0x36 d:/microchip/bin/bin/../../lib/gcc/pic32c/8.3.1/../../../../pic32c/lib/thumb/v7e-m+fp/hard\libg-musl.a(sprintf.o)
 .ARM.attributes
                0x000012e7       0x36 d:/microchip/bin/bin/../../lib/gcc/pic32c/8.3.1/../../../../pic32c/lib/thumb/v7e-m+fp/hard\libg-musl.a(vsprintf.o)
 .ARM.attributes
                0x0000131d       0x36 d:/microchip/bin/bin/../../lib/gcc/pic32c/8.3.1/../../../../pic32c/lib/thumb/v7e-m+fp/hard\libg-musl.a(atoi.o)
 .ARM.attributes
                0x00001353       0x36 d:/microchip/bin/bin/../../lib/gcc/pic32c/8.3.1/../../../../pic32c/lib/thumb/v7e-m+fp/hard\libg-musl.a(atol.o)
 .ARM.attributes
                0x00001389       0x36 d:/microchip/bin/bin/../../lib/gcc/pic32c/8.3.1/../../../../pic32c/lib/thumb/v7e-m+fp/hard\libg-musl.a(strtol.o)
 .ARM.attributes
                0x000013bf       0x36 d:/microchip/bin/bin/../../lib/gcc/pic32c/8.3.1/../../../../pic32c/lib/thumb/v7e-m+fp/hard\libg-musl.a(memcmp.o)
 .ARM.attributes
                0x000013f5       0x36 d:/microchip/bin/bin/../../lib/gcc/pic32c/8.3.1/../../../../pic32c/lib/thumb/v7e-m+fp/hard\libg-musl.a(memcpy.o)
 .ARM.attributes
                0x0000142b       0x36 d:/microchip/bin/bin/../../lib/gcc/pic32c/8.3.1/../../../../pic32c/lib/thumb/v7e-m+fp/hard\libg-musl.a(memset.o)
 .ARM.attributes
                0x00001461       0x36 d:/microchip/bin/bin/../../lib/gcc/pic32c/8.3.1/../../../../pic32c/lib/thumb/v7e-m+fp/hard\libg-musl.a(strlen.o)
 .ARM.attributes
                0x00001497       0x36 d:/microchip/bin/bin/../../lib/gcc/pic32c/8.3.1/../../../../pic32c/lib/thumb/v7e-m+fp/hard\libg-musl.a(strstr.o)
 .ARM.attributes
                0x000014cd       0x36 d:/microchip/bin/bin/../../lib/gcc/pic32c/8.3.1/../../../../pic32c/lib/thumb/v7e-m+fp/hard\libg-musl.a(strchr.o)
 .ARM.attributes
                0x00001503       0x36 d:/microchip/bin/bin/../../lib/gcc/pic32c/8.3.1/../../../../pic32c/lib/thumb/v7e-m+fp/hard\libg-musl.a(strchrnul.o)
 .ARM.attributes
                0x00001539       0x36 d:/microchip/bin/bin/../../lib/gcc/pic32c/8.3.1/../../../../pic32c/lib/thumb/v7e-m+fp/hard\libg-musl.a(strcmp.o)
 .ARM.attributes
                0x0000156f       0x36 d:/microchip/bin/bin/../../lib/gcc/pic32c/8.3.1/../../../../pic32c/lib/thumb/v7e-m+fp/hard\libg-musl.a(strcpy.o)
 .ARM.attributes
                0x000015a5       0x36 d:/microchip/bin/bin/../../lib/gcc/pic32c/8.3.1/../../../../pic32c/lib/thumb/v7e-m+fp/hard\libg-musl.a(strncmp.o)
 .ARM.attributes
                0x000015db       0x36 d:/microchip/bin/bin/../../lib/gcc/pic32c/8.3.1/../../../../pic32c/lib/thumb/v7e-m+fp/hard\libg-musl.a(strncpy.o)
 .ARM.attributes
                0x00001611       0x36 d:/microchip/bin/bin/../../lib/gcc/pic32c/8.3.1/../../../../pic32c/lib/thumb/v7e-m+fp/hard\libg-musl.a(strtok.o)
 .ARM.attributes
                0x00001647       0x34 d:/microchip/bin/bin/../../lib/gcc/pic32c/8.3.1/../../../../pic32c/lib/thumb/v7e-m+fp/hard\libg-musl.a(__environ.o)
 .ARM.attributes
                0x0000167b       0x34 d:/microchip/bin/bin/../../lib/gcc/pic32c/8.3.1/../../../../pic32c/lib/thumb/v7e-m+fp/hard\libg-musl.a(__errno_location.o)
 .ARM.attributes
                0x000016af       0x36 d:/microchip/bin/bin/../../lib/gcc/pic32c/8.3.1/../../../../pic32c/lib/thumb/v7e-m+fp/hard\libg-musl.a(intscan.o)
 .ARM.attributes
                0x000016e5       0x36 d:/microchip/bin/bin/../../lib/gcc/pic32c/8.3.1/../../../../pic32c/lib/thumb/v7e-m+fp/hard\libg-musl.a(shgetc.o)
 .ARM.attributes
                0x0000171b       0x36 d:/microchip/bin/bin/../../lib/gcc/pic32c/8.3.1/../../../../pic32c/lib/thumb/v7e-m+fp/hard\libg-musl.a(__uflow.o)
 .ARM.attributes
                0x00001751       0x36 d:/microchip/bin/bin/../../lib/gcc/pic32c/8.3.1/../../../../pic32c/lib/thumb/v7e-m+fp/hard\libg-musl.a(vfprintf.o)
 .ARM.attributes
                0x00001787       0x36 d:/microchip/bin/bin/../../lib/gcc/pic32c/8.3.1/../../../../pic32c/lib/thumb/v7e-m+fp/hard\libg-musl.a(stpcpy.o)
 .ARM.attributes
                0x000017bd       0x36 d:/microchip/bin/bin/../../lib/gcc/pic32c/8.3.1/../../../../pic32c/lib/thumb/v7e-m+fp/hard\libg-musl.a(stpncpy.o)
 .ARM.attributes
                0x000017f3       0x36 d:/microchip/bin/bin/../../lib/gcc/pic32c/8.3.1/../../../../pic32c/lib/thumb/v7e-m+fp/hard\libg-musl.a(strcspn.o)
 .ARM.attributes
                0x00001829       0x36 d:/microchip/bin/bin/../../lib/gcc/pic32c/8.3.1/../../../../pic32c/lib/thumb/v7e-m+fp/hard\libg-musl.a(strspn.o)
 .ARM.attributes
                0x0000185f       0x36 d:/microchip/bin/bin/../../lib/gcc/pic32c/8.3.1/../../../../pic32c/lib/thumb/v7e-m+fp/hard\libg-musl.a(__toread.o)
 .ARM.attributes
                0x00001895       0x36 d:/microchip/bin/bin/../../lib/gcc/pic32c/8.3.1/../../../../pic32c/lib/thumb/v7e-m+fp/hard\libg-musl.a(__pop_float.o)
 .ARM.attributes
                0x000018cb       0x36 d:/microchip/bin/bin/../../lib/gcc/pic32c/8.3.1/../../../../pic32c/lib/thumb/v7e-m+fp/hard\libg-musl.a(__pop_int.o)
 .ARM.attributes
                0x00001901       0x36 d:/microchip/bin/bin/../../lib/gcc/pic32c/8.3.1/../../../../pic32c/lib/thumb/v7e-m+fp/hard\libg-musl.a(__pop_ptr.o)
 .ARM.attributes
                0x00001937       0x36 d:/microchip/bin/bin/../../lib/gcc/pic32c/8.3.1/../../../../pic32c/lib/thumb/v7e-m+fp/hard\libg-musl.a(__printf_core.o)
 .ARM.attributes
                0x0000196d       0x36 d:/microchip/bin/bin/../../lib/gcc/pic32c/8.3.1/../../../../pic32c/lib/thumb/v7e-m+fp/hard\libg-musl.a(__fmt_a.o)
 .ARM.attributes
                0x000019a3       0x36 d:/microchip/bin/bin/../../lib/gcc/pic32c/8.3.1/../../../../pic32c/lib/thumb/v7e-m+fp/hard\libg-musl.a(__fmt_d.o)
 .ARM.attributes
                0x000019d9       0x36 d:/microchip/bin/bin/../../lib/gcc/pic32c/8.3.1/../../../../pic32c/lib/thumb/v7e-m+fp/hard\libg-musl.a(__fmt_fp.o)
 .ARM.attributes
                0x00001a0f       0x36 d:/microchip/bin/bin/../../lib/gcc/pic32c/8.3.1/../../../../pic32c/lib/thumb/v7e-m+fp/hard\libg-musl.a(__fmt_o.o)
 .ARM.attributes
                0x00001a45       0x36 d:/microchip/bin/bin/../../lib/gcc/pic32c/8.3.1/../../../../pic32c/lib/thumb/v7e-m+fp/hard\libg-musl.a(__fmt_s.o)
 .ARM.attributes
                0x00001a7b       0x36 d:/microchip/bin/bin/../../lib/gcc/pic32c/8.3.1/../../../../pic32c/lib/thumb/v7e-m+fp/hard\libg-musl.a(__fmt_u.o)
 .ARM.attributes
                0x00001ab1       0x36 d:/microchip/bin/bin/../../lib/gcc/pic32c/8.3.1/../../../../pic32c/lib/thumb/v7e-m+fp/hard\libg-musl.a(__fmt_x.o)
 .ARM.attributes
                0x00001ae7       0x36 d:/microchip/bin/bin/../../lib/gcc/pic32c/8.3.1/../../../../pic32c/lib/thumb/v7e-m+fp/hard\libg-musl.a(__cvt_u.o)
 .ARM.attributes
                0x00001b1d       0x34 d:/microchip/bin/bin/../../lib/gcc/pic32c/8.3.1/../../../../pic32c/lib/thumb/v7e-m+fp/hard\libm-fast-emfloat.a(fma.o)
 .ARM.attributes
                0x00001b51       0x34 d:/microchip/bin/bin/../../lib/gcc/pic32c/8.3.1/../../../../pic32c/lib/thumb/v7e-m+fp/hard\libm-fast-emfloat.a(floor.o)
 .ARM.attributes
                0x00001b85       0x20 d:/microchip/bin/bin/../../lib/gcc/pic32c/8.3.1/../../../../pic32c/lib/thumb/v7e-m+fp/hard\libm-fast-emfloat.a(__aeabi_dcmple.o)
 .ARM.attributes
                0x00001ba5       0x20 d:/microchip/bin/bin/../../lib/gcc/pic32c/8.3.1/../../../../pic32c/lib/thumb/v7e-m+fp/hard\libm-fast-emfloat.a(__aeabi_dcmpeq.o)
 .ARM.attributes
                0x00001bc5       0x20 d:/microchip/bin/bin/../../lib/gcc/pic32c/8.3.1/../../../../pic32c/lib/thumb/v7e-m+fp/hard\libm-fast-emfloat.a(__aeabi_dcmplt.o)
 .ARM.attributes
                0x00001be5       0x20 d:/microchip/bin/bin/../../lib/gcc/pic32c/8.3.1/../../../../pic32c/lib/thumb/v7e-m+fp/hard\libm-fast-emfloat.a(__aeabi_d2iz.o)
 .ARM.attributes
                0x00001c05       0x1e d:/microchip/bin/bin/../../lib/gcc/pic32c/8.3.1/thumb/v7e-m+fp/hard\libgcc.a(_aeabi_uldivmod.o)
 .ARM.attributes
                0x00001c23       0x34 d:/microchip/bin/bin/../../lib/gcc/pic32c/8.3.1/thumb/v7e-m+fp/hard\libgcc.a(_udivmoddi4.o)
 .ARM.attributes
                0x00001c57       0x1e d:/microchip/bin/bin/../../lib/gcc/pic32c/8.3.1/thumb/v7e-m+fp/hard\libgcc.a(_dvmd_tls.o)
 .ARM.attributes
                0x00001c75       0x34 d:/microchip/bin/bin/../../lib/gcc/pic32c/8.3.1/../../../../pic32c/lib/thumb/v7e-m+fp/hard\libpic32c.a(sbrk.o)
 .ARM.attributes
                0x00001ca9       0x1e d:/microchip/bin/bin/../../lib/gcc/pic32c/8.3.1/thumb/v7e-m+fp/hard/crtn.o
 .ARM.attributes
                0x00001cc7       0x34 d:/microchip/bin/bin/../../lib/gcc/pic32c/8.3.1/../../../../pic32c/lib/thumb/v7e-m+fp/hard\libpic32c.a(pic32_data_init_clear.o)
 .ARM.attributes
                0x00001cfb       0x34 d:/microchip/bin/bin/../../lib/gcc/pic32c/8.3.1/../../../../pic32c/lib/thumb/v7e-m+fp/hard\libpic32c.a(pic32_data_init_copy_emb.o)
 .ARM.attributes
                0x00001d2f       0x34 d:/microchip/bin/bin/../../lib/gcc/pic32c/8.3.1/../../../../pic32c/lib/thumb/v7e-m+fp/hard\libpic32c.a(pic32_data_init_copy.o)

.comment        0x00000000       0x2b
 .comment       0x00000000       0x2b d:/microchip/bin/bin/../../lib/gcc/pic32c/8.3.1/thumb/v7e-m+fp/hard/crtbegin.o
                                 0x2c (size before relaxing)
 .comment       0x0000002b       0x2c build/default/debug/_ext/1645245335/crypto.o
 .comment       0x0000002b       0x2c build/default/debug/_ext/444070925/drv_ethphy.o
 .comment       0x0000002b       0x2c build/default/debug/_ext/444070925/drv_extphy_ksz8081.o
 .comment       0x0000002b       0x2c build/default/debug/_ext/1546807373/drv_gmac.o
 .comment       0x0000002b       0x2c build/default/debug/_ext/1546807373/drv_gmac_lib_samE5x.o
 .comment       0x0000002b       0x2c build/default/debug/_ext/992804092/drv_memory.o
 .comment       0x0000002b       0x2c build/default/debug/_ext/992804092/drv_memory_file_system.o
 .comment       0x0000002b       0x2c build/default/debug/_ext/992804092/drv_memory_nvmctrl.o
 .comment       0x0000002b       0x2c build/default/debug/_ext/438849557/drv_miim.o
 .comment       0x0000002b       0x2c build/default/debug/_ext/1751889202/sys_fs_shell.o
 .comment       0x0000002b       0x2c build/default/debug/_ext/1033058136/helpers.o
 .comment       0x0000002b       0x2c build/default/debug/_ext/1033058136/snmp.o
 .comment       0x0000002b       0x2c build/default/debug/_ext/1033058136/icmp.o
 .comment       0x0000002b       0x2c build/default/debug/_ext/1033058136/tcp.o
 .comment       0x0000002b       0x2c build/default/debug/_ext/1033058136/arp.o
 .comment       0x0000002b       0x2c build/default/debug/_ext/1033058136/tcpip_commands.o
 .comment       0x0000002b       0x2c build/default/debug/_ext/1033058136/http.o
 .comment       0x0000002b       0x2c build/default/debug/_ext/1033058136/iperf.o
 .comment       0x0000002b       0x2c build/default/debug/_ext/1033058136/ipv4.o
 .comment       0x0000002b       0x2c build/default/debug/_ext/1033058136/tcpip_heap_alloc.o
 .comment       0x0000002b       0x2c build/default/debug/_ext/1033058136/tcpip_heap_internal.o
 .comment       0x0000002b       0x2c build/default/debug/_ext/1033058136/dhcp.o
 .comment       0x0000002b       0x2c build/default/debug/_ext/1033058136/dns.o
 .comment       0x0000002b       0x2c build/default/debug/_ext/1033058136/hash_fnv.o
 .comment       0x0000002b       0x2c build/default/debug/_ext/1033058136/oahash.o
 .comment       0x0000002b       0x2c build/default/debug/_ext/1033058136/tcpip_helpers.o
 .comment       0x0000002b       0x2c build/default/debug/_ext/1033058136/tcpip_manager.o
 .comment       0x0000002b       0x2c build/default/debug/_ext/1033058136/tcpip_notify.o
 .comment       0x0000002b       0x2c build/default/debug/_ext/1033058136/tcpip_packet.o
 .comment       0x0000002b       0x2c build/default/debug/_ext/1033058136/udp.o
 .comment       0x0000002b       0x2c build/default/debug/_ext/1529399856/osal_freertos.o
 .comment       0x0000002b       0x2c build/default/debug/_ext/1984496892/plib_clock.o
 .comment       0x0000002b       0x2c build/default/debug/_ext/1986646378/plib_evsys.o
 .comment       0x0000002b       0x2c build/default/debug/_ext/1865468468/plib_nvic.o
 .comment       0x0000002b       0x2c build/default/debug/_ext/1593096446/plib_nvmctrl.o
 .comment       0x0000002b       0x2c build/default/debug/_ext/1865521619/plib_port.o
 .comment       0x0000002b       0x2c build/default/debug/_ext/504274921/plib_sercom1_usart.o
 .comment       0x0000002b       0x2c build/default/debug/_ext/829342655/plib_tc0.o
 .comment       0x0000002b       0x2c build/default/debug/_ext/1376093119/sys_command.o
 .comment       0x0000002b       0x2c build/default/debug/_ext/1832805299/sys_console_uart.o
 .comment       0x0000002b       0x2c build/default/debug/_ext/1832805299/sys_console.o
 .comment       0x0000002b       0x2c build/default/debug/_ext/944882569/sys_debug.o
 .comment       0x0000002b       0x2c build/default/debug/_ext/699575981/mpfs.o
 .comment       0x0000002b       0x2c build/default/debug/_ext/1269487135/sys_fs.o
 .comment       0x0000002b       0x2c build/default/debug/_ext/1269487135/sys_fs_media_manager.o
 .comment       0x0000002b       0x2c build/default/debug/_ext/1881668453/sys_int.o
 .comment       0x0000002b       0x2c build/default/debug/_ext/1000052432/sys_reset.o
 .comment       0x0000002b       0x2c build/default/debug/_ext/101884895/sys_time.o
 .comment       0x0000002b       0x2c build/default/debug/_ext/753841488/sys_time_h2_adapter.o
 .comment       0x0000002b       0x2c build/default/debug/_ext/753841488/sys_random_h2_adapter.o
 .comment       0x0000002b       0x2c build/default/debug/_ext/1171490990/initialization.o
 .comment       0x0000002b       0x2c build/default/debug/_ext/1171490990/interrupts.o
 .comment       0x0000002b       0x2c build/default/debug/_ext/1171490990/exceptions.o
 .comment       0x0000002b       0x2c build/default/debug/_ext/1171490990/startup_xc32.o
 .comment       0x0000002b       0x2c build/default/debug/_ext/1171490990/tasks.o
 .comment       0x0000002b       0x2c build/default/debug/_ext/1171490990/freertos_hooks.o
 .comment       0x0000002b       0x2c build/default/debug/_ext/246609638/port.o
 .comment       0x0000002b       0x2c build/default/debug/_ext/1665200909/heap_1.o
 .comment       0x0000002b       0x2c build/default/debug/_ext/404212886/list.o
 .comment       0x0000002b       0x2c build/default/debug/_ext/404212886/queue.o
 .comment       0x0000002b       0x2c build/default/debug/_ext/404212886/FreeRTOS_tasks.o
 .comment       0x0000002b       0x2c build/default/debug/_ext/172253694/crypt_wolfcryptcb.o
 .comment       0x0000002b       0x2c build/default/debug/_ext/1664057780/cryptocb.o
 .comment       0x0000002b       0x2c build/default/debug/_ext/1664057780/md5.o
 .comment       0x0000002b       0x2c build/default/debug/_ext/1664057780/random.o
 .comment       0x0000002b       0x2c build/default/debug/_ext/1664057780/sha256.o
 .comment       0x0000002b       0x2c build/default/debug/_ext/1360937237/main.o
 .comment       0x0000002b       0x2c build/default/debug/_ext/1360937237/custom_snmp_app.o
 .comment       0x0000002b       0x2c build/default/debug/_ext/1360937237/app.o
 .comment       0x0000002b       0x2c build/default/debug/_ext/1360937237/mpfs_img2.o
 .comment       0x0000002b       0x2c build/default/debug/_ext/1360937237/http_print.o
 .comment       0x0000002b       0x2c build/default/debug/_ext/1360937237/custom_http_app.o
 .comment       0x0000002b       0x2c d:/microchip/bin/bin/../../lib/gcc/pic32c/8.3.1/../../../../pic32c/lib/thumb/v7e-m+fp/hard\libpic32c.a(data_init.o)
 .comment       0x0000002b       0x2c d:/microchip/bin/bin/../../lib/gcc/pic32c/8.3.1/../../../../pic32c/lib/thumb/v7e-m+fp/hard\libg-musl.a(isalnum.o)
 .comment       0x0000002b       0x2c d:/microchip/bin/bin/../../lib/gcc/pic32c/8.3.1/../../../../pic32c/lib/thumb/v7e-m+fp/hard\libg-musl.a(isxdigit.o)
 .comment       0x0000002b       0x2c d:/microchip/bin/bin/../../lib/gcc/pic32c/8.3.1/../../../../pic32c/lib/thumb/v7e-m+fp/hard\libg-musl.a(tolower.o)
 .comment       0x0000002b       0x2c d:/microchip/bin/bin/../../lib/gcc/pic32c/8.3.1/../../../../pic32c/lib/thumb/v7e-m+fp/hard\libg-musl.a(toupper.o)
 .comment       0x0000002b       0x2c d:/microchip/bin/bin/../../lib/gcc/pic32c/8.3.1/../../../../pic32c/lib/thumb/v7e-m+fp/hard\libg-musl.a(__libc_start_main.o)
 .comment       0x0000002b       0x2c d:/microchip/bin/bin/../../lib/gcc/pic32c/8.3.1/../../../../pic32c/lib/thumb/v7e-m+fp/hard\libg-musl.a(libc.o)
 .comment       0x0000002b       0x2c d:/microchip/bin/bin/../../lib/gcc/pic32c/8.3.1/../../../../pic32c/lib/thumb/v7e-m+fp/hard\libg-musl.a(calloc.o)
 .comment       0x0000002b       0x2c d:/microchip/bin/bin/../../lib/gcc/pic32c/8.3.1/../../../../pic32c/lib/thumb/v7e-m+fp/hard\libg-musl.a(malloc.o)
 .comment       0x0000002b       0x2c d:/microchip/bin/bin/../../lib/gcc/pic32c/8.3.1/../../../../pic32c/lib/thumb/v7e-m+fp/hard\libg-musl.a(expand_heap.o)
 .comment       0x0000002b       0x2c d:/microchip/bin/bin/../../lib/gcc/pic32c/8.3.1/../../../../pic32c/lib/thumb/v7e-m+fp/hard\libg-musl.a(rand.o)
 .comment       0x0000002b       0x2c d:/microchip/bin/bin/../../lib/gcc/pic32c/8.3.1/../../../../pic32c/lib/thumb/v7e-m+fp/hard\libg-musl.a(vsnprintf.o)
 .comment       0x0000002b       0x2c d:/microchip/bin/bin/../../lib/gcc/pic32c/8.3.1/../../../../pic32c/lib/thumb/v7e-m+fp/hard\libg-musl.a(snprintf.o)
 .comment       0x0000002b       0x2c d:/microchip/bin/bin/../../lib/gcc/pic32c/8.3.1/../../../../pic32c/lib/thumb/v7e-m+fp/hard\libg-musl.a(sprintf.o)
 .comment       0x0000002b       0x2c d:/microchip/bin/bin/../../lib/gcc/pic32c/8.3.1/../../../../pic32c/lib/thumb/v7e-m+fp/hard\libg-musl.a(vsprintf.o)
 .comment       0x0000002b       0x2c d:/microchip/bin/bin/../../lib/gcc/pic32c/8.3.1/../../../../pic32c/lib/thumb/v7e-m+fp/hard\libg-musl.a(atoi.o)
 .comment       0x0000002b       0x2c d:/microchip/bin/bin/../../lib/gcc/pic32c/8.3.1/../../../../pic32c/lib/thumb/v7e-m+fp/hard\libg-musl.a(atol.o)
 .comment       0x0000002b       0x2c d:/microchip/bin/bin/../../lib/gcc/pic32c/8.3.1/../../../../pic32c/lib/thumb/v7e-m+fp/hard\libg-musl.a(strtol.o)
 .comment       0x0000002b       0x2c d:/microchip/bin/bin/../../lib/gcc/pic32c/8.3.1/../../../../pic32c/lib/thumb/v7e-m+fp/hard\libg-musl.a(memcmp.o)
 .comment       0x0000002b       0x2c d:/microchip/bin/bin/../../lib/gcc/pic32c/8.3.1/../../../../pic32c/lib/thumb/v7e-m+fp/hard\libg-musl.a(memcpy.o)
 .comment       0x0000002b       0x2c d:/microchip/bin/bin/../../lib/gcc/pic32c/8.3.1/../../../../pic32c/lib/thumb/v7e-m+fp/hard\libg-musl.a(memset.o)
 .comment       0x0000002b       0x2c d:/microchip/bin/bin/../../lib/gcc/pic32c/8.3.1/../../../../pic32c/lib/thumb/v7e-m+fp/hard\libg-musl.a(strlen.o)
 .comment       0x0000002b       0x2c d:/microchip/bin/bin/../../lib/gcc/pic32c/8.3.1/../../../../pic32c/lib/thumb/v7e-m+fp/hard\libg-musl.a(strstr.o)
 .comment       0x0000002b       0x2c d:/microchip/bin/bin/../../lib/gcc/pic32c/8.3.1/../../../../pic32c/lib/thumb/v7e-m+fp/hard\libg-musl.a(strchr.o)
 .comment       0x0000002b       0x2c d:/microchip/bin/bin/../../lib/gcc/pic32c/8.3.1/../../../../pic32c/lib/thumb/v7e-m+fp/hard\libg-musl.a(strchrnul.o)
 .comment       0x0000002b       0x2c d:/microchip/bin/bin/../../lib/gcc/pic32c/8.3.1/../../../../pic32c/lib/thumb/v7e-m+fp/hard\libg-musl.a(strcmp.o)
 .comment       0x0000002b       0x2c d:/microchip/bin/bin/../../lib/gcc/pic32c/8.3.1/../../../../pic32c/lib/thumb/v7e-m+fp/hard\libg-musl.a(strcpy.o)
 .comment       0x0000002b       0x2c d:/microchip/bin/bin/../../lib/gcc/pic32c/8.3.1/../../../../pic32c/lib/thumb/v7e-m+fp/hard\libg-musl.a(strncmp.o)
 .comment       0x0000002b       0x2c d:/microchip/bin/bin/../../lib/gcc/pic32c/8.3.1/../../../../pic32c/lib/thumb/v7e-m+fp/hard\libg-musl.a(strncpy.o)
 .comment       0x0000002b       0x2c d:/microchip/bin/bin/../../lib/gcc/pic32c/8.3.1/../../../../pic32c/lib/thumb/v7e-m+fp/hard\libg-musl.a(strtok.o)
 .comment       0x0000002b       0x2c d:/microchip/bin/bin/../../lib/gcc/pic32c/8.3.1/../../../../pic32c/lib/thumb/v7e-m+fp/hard\libg-musl.a(__environ.o)
 .comment       0x0000002b       0x2c d:/microchip/bin/bin/../../lib/gcc/pic32c/8.3.1/../../../../pic32c/lib/thumb/v7e-m+fp/hard\libg-musl.a(__errno_location.o)
 .comment       0x0000002b       0x2c d:/microchip/bin/bin/../../lib/gcc/pic32c/8.3.1/../../../../pic32c/lib/thumb/v7e-m+fp/hard\libg-musl.a(intscan.o)
 .comment       0x0000002b       0x2c d:/microchip/bin/bin/../../lib/gcc/pic32c/8.3.1/../../../../pic32c/lib/thumb/v7e-m+fp/hard\libg-musl.a(shgetc.o)
 .comment       0x0000002b       0x2c d:/microchip/bin/bin/../../lib/gcc/pic32c/8.3.1/../../../../pic32c/lib/thumb/v7e-m+fp/hard\libg-musl.a(__uflow.o)
 .comment       0x0000002b       0x2c d:/microchip/bin/bin/../../lib/gcc/pic32c/8.3.1/../../../../pic32c/lib/thumb/v7e-m+fp/hard\libg-musl.a(vfprintf.o)
 .comment       0x0000002b       0x2c d:/microchip/bin/bin/../../lib/gcc/pic32c/8.3.1/../../../../pic32c/lib/thumb/v7e-m+fp/hard\libg-musl.a(stpcpy.o)
 .comment       0x0000002b       0x2c d:/microchip/bin/bin/../../lib/gcc/pic32c/8.3.1/../../../../pic32c/lib/thumb/v7e-m+fp/hard\libg-musl.a(stpncpy.o)
 .comment       0x0000002b       0x2c d:/microchip/bin/bin/../../lib/gcc/pic32c/8.3.1/../../../../pic32c/lib/thumb/v7e-m+fp/hard\libg-musl.a(strcspn.o)
 .comment       0x0000002b       0x2c d:/microchip/bin/bin/../../lib/gcc/pic32c/8.3.1/../../../../pic32c/lib/thumb/v7e-m+fp/hard\libg-musl.a(strspn.o)
 .comment       0x0000002b       0x2c d:/microchip/bin/bin/../../lib/gcc/pic32c/8.3.1/../../../../pic32c/lib/thumb/v7e-m+fp/hard\libg-musl.a(__toread.o)
 .comment       0x0000002b       0x2c d:/microchip/bin/bin/../../lib/gcc/pic32c/8.3.1/../../../../pic32c/lib/thumb/v7e-m+fp/hard\libg-musl.a(__pop_float.o)
 .comment       0x0000002b       0x2c d:/microchip/bin/bin/../../lib/gcc/pic32c/8.3.1/../../../../pic32c/lib/thumb/v7e-m+fp/hard\libg-musl.a(__pop_int.o)
 .comment       0x0000002b       0x2c d:/microchip/bin/bin/../../lib/gcc/pic32c/8.3.1/../../../../pic32c/lib/thumb/v7e-m+fp/hard\libg-musl.a(__pop_ptr.o)
 .comment       0x0000002b       0x2c d:/microchip/bin/bin/../../lib/gcc/pic32c/8.3.1/../../../../pic32c/lib/thumb/v7e-m+fp/hard\libg-musl.a(__printf_core.o)
 .comment       0x0000002b       0x2c d:/microchip/bin/bin/../../lib/gcc/pic32c/8.3.1/../../../../pic32c/lib/thumb/v7e-m+fp/hard\libg-musl.a(__fmt_a.o)
 .comment       0x0000002b       0x2c d:/microchip/bin/bin/../../lib/gcc/pic32c/8.3.1/../../../../pic32c/lib/thumb/v7e-m+fp/hard\libg-musl.a(__fmt_d.o)
 .comment       0x0000002b       0x2c d:/microchip/bin/bin/../../lib/gcc/pic32c/8.3.1/../../../../pic32c/lib/thumb/v7e-m+fp/hard\libg-musl.a(__fmt_fp.o)
 .comment       0x0000002b       0x2c d:/microchip/bin/bin/../../lib/gcc/pic32c/8.3.1/../../../../pic32c/lib/thumb/v7e-m+fp/hard\libg-musl.a(__fmt_o.o)
 .comment       0x0000002b       0x2c d:/microchip/bin/bin/../../lib/gcc/pic32c/8.3.1/../../../../pic32c/lib/thumb/v7e-m+fp/hard\libg-musl.a(__fmt_s.o)
 .comment       0x0000002b       0x2c d:/microchip/bin/bin/../../lib/gcc/pic32c/8.3.1/../../../../pic32c/lib/thumb/v7e-m+fp/hard\libg-musl.a(__fmt_u.o)
 .comment       0x0000002b       0x2c d:/microchip/bin/bin/../../lib/gcc/pic32c/8.3.1/../../../../pic32c/lib/thumb/v7e-m+fp/hard\libg-musl.a(__fmt_x.o)
 .comment       0x0000002b       0x2c d:/microchip/bin/bin/../../lib/gcc/pic32c/8.3.1/../../../../pic32c/lib/thumb/v7e-m+fp/hard\libg-musl.a(__cvt_u.o)
 .comment       0x0000002b       0x2c d:/microchip/bin/bin/../../lib/gcc/pic32c/8.3.1/../../../../pic32c/lib/thumb/v7e-m+fp/hard\libm-fast-emfloat.a(fma.o)
 .comment       0x0000002b       0x2c d:/microchip/bin/bin/../../lib/gcc/pic32c/8.3.1/../../../../pic32c/lib/thumb/v7e-m+fp/hard\libm-fast-emfloat.a(floor.o)
 .comment       0x0000002b       0x2c d:/microchip/bin/bin/../../lib/gcc/pic32c/8.3.1/thumb/v7e-m+fp/hard\libgcc.a(_udivmoddi4.o)
 .comment       0x0000002b       0x2c d:/microchip/bin/bin/../../lib/gcc/pic32c/8.3.1/../../../../pic32c/lib/thumb/v7e-m+fp/hard\libpic32c.a(sbrk.o)
 .comment       0x0000002b       0x2c d:/microchip/bin/bin/../../lib/gcc/pic32c/8.3.1/../../../../pic32c/lib/thumb/v7e-m+fp/hard\libpic32c.a(pic32_data_init_clear.o)
 .comment       0x0000002b       0x2c d:/microchip/bin/bin/../../lib/gcc/pic32c/8.3.1/../../../../pic32c/lib/thumb/v7e-m+fp/hard\libpic32c.a(pic32_data_init_copy_emb.o)
 .comment       0x0000002b       0x2c d:/microchip/bin/bin/../../lib/gcc/pic32c/8.3.1/../../../../pic32c/lib/thumb/v7e-m+fp/hard\libpic32c.a(pic32_data_init_copy.o)

.debug_info     0x00000000    0xf8144
 .debug_info    0x00000000     0x3f57 build/default/debug/_ext/1645245335/crypto.o
 .debug_info    0x00003f57     0x7c99 build/default/debug/_ext/444070925/drv_ethphy.o
 .debug_info    0x0000bbf0     0x1d2d build/default/debug/_ext/444070925/drv_extphy_ksz8081.o
 .debug_info    0x0000d91d     0xa102 build/default/debug/_ext/1546807373/drv_gmac.o
 .debug_info    0x00017a1f     0x882c build/default/debug/_ext/1546807373/drv_gmac_lib_samE5x.o
 .debug_info    0x0002024b     0x34cc build/default/debug/_ext/992804092/drv_memory.o
 .debug_info    0x00023717      0xc78 build/default/debug/_ext/992804092/drv_memory_file_system.o
 .debug_info    0x0002438f      0xa1f build/default/debug/_ext/992804092/drv_memory_nvmctrl.o
 .debug_info    0x00024dae     0x44e2 build/default/debug/_ext/438849557/drv_miim.o
 .debug_info    0x00029290     0x215e build/default/debug/_ext/1751889202/sys_fs_shell.o
 .debug_info    0x0002b3ee      0x6e0 build/default/debug/_ext/1033058136/helpers.o
 .debug_info    0x0002bace     0xbd0e build/default/debug/_ext/1033058136/snmp.o
 .debug_info    0x000377dc     0x4bc2 build/default/debug/_ext/1033058136/icmp.o
 .debug_info    0x0003c39e     0xbead build/default/debug/_ext/1033058136/tcp.o
 .debug_info    0x0004824b     0x6f74 build/default/debug/_ext/1033058136/arp.o
 .debug_info    0x0004f1bf     0x9a31 build/default/debug/_ext/1033058136/tcpip_commands.o
 .debug_info    0x00058bf0     0x7baf build/default/debug/_ext/1033058136/http.o
 .debug_info    0x0006079f     0x7ced build/default/debug/_ext/1033058136/iperf.o
 .debug_info    0x0006848c     0x7c72 build/default/debug/_ext/1033058136/ipv4.o
 .debug_info    0x000700fe      0xd82 build/default/debug/_ext/1033058136/tcpip_heap_alloc.o
 .debug_info    0x00070e80     0x17ef build/default/debug/_ext/1033058136/tcpip_heap_internal.o
 .debug_info    0x0007266f     0x9c46 build/default/debug/_ext/1033058136/dhcp.o
 .debug_info    0x0007c2b5     0x7f12 build/default/debug/_ext/1033058136/dns.o
 .debug_info    0x000841c7      0x43d build/default/debug/_ext/1033058136/hash_fnv.o
 .debug_info    0x00084604      0xb89 build/default/debug/_ext/1033058136/oahash.o
 .debug_info    0x0008518d     0x4064 build/default/debug/_ext/1033058136/tcpip_helpers.o
 .debug_info    0x000891f1     0xc4de build/default/debug/_ext/1033058136/tcpip_manager.o
 .debug_info    0x000956cf      0xe21 build/default/debug/_ext/1033058136/tcpip_notify.o
 .debug_info    0x000964f0     0x3845 build/default/debug/_ext/1033058136/tcpip_packet.o
 .debug_info    0x00099d35     0x9310 build/default/debug/_ext/1033058136/udp.o
 .debug_info    0x000a3045      0xbab build/default/debug/_ext/1529399856/osal_freertos.o
 .debug_info    0x000a3bf0      0xb6b build/default/debug/_ext/1984496892/plib_clock.o
 .debug_info    0x000a475b      0x327 build/default/debug/_ext/1986646378/plib_evsys.o
 .debug_info    0x000a4a82     0x15db build/default/debug/_ext/1865468468/plib_nvic.o
 .debug_info    0x000a605d      0xe66 build/default/debug/_ext/1593096446/plib_nvmctrl.o
 .debug_info    0x000a6ec3      0xfb1 build/default/debug/_ext/1865521619/plib_port.o
 .debug_info    0x000a7e74     0x2104 build/default/debug/_ext/504274921/plib_sercom1_usart.o
 .debug_info    0x000a9f78      0xc8d build/default/debug/_ext/829342655/plib_tc0.o
 .debug_info    0x000aac05     0x2792 build/default/debug/_ext/1376093119/sys_command.o
 .debug_info    0x000ad397     0x165b build/default/debug/_ext/1832805299/sys_console_uart.o
 .debug_info    0x000ae9f2     0x141f build/default/debug/_ext/1832805299/sys_console.o
 .debug_info    0x000afe11      0x791 build/default/debug/_ext/944882569/sys_debug.o
 .debug_info    0x000b05a2     0x19e3 build/default/debug/_ext/699575981/mpfs.o
 .debug_info    0x000b1f85     0x3535 build/default/debug/_ext/1269487135/sys_fs.o
 .debug_info    0x000b54ba     0x28d2 build/default/debug/_ext/1269487135/sys_fs_media_manager.o
 .debug_info    0x000b7d8c     0x11a1 build/default/debug/_ext/1881668453/sys_int.o
 .debug_info    0x000b8f2d      0x5b5 build/default/debug/_ext/1000052432/sys_reset.o
 .debug_info    0x000b94e2     0x3049 build/default/debug/_ext/101884895/sys_time.o
 .debug_info    0x000bc52b      0x664 build/default/debug/_ext/753841488/sys_time_h2_adapter.o
 .debug_info    0x000bcb8f      0x678 build/default/debug/_ext/753841488/sys_random_h2_adapter.o
 .debug_info    0x000bd207     0x8498 build/default/debug/_ext/1171490990/initialization.o
 .debug_info    0x000c569f     0x196f build/default/debug/_ext/1171490990/interrupts.o
 .debug_info    0x000c700e      0x3e9 build/default/debug/_ext/1171490990/exceptions.o
 .debug_info    0x000c73f7      0x8a2 build/default/debug/_ext/1171490990/startup_xc32.o
 .debug_info    0x000c7c99      0xa4f build/default/debug/_ext/1171490990/tasks.o
 .debug_info    0x000c86e8      0x539 build/default/debug/_ext/1171490990/freertos_hooks.o
 .debug_info    0x000c8c21      0x794 build/default/debug/_ext/246609638/port.o
 .debug_info    0x000c93b5      0x514 build/default/debug/_ext/1665200909/heap_1.o
 .debug_info    0x000c98c9      0x641 build/default/debug/_ext/404212886/list.o
 .debug_info    0x000c9f0a     0x2153 build/default/debug/_ext/404212886/queue.o
 .debug_info    0x000cc05d     0x2e7b build/default/debug/_ext/404212886/FreeRTOS_tasks.o
 .debug_info    0x000ceed8     0x21b1 build/default/debug/_ext/172253694/crypt_wolfcryptcb.o
 .debug_info    0x000d1089     0x4421 build/default/debug/_ext/1664057780/cryptocb.o
 .debug_info    0x000d54aa     0x248d build/default/debug/_ext/1664057780/md5.o
 .debug_info    0x000d7937     0x3aca build/default/debug/_ext/1664057780/random.o
 .debug_info    0x000db401     0x3aed build/default/debug/_ext/1664057780/sha256.o
 .debug_info    0x000deeee      0x340 build/default/debug/_ext/1360937237/main.o
 .debug_info    0x000df22e     0x1c8a build/default/debug/_ext/1360937237/custom_snmp_app.o
 .debug_info    0x000e0eb8      0xa0a build/default/debug/_ext/1360937237/app.o
 .debug_info    0x000e18c2      0x66c build/default/debug/_ext/1360937237/mpfs_img2.o
 .debug_info    0x000e1f2e      0x8ae build/default/debug/_ext/1360937237/http_print.o
 .debug_info    0x000e27dc     0x4dfe build/default/debug/_ext/1360937237/custom_http_app.o
 .debug_info    0x000e75da      0x2c3 d:/microchip/bin/bin/../../lib/gcc/pic32c/8.3.1/../../../../pic32c/lib/thumb/v7e-m+fp/hard\libpic32c.a(data_init.o)
 .debug_info    0x000e789d      0x350 d:/microchip/bin/bin/../../lib/gcc/pic32c/8.3.1/../../../../pic32c/lib/thumb/v7e-m+fp/hard\libg-musl.a(isalnum.o)
 .debug_info    0x000e7bed      0x353 d:/microchip/bin/bin/../../lib/gcc/pic32c/8.3.1/../../../../pic32c/lib/thumb/v7e-m+fp/hard\libg-musl.a(isxdigit.o)
 .debug_info    0x000e7f40      0x350 d:/microchip/bin/bin/../../lib/gcc/pic32c/8.3.1/../../../../pic32c/lib/thumb/v7e-m+fp/hard\libg-musl.a(tolower.o)
 .debug_info    0x000e8290      0x350 d:/microchip/bin/bin/../../lib/gcc/pic32c/8.3.1/../../../../pic32c/lib/thumb/v7e-m+fp/hard\libg-musl.a(toupper.o)
 .debug_info    0x000e85e0      0x620 d:/microchip/bin/bin/../../lib/gcc/pic32c/8.3.1/../../../../pic32c/lib/thumb/v7e-m+fp/hard\libg-musl.a(__libc_start_main.o)
 .debug_info    0x000e8c00      0x532 d:/microchip/bin/bin/../../lib/gcc/pic32c/8.3.1/../../../../pic32c/lib/thumb/v7e-m+fp/hard\libg-musl.a(libc.o)
 .debug_info    0x000e9132      0x2dc d:/microchip/bin/bin/../../lib/gcc/pic32c/8.3.1/../../../../pic32c/lib/thumb/v7e-m+fp/hard\libg-musl.a(calloc.o)
 .debug_info    0x000e940e     0x13a2 d:/microchip/bin/bin/../../lib/gcc/pic32c/8.3.1/../../../../pic32c/lib/thumb/v7e-m+fp/hard\libg-musl.a(malloc.o)
 .debug_info    0x000ea7b0      0x379 d:/microchip/bin/bin/../../lib/gcc/pic32c/8.3.1/../../../../pic32c/lib/thumb/v7e-m+fp/hard\libg-musl.a(expand_heap.o)
 .debug_info    0x000eab29      0x329 d:/microchip/bin/bin/../../lib/gcc/pic32c/8.3.1/../../../../pic32c/lib/thumb/v7e-m+fp/hard\libg-musl.a(rand.o)
 .debug_info    0x000eae52      0x6fe d:/microchip/bin/bin/../../lib/gcc/pic32c/8.3.1/../../../../pic32c/lib/thumb/v7e-m+fp/hard\libg-musl.a(vsnprintf.o)
 .debug_info    0x000eb550      0x344 d:/microchip/bin/bin/../../lib/gcc/pic32c/8.3.1/../../../../pic32c/lib/thumb/v7e-m+fp/hard\libg-musl.a(snprintf.o)
 .debug_info    0x000eb894      0x31a d:/microchip/bin/bin/../../lib/gcc/pic32c/8.3.1/../../../../pic32c/lib/thumb/v7e-m+fp/hard\libg-musl.a(sprintf.o)
 .debug_info    0x000ebbae      0x314 d:/microchip/bin/bin/../../lib/gcc/pic32c/8.3.1/../../../../pic32c/lib/thumb/v7e-m+fp/hard\libg-musl.a(vsprintf.o)
 .debug_info    0x000ebec2      0x2f8 d:/microchip/bin/bin/../../lib/gcc/pic32c/8.3.1/../../../../pic32c/lib/thumb/v7e-m+fp/hard\libg-musl.a(atoi.o)
 .debug_info    0x000ec1ba      0x2f8 d:/microchip/bin/bin/../../lib/gcc/pic32c/8.3.1/../../../../pic32c/lib/thumb/v7e-m+fp/hard\libg-musl.a(atol.o)
 .debug_info    0x000ec4b2      0x9f0 d:/microchip/bin/bin/../../lib/gcc/pic32c/8.3.1/../../../../pic32c/lib/thumb/v7e-m+fp/hard\libg-musl.a(strtol.o)
 .debug_info    0x000ecea2      0x2df d:/microchip/bin/bin/../../lib/gcc/pic32c/8.3.1/../../../../pic32c/lib/thumb/v7e-m+fp/hard\libg-musl.a(memcmp.o)
 .debug_info    0x000ed181      0x2f8 d:/microchip/bin/bin/../../lib/gcc/pic32c/8.3.1/../../../../pic32c/lib/thumb/v7e-m+fp/hard\libg-musl.a(memcpy.o)
 .debug_info    0x000ed479      0x2bc d:/microchip/bin/bin/../../lib/gcc/pic32c/8.3.1/../../../../pic32c/lib/thumb/v7e-m+fp/hard\libg-musl.a(memset.o)
 .debug_info    0x000ed735      0x2a7 d:/microchip/bin/bin/../../lib/gcc/pic32c/8.3.1/../../../../pic32c/lib/thumb/v7e-m+fp/hard\libg-musl.a(strlen.o)
 .debug_info    0x000ed9dc      0x2c8 d:/microchip/bin/bin/../../lib/gcc/pic32c/8.3.1/../../../../pic32c/lib/thumb/v7e-m+fp/hard\libg-musl.a(strstr.o)
 .debug_info    0x000edca4      0x2c5 d:/microchip/bin/bin/../../lib/gcc/pic32c/8.3.1/../../../../pic32c/lib/thumb/v7e-m+fp/hard\libg-musl.a(strchr.o)
 .debug_info    0x000edf69      0x38d d:/microchip/bin/bin/../../lib/gcc/pic32c/8.3.1/../../../../pic32c/lib/thumb/v7e-m+fp/hard\libg-musl.a(strchrnul.o)
 .debug_info    0x000ee2f6      0x288 d:/microchip/bin/bin/../../lib/gcc/pic32c/8.3.1/../../../../pic32c/lib/thumb/v7e-m+fp/hard\libg-musl.a(strcmp.o)
 .debug_info    0x000ee57e      0x2b1 d:/microchip/bin/bin/../../lib/gcc/pic32c/8.3.1/../../../../pic32c/lib/thumb/v7e-m+fp/hard\libg-musl.a(strcpy.o)
 .debug_info    0x000ee82f      0x2ed d:/microchip/bin/bin/../../lib/gcc/pic32c/8.3.1/../../../../pic32c/lib/thumb/v7e-m+fp/hard\libg-musl.a(strncmp.o)
 .debug_info    0x000eeb1c      0x2d6 d:/microchip/bin/bin/../../lib/gcc/pic32c/8.3.1/../../../../pic32c/lib/thumb/v7e-m+fp/hard\libg-musl.a(strncpy.o)
 .debug_info    0x000eedf2      0x2f3 d:/microchip/bin/bin/../../lib/gcc/pic32c/8.3.1/../../../../pic32c/lib/thumb/v7e-m+fp/hard\libg-musl.a(strtok.o)
 .debug_info    0x000ef0e5      0x2ac d:/microchip/bin/bin/../../lib/gcc/pic32c/8.3.1/../../../../pic32c/lib/thumb/v7e-m+fp/hard\libg-musl.a(__environ.o)
 .debug_info    0x000ef391      0x270 d:/microchip/bin/bin/../../lib/gcc/pic32c/8.3.1/../../../../pic32c/lib/thumb/v7e-m+fp/hard\libg-musl.a(__errno_location.o)
 .debug_info    0x000ef601      0x84a d:/microchip/bin/bin/../../lib/gcc/pic32c/8.3.1/../../../../pic32c/lib/thumb/v7e-m+fp/hard\libg-musl.a(intscan.o)
 .debug_info    0x000efe4b      0x641 d:/microchip/bin/bin/../../lib/gcc/pic32c/8.3.1/../../../../pic32c/lib/thumb/v7e-m+fp/hard\libg-musl.a(shgetc.o)
 .debug_info    0x000f048c      0x612 d:/microchip/bin/bin/../../lib/gcc/pic32c/8.3.1/../../../../pic32c/lib/thumb/v7e-m+fp/hard\libg-musl.a(__uflow.o)
 .debug_info    0x000f0a9e      0x6bf d:/microchip/bin/bin/../../lib/gcc/pic32c/8.3.1/../../../../pic32c/lib/thumb/v7e-m+fp/hard\libg-musl.a(vfprintf.o)
 .debug_info    0x000f115d      0x2b9 d:/microchip/bin/bin/../../lib/gcc/pic32c/8.3.1/../../../../pic32c/lib/thumb/v7e-m+fp/hard\libg-musl.a(stpcpy.o)
 .debug_info    0x000f1416      0x2f5 d:/microchip/bin/bin/../../lib/gcc/pic32c/8.3.1/../../../../pic32c/lib/thumb/v7e-m+fp/hard\libg-musl.a(stpncpy.o)
 .debug_info    0x000f170b      0x318 d:/microchip/bin/bin/../../lib/gcc/pic32c/8.3.1/../../../../pic32c/lib/thumb/v7e-m+fp/hard\libg-musl.a(strcspn.o)
 .debug_info    0x000f1a23      0x2fd d:/microchip/bin/bin/../../lib/gcc/pic32c/8.3.1/../../../../pic32c/lib/thumb/v7e-m+fp/hard\libg-musl.a(strspn.o)
 .debug_info    0x000f1d20      0x62c d:/microchip/bin/bin/../../lib/gcc/pic32c/8.3.1/../../../../pic32c/lib/thumb/v7e-m+fp/hard\libg-musl.a(__toread.o)
 .debug_info    0x000f234c      0x3da d:/microchip/bin/bin/../../lib/gcc/pic32c/8.3.1/../../../../pic32c/lib/thumb/v7e-m+fp/hard\libg-musl.a(__pop_float.o)
 .debug_info    0x000f2726      0x3fe d:/microchip/bin/bin/../../lib/gcc/pic32c/8.3.1/../../../../pic32c/lib/thumb/v7e-m+fp/hard\libg-musl.a(__pop_int.o)
 .debug_info    0x000f2b24      0x404 d:/microchip/bin/bin/../../lib/gcc/pic32c/8.3.1/../../../../pic32c/lib/thumb/v7e-m+fp/hard\libg-musl.a(__pop_ptr.o)
 .debug_info    0x000f2f28      0xd6b d:/microchip/bin/bin/../../lib/gcc/pic32c/8.3.1/../../../../pic32c/lib/thumb/v7e-m+fp/hard\libg-musl.a(__printf_core.o)
 .debug_info    0x000f3c93      0x904 d:/microchip/bin/bin/../../lib/gcc/pic32c/8.3.1/../../../../pic32c/lib/thumb/v7e-m+fp/hard\libg-musl.a(__fmt_a.o)
 .debug_info    0x000f4597      0x5bf d:/microchip/bin/bin/../../lib/gcc/pic32c/8.3.1/../../../../pic32c/lib/thumb/v7e-m+fp/hard\libg-musl.a(__fmt_d.o)
 .debug_info    0x000f4b56      0x948 d:/microchip/bin/bin/../../lib/gcc/pic32c/8.3.1/../../../../pic32c/lib/thumb/v7e-m+fp/hard\libg-musl.a(__fmt_fp.o)
 .debug_info    0x000f549e      0x590 d:/microchip/bin/bin/../../lib/gcc/pic32c/8.3.1/../../../../pic32c/lib/thumb/v7e-m+fp/hard\libg-musl.a(__fmt_o.o)
 .debug_info    0x000f5a2e      0x534 d:/microchip/bin/bin/../../lib/gcc/pic32c/8.3.1/../../../../pic32c/lib/thumb/v7e-m+fp/hard\libg-musl.a(__fmt_s.o)
 .debug_info    0x000f5f62      0x590 d:/microchip/bin/bin/../../lib/gcc/pic32c/8.3.1/../../../../pic32c/lib/thumb/v7e-m+fp/hard\libg-musl.a(__fmt_u.o)
 .debug_info    0x000f64f2      0x5c0 d:/microchip/bin/bin/../../lib/gcc/pic32c/8.3.1/../../../../pic32c/lib/thumb/v7e-m+fp/hard\libg-musl.a(__fmt_x.o)
 .debug_info    0x000f6ab2      0x440 d:/microchip/bin/bin/../../lib/gcc/pic32c/8.3.1/../../../../pic32c/lib/thumb/v7e-m+fp/hard\libg-musl.a(__cvt_u.o)
 .debug_info    0x000f6ef2       0x26 d:/microchip/bin/bin/../../lib/gcc/pic32c/8.3.1/thumb/v7e-m+fp/hard\libgcc.a(_aeabi_uldivmod.o)
 .debug_info    0x000f6f18      0x7a9 d:/microchip/bin/bin/../../lib/gcc/pic32c/8.3.1/thumb/v7e-m+fp/hard\libgcc.a(_udivmoddi4.o)
 .debug_info    0x000f76c1       0x26 d:/microchip/bin/bin/../../lib/gcc/pic32c/8.3.1/thumb/v7e-m+fp/hard\libgcc.a(_dvmd_tls.o)
 .debug_info    0x000f76e7      0x283 d:/microchip/bin/bin/../../lib/gcc/pic32c/8.3.1/../../../../pic32c/lib/thumb/v7e-m+fp/hard\libpic32c.a(sbrk.o)
 .debug_info    0x000f796a      0x29c d:/microchip/bin/bin/../../lib/gcc/pic32c/8.3.1/../../../../pic32c/lib/thumb/v7e-m+fp/hard\libpic32c.a(pic32_data_init_clear.o)
 .debug_info    0x000f7c06      0x2a3 d:/microchip/bin/bin/../../lib/gcc/pic32c/8.3.1/../../../../pic32c/lib/thumb/v7e-m+fp/hard\libpic32c.a(pic32_data_init_copy_emb.o)
 .debug_info    0x000f7ea9      0x29b d:/microchip/bin/bin/../../lib/gcc/pic32c/8.3.1/../../../../pic32c/lib/thumb/v7e-m+fp/hard\libpic32c.a(pic32_data_init_copy.o)

.debug_abbrev   0x00000000    0x123ee
 .debug_abbrev  0x00000000      0x388 build/default/debug/_ext/1645245335/crypto.o
 .debug_abbrev  0x00000388      0x53e build/default/debug/_ext/444070925/drv_ethphy.o
 .debug_abbrev  0x000008c6      0x28c build/default/debug/_ext/444070925/drv_extphy_ksz8081.o
 .debug_abbrev  0x00000b52      0x656 build/default/debug/_ext/1546807373/drv_gmac.o
 .debug_abbrev  0x000011a8      0x614 build/default/debug/_ext/1546807373/drv_gmac_lib_samE5x.o
 .debug_abbrev  0x000017bc      0x4e3 build/default/debug/_ext/992804092/drv_memory.o
 .debug_abbrev  0x00001c9f      0x15c build/default/debug/_ext/992804092/drv_memory_file_system.o
 .debug_abbrev  0x00001dfb      0x173 build/default/debug/_ext/992804092/drv_memory_nvmctrl.o
 .debug_abbrev  0x00001f6e      0x63d build/default/debug/_ext/438849557/drv_miim.o
 .debug_abbrev  0x000025ab      0x373 build/default/debug/_ext/1751889202/sys_fs_shell.o
 .debug_abbrev  0x0000291e      0x1c1 build/default/debug/_ext/1033058136/helpers.o
 .debug_abbrev  0x00002adf      0x6b4 build/default/debug/_ext/1033058136/snmp.o
 .debug_abbrev  0x00003193      0x57d build/default/debug/_ext/1033058136/icmp.o
 .debug_abbrev  0x00003710      0x6ae build/default/debug/_ext/1033058136/tcp.o
 .debug_abbrev  0x00003dbe      0x5f7 build/default/debug/_ext/1033058136/arp.o
 .debug_abbrev  0x000043b5      0x54c build/default/debug/_ext/1033058136/tcpip_commands.o
 .debug_abbrev  0x00004901      0x5d7 build/default/debug/_ext/1033058136/http.o
 .debug_abbrev  0x00004ed8      0x572 build/default/debug/_ext/1033058136/iperf.o
 .debug_abbrev  0x0000544a      0x59b build/default/debug/_ext/1033058136/ipv4.o
 .debug_abbrev  0x000059e5      0x174 build/default/debug/_ext/1033058136/tcpip_heap_alloc.o
 .debug_abbrev  0x00005b59      0x37a build/default/debug/_ext/1033058136/tcpip_heap_internal.o
 .debug_abbrev  0x00005ed3      0x652 build/default/debug/_ext/1033058136/dhcp.o
 .debug_abbrev  0x00006525      0x5a0 build/default/debug/_ext/1033058136/dns.o
 .debug_abbrev  0x00006ac5       0xc7 build/default/debug/_ext/1033058136/hash_fnv.o
 .debug_abbrev  0x00006b8c      0x2f9 build/default/debug/_ext/1033058136/oahash.o
 .debug_abbrev  0x00006e85      0x508 build/default/debug/_ext/1033058136/tcpip_helpers.o
 .debug_abbrev  0x0000738d      0x737 build/default/debug/_ext/1033058136/tcpip_manager.o
 .debug_abbrev  0x00007ac4      0x238 build/default/debug/_ext/1033058136/tcpip_notify.o
 .debug_abbrev  0x00007cfc      0x508 build/default/debug/_ext/1033058136/tcpip_packet.o
 .debug_abbrev  0x00008204      0x639 build/default/debug/_ext/1033058136/udp.o
 .debug_abbrev  0x0000883d      0x1ea build/default/debug/_ext/1529399856/osal_freertos.o
 .debug_abbrev  0x00008a27      0x122 build/default/debug/_ext/1984496892/plib_clock.o
 .debug_abbrev  0x00008b49       0x3b build/default/debug/_ext/1986646378/plib_evsys.o
 .debug_abbrev  0x00008b84      0x20f build/default/debug/_ext/1865468468/plib_nvic.o
 .debug_abbrev  0x00008d93      0x245 build/default/debug/_ext/1593096446/plib_nvmctrl.o
 .debug_abbrev  0x00008fd8      0x1d6 build/default/debug/_ext/1865521619/plib_port.o
 .debug_abbrev  0x000091ae      0x47f build/default/debug/_ext/504274921/plib_sercom1_usart.o
 .debug_abbrev  0x0000962d      0x1e6 build/default/debug/_ext/829342655/plib_tc0.o
 .debug_abbrev  0x00009813      0x491 build/default/debug/_ext/1376093119/sys_command.o
 .debug_abbrev  0x00009ca4      0x347 build/default/debug/_ext/1832805299/sys_console_uart.o
 .debug_abbrev  0x00009feb      0x385 build/default/debug/_ext/1832805299/sys_console.o
 .debug_abbrev  0x0000a370      0x17c build/default/debug/_ext/944882569/sys_debug.o
 .debug_abbrev  0x0000a4ec      0x389 build/default/debug/_ext/699575981/mpfs.o
 .debug_abbrev  0x0000a875      0x4a6 build/default/debug/_ext/1269487135/sys_fs.o
 .debug_abbrev  0x0000ad1b      0x4d5 build/default/debug/_ext/1269487135/sys_fs_media_manager.o
 .debug_abbrev  0x0000b1f0      0x240 build/default/debug/_ext/1881668453/sys_int.o
 .debug_abbrev  0x0000b430       0xef build/default/debug/_ext/1000052432/sys_reset.o
 .debug_abbrev  0x0000b51f      0x557 build/default/debug/_ext/101884895/sys_time.o
 .debug_abbrev  0x0000ba76      0x164 build/default/debug/_ext/753841488/sys_time_h2_adapter.o
 .debug_abbrev  0x0000bbda      0x18d build/default/debug/_ext/753841488/sys_random_h2_adapter.o
 .debug_abbrev  0x0000bd67      0x39c build/default/debug/_ext/1171490990/initialization.o
 .debug_abbrev  0x0000c103       0xda build/default/debug/_ext/1171490990/interrupts.o
 .debug_abbrev  0x0000c1dd       0x3e build/default/debug/_ext/1171490990/exceptions.o
 .debug_abbrev  0x0000c21b      0x1db build/default/debug/_ext/1171490990/startup_xc32.o
 .debug_abbrev  0x0000c3f6      0x146 build/default/debug/_ext/1171490990/tasks.o
 .debug_abbrev  0x0000c53c      0x14e build/default/debug/_ext/1171490990/freertos_hooks.o
 .debug_abbrev  0x0000c68a      0x226 build/default/debug/_ext/246609638/port.o
 .debug_abbrev  0x0000c8b0      0x16c build/default/debug/_ext/1665200909/heap_1.o
 .debug_abbrev  0x0000ca1c      0x15e build/default/debug/_ext/404212886/list.o
 .debug_abbrev  0x0000cb7a      0x399 build/default/debug/_ext/404212886/queue.o
 .debug_abbrev  0x0000cf13      0x466 build/default/debug/_ext/404212886/FreeRTOS_tasks.o
 .debug_abbrev  0x0000d379      0x211 build/default/debug/_ext/172253694/crypt_wolfcryptcb.o
 .debug_abbrev  0x0000d58a      0x3cb build/default/debug/_ext/1664057780/cryptocb.o
 .debug_abbrev  0x0000d955      0x2d4 build/default/debug/_ext/1664057780/md5.o
 .debug_abbrev  0x0000dc29      0x426 build/default/debug/_ext/1664057780/random.o
 .debug_abbrev  0x0000e04f      0x3c1 build/default/debug/_ext/1664057780/sha256.o
 .debug_abbrev  0x0000e410       0x77 build/default/debug/_ext/1360937237/main.o
 .debug_abbrev  0x0000e487      0x348 build/default/debug/_ext/1360937237/custom_snmp_app.o
 .debug_abbrev  0x0000e7cf      0x143 build/default/debug/_ext/1360937237/app.o
 .debug_abbrev  0x0000e912       0xd3 build/default/debug/_ext/1360937237/mpfs_img2.o
 .debug_abbrev  0x0000e9e5       0xfc build/default/debug/_ext/1360937237/http_print.o
 .debug_abbrev  0x0000eae1      0x49e build/default/debug/_ext/1360937237/custom_http_app.o
 .debug_abbrev  0x0000ef7f       0x44 d:/microchip/bin/bin/../../lib/gcc/pic32c/8.3.1/../../../../pic32c/lib/thumb/v7e-m+fp/hard\libpic32c.a(data_init.o)
 .debug_abbrev  0x0000efc3       0xfd d:/microchip/bin/bin/../../lib/gcc/pic32c/8.3.1/../../../../pic32c/lib/thumb/v7e-m+fp/hard\libg-musl.a(isalnum.o)
 .debug_abbrev  0x0000f0c0       0xfd d:/microchip/bin/bin/../../lib/gcc/pic32c/8.3.1/../../../../pic32c/lib/thumb/v7e-m+fp/hard\libg-musl.a(isxdigit.o)
 .debug_abbrev  0x0000f1bd       0xfd d:/microchip/bin/bin/../../lib/gcc/pic32c/8.3.1/../../../../pic32c/lib/thumb/v7e-m+fp/hard\libg-musl.a(tolower.o)
 .debug_abbrev  0x0000f2ba       0xfd d:/microchip/bin/bin/../../lib/gcc/pic32c/8.3.1/../../../../pic32c/lib/thumb/v7e-m+fp/hard\libg-musl.a(toupper.o)
 .debug_abbrev  0x0000f3b7      0x117 d:/microchip/bin/bin/../../lib/gcc/pic32c/8.3.1/../../../../pic32c/lib/thumb/v7e-m+fp/hard\libg-musl.a(__libc_start_main.o)
 .debug_abbrev  0x0000f4ce       0xb8 d:/microchip/bin/bin/../../lib/gcc/pic32c/8.3.1/../../../../pic32c/lib/thumb/v7e-m+fp/hard\libg-musl.a(libc.o)
 .debug_abbrev  0x0000f586       0xaa d:/microchip/bin/bin/../../lib/gcc/pic32c/8.3.1/../../../../pic32c/lib/thumb/v7e-m+fp/hard\libg-musl.a(calloc.o)
 .debug_abbrev  0x0000f630      0x402 d:/microchip/bin/bin/../../lib/gcc/pic32c/8.3.1/../../../../pic32c/lib/thumb/v7e-m+fp/hard\libg-musl.a(malloc.o)
 .debug_abbrev  0x0000fa32       0xa5 d:/microchip/bin/bin/../../lib/gcc/pic32c/8.3.1/../../../../pic32c/lib/thumb/v7e-m+fp/hard\libg-musl.a(expand_heap.o)
 .debug_abbrev  0x0000fad7       0x8b d:/microchip/bin/bin/../../lib/gcc/pic32c/8.3.1/../../../../pic32c/lib/thumb/v7e-m+fp/hard\libg-musl.a(rand.o)
 .debug_abbrev  0x0000fb62      0x168 d:/microchip/bin/bin/../../lib/gcc/pic32c/8.3.1/../../../../pic32c/lib/thumb/v7e-m+fp/hard\libg-musl.a(vsnprintf.o)
 .debug_abbrev  0x0000fcca       0xfb d:/microchip/bin/bin/../../lib/gcc/pic32c/8.3.1/../../../../pic32c/lib/thumb/v7e-m+fp/hard\libg-musl.a(snprintf.o)
 .debug_abbrev  0x0000fdc5       0xfb d:/microchip/bin/bin/../../lib/gcc/pic32c/8.3.1/../../../../pic32c/lib/thumb/v7e-m+fp/hard\libg-musl.a(sprintf.o)
 .debug_abbrev  0x0000fec0       0xc3 d:/microchip/bin/bin/../../lib/gcc/pic32c/8.3.1/../../../../pic32c/lib/thumb/v7e-m+fp/hard\libg-musl.a(vsprintf.o)
 .debug_abbrev  0x0000ff83       0xbb d:/microchip/bin/bin/../../lib/gcc/pic32c/8.3.1/../../../../pic32c/lib/thumb/v7e-m+fp/hard\libg-musl.a(atoi.o)
 .debug_abbrev  0x0001003e       0xbb d:/microchip/bin/bin/../../lib/gcc/pic32c/8.3.1/../../../../pic32c/lib/thumb/v7e-m+fp/hard\libg-musl.a(atol.o)
 .debug_abbrev  0x000100f9      0x1c7 d:/microchip/bin/bin/../../lib/gcc/pic32c/8.3.1/../../../../pic32c/lib/thumb/v7e-m+fp/hard\libg-musl.a(strtol.o)
 .debug_abbrev  0x000102c0       0x8b d:/microchip/bin/bin/../../lib/gcc/pic32c/8.3.1/../../../../pic32c/lib/thumb/v7e-m+fp/hard\libg-musl.a(memcmp.o)
 .debug_abbrev  0x0001034b       0x9c d:/microchip/bin/bin/../../lib/gcc/pic32c/8.3.1/../../../../pic32c/lib/thumb/v7e-m+fp/hard\libg-musl.a(memcpy.o)
 .debug_abbrev  0x000103e7       0x97 d:/microchip/bin/bin/../../lib/gcc/pic32c/8.3.1/../../../../pic32c/lib/thumb/v7e-m+fp/hard\libg-musl.a(memset.o)
 .debug_abbrev  0x0001047e       0x86 d:/microchip/bin/bin/../../lib/gcc/pic32c/8.3.1/../../../../pic32c/lib/thumb/v7e-m+fp/hard\libg-musl.a(strlen.o)
 .debug_abbrev  0x00010504       0x97 d:/microchip/bin/bin/../../lib/gcc/pic32c/8.3.1/../../../../pic32c/lib/thumb/v7e-m+fp/hard\libg-musl.a(strstr.o)
 .debug_abbrev  0x0001059b       0xa2 d:/microchip/bin/bin/../../lib/gcc/pic32c/8.3.1/../../../../pic32c/lib/thumb/v7e-m+fp/hard\libg-musl.a(strchr.o)
 .debug_abbrev  0x0001063d       0xa5 d:/microchip/bin/bin/../../lib/gcc/pic32c/8.3.1/../../../../pic32c/lib/thumb/v7e-m+fp/hard\libg-musl.a(strchrnul.o)
 .debug_abbrev  0x000106e2       0x63 d:/microchip/bin/bin/../../lib/gcc/pic32c/8.3.1/../../../../pic32c/lib/thumb/v7e-m+fp/hard\libg-musl.a(strcmp.o)
 .debug_abbrev  0x00010745       0x8e d:/microchip/bin/bin/../../lib/gcc/pic32c/8.3.1/../../../../pic32c/lib/thumb/v7e-m+fp/hard\libg-musl.a(strcpy.o)
 .debug_abbrev  0x000107d3       0x86 d:/microchip/bin/bin/../../lib/gcc/pic32c/8.3.1/../../../../pic32c/lib/thumb/v7e-m+fp/hard\libg-musl.a(strncmp.o)
 .debug_abbrev  0x00010859       0x9d d:/microchip/bin/bin/../../lib/gcc/pic32c/8.3.1/../../../../pic32c/lib/thumb/v7e-m+fp/hard\libg-musl.a(strncpy.o)
 .debug_abbrev  0x000108f6       0xac d:/microchip/bin/bin/../../lib/gcc/pic32c/8.3.1/../../../../pic32c/lib/thumb/v7e-m+fp/hard\libg-musl.a(strtok.o)
 .debug_abbrev  0x000109a2       0x57 d:/microchip/bin/bin/../../lib/gcc/pic32c/8.3.1/../../../../pic32c/lib/thumb/v7e-m+fp/hard\libg-musl.a(__environ.o)
 .debug_abbrev  0x000109f9       0x2e d:/microchip/bin/bin/../../lib/gcc/pic32c/8.3.1/../../../../pic32c/lib/thumb/v7e-m+fp/hard\libg-musl.a(__errno_location.o)
 .debug_abbrev  0x00010a27      0x1cb d:/microchip/bin/bin/../../lib/gcc/pic32c/8.3.1/../../../../pic32c/lib/thumb/v7e-m+fp/hard\libg-musl.a(intscan.o)
 .debug_abbrev  0x00010bf2      0x14a d:/microchip/bin/bin/../../lib/gcc/pic32c/8.3.1/../../../../pic32c/lib/thumb/v7e-m+fp/hard\libg-musl.a(shgetc.o)
 .debug_abbrev  0x00010d3c      0x125 d:/microchip/bin/bin/../../lib/gcc/pic32c/8.3.1/../../../../pic32c/lib/thumb/v7e-m+fp/hard\libg-musl.a(__uflow.o)
 .debug_abbrev  0x00010e61      0x16d d:/microchip/bin/bin/../../lib/gcc/pic32c/8.3.1/../../../../pic32c/lib/thumb/v7e-m+fp/hard\libg-musl.a(vfprintf.o)
 .debug_abbrev  0x00010fce       0x63 d:/microchip/bin/bin/../../lib/gcc/pic32c/8.3.1/../../../../pic32c/lib/thumb/v7e-m+fp/hard\libg-musl.a(stpcpy.o)
 .debug_abbrev  0x00011031       0x86 d:/microchip/bin/bin/../../lib/gcc/pic32c/8.3.1/../../../../pic32c/lib/thumb/v7e-m+fp/hard\libg-musl.a(stpncpy.o)
 .debug_abbrev  0x000110b7       0xf5 d:/microchip/bin/bin/../../lib/gcc/pic32c/8.3.1/../../../../pic32c/lib/thumb/v7e-m+fp/hard\libg-musl.a(strcspn.o)
 .debug_abbrev  0x000111ac       0xd2 d:/microchip/bin/bin/../../lib/gcc/pic32c/8.3.1/../../../../pic32c/lib/thumb/v7e-m+fp/hard\libg-musl.a(strspn.o)
 .debug_abbrev  0x0001127e      0x12f d:/microchip/bin/bin/../../lib/gcc/pic32c/8.3.1/../../../../pic32c/lib/thumb/v7e-m+fp/hard\libg-musl.a(__toread.o)
 .debug_abbrev  0x000113ad       0xbd d:/microchip/bin/bin/../../lib/gcc/pic32c/8.3.1/../../../../pic32c/lib/thumb/v7e-m+fp/hard\libg-musl.a(__pop_float.o)
 .debug_abbrev  0x0001146a       0xbd d:/microchip/bin/bin/../../lib/gcc/pic32c/8.3.1/../../../../pic32c/lib/thumb/v7e-m+fp/hard\libg-musl.a(__pop_int.o)
 .debug_abbrev  0x00011527       0xce d:/microchip/bin/bin/../../lib/gcc/pic32c/8.3.1/../../../../pic32c/lib/thumb/v7e-m+fp/hard\libg-musl.a(__pop_ptr.o)
 .debug_abbrev  0x000115f5      0x2c5 d:/microchip/bin/bin/../../lib/gcc/pic32c/8.3.1/../../../../pic32c/lib/thumb/v7e-m+fp/hard\libg-musl.a(__printf_core.o)
 .debug_abbrev  0x000118ba      0x194 d:/microchip/bin/bin/../../lib/gcc/pic32c/8.3.1/../../../../pic32c/lib/thumb/v7e-m+fp/hard\libg-musl.a(__fmt_a.o)
 .debug_abbrev  0x00011a4e      0x120 d:/microchip/bin/bin/../../lib/gcc/pic32c/8.3.1/../../../../pic32c/lib/thumb/v7e-m+fp/hard\libg-musl.a(__fmt_d.o)
 .debug_abbrev  0x00011b6e      0x1b3 d:/microchip/bin/bin/../../lib/gcc/pic32c/8.3.1/../../../../pic32c/lib/thumb/v7e-m+fp/hard\libg-musl.a(__fmt_fp.o)
 .debug_abbrev  0x00011d21      0x120 d:/microchip/bin/bin/../../lib/gcc/pic32c/8.3.1/../../../../pic32c/lib/thumb/v7e-m+fp/hard\libg-musl.a(__fmt_o.o)
 .debug_abbrev  0x00011e41      0x10b d:/microchip/bin/bin/../../lib/gcc/pic32c/8.3.1/../../../../pic32c/lib/thumb/v7e-m+fp/hard\libg-musl.a(__fmt_s.o)
 .debug_abbrev  0x00011f4c      0x120 d:/microchip/bin/bin/../../lib/gcc/pic32c/8.3.1/../../../../pic32c/lib/thumb/v7e-m+fp/hard\libg-musl.a(__fmt_u.o)
 .debug_abbrev  0x0001206c      0x10f d:/microchip/bin/bin/../../lib/gcc/pic32c/8.3.1/../../../../pic32c/lib/thumb/v7e-m+fp/hard\libg-musl.a(__fmt_x.o)
 .debug_abbrev  0x0001217b       0xa1 d:/microchip/bin/bin/../../lib/gcc/pic32c/8.3.1/../../../../pic32c/lib/thumb/v7e-m+fp/hard\libg-musl.a(__cvt_u.o)
 .debug_abbrev  0x0001221c       0x14 d:/microchip/bin/bin/../../lib/gcc/pic32c/8.3.1/thumb/v7e-m+fp/hard\libgcc.a(_aeabi_uldivmod.o)
 .debug_abbrev  0x00012230       0xf2 d:/microchip/bin/bin/../../lib/gcc/pic32c/8.3.1/thumb/v7e-m+fp/hard\libgcc.a(_udivmoddi4.o)
 .debug_abbrev  0x00012322       0x14 d:/microchip/bin/bin/../../lib/gcc/pic32c/8.3.1/thumb/v7e-m+fp/hard\libgcc.a(_dvmd_tls.o)
 .debug_abbrev  0x00012336       0x2e d:/microchip/bin/bin/../../lib/gcc/pic32c/8.3.1/../../../../pic32c/lib/thumb/v7e-m+fp/hard\libpic32c.a(sbrk.o)
 .debug_abbrev  0x00012364       0x2e d:/microchip/bin/bin/../../lib/gcc/pic32c/8.3.1/../../../../pic32c/lib/thumb/v7e-m+fp/hard\libpic32c.a(pic32_data_init_clear.o)
 .debug_abbrev  0x00012392       0x2e d:/microchip/bin/bin/../../lib/gcc/pic32c/8.3.1/../../../../pic32c/lib/thumb/v7e-m+fp/hard\libpic32c.a(pic32_data_init_copy_emb.o)
 .debug_abbrev  0x000123c0       0x2e d:/microchip/bin/bin/../../lib/gcc/pic32c/8.3.1/../../../../pic32c/lib/thumb/v7e-m+fp/hard\libpic32c.a(pic32_data_init_copy.o)

.debug_loc      0x00000000    0x7032b
 .debug_loc     0x00000000     0x334c build/default/debug/_ext/1645245335/crypto.o
 .debug_loc     0x0000334c     0x4a04 build/default/debug/_ext/444070925/drv_ethphy.o
 .debug_loc     0x00007d50      0x1ff build/default/debug/_ext/444070925/drv_extphy_ksz8081.o
 .debug_loc     0x00007f4f     0x3003 build/default/debug/_ext/1546807373/drv_gmac.o
 .debug_loc     0x0000af52     0x25af build/default/debug/_ext/1546807373/drv_gmac_lib_samE5x.o
 .debug_loc     0x0000d501     0x1fb3 build/default/debug/_ext/992804092/drv_memory.o
 .debug_loc     0x0000f4b4       0x6a build/default/debug/_ext/992804092/drv_memory_file_system.o
 .debug_loc     0x0000f51e      0x263 build/default/debug/_ext/992804092/drv_memory_nvmctrl.o
 .debug_loc     0x0000f781     0x284a build/default/debug/_ext/438849557/drv_miim.o
 .debug_loc     0x00011fcb     0x1b0d build/default/debug/_ext/1751889202/sys_fs_shell.o
 .debug_loc     0x00013ad8      0x568 build/default/debug/_ext/1033058136/helpers.o
 .debug_loc     0x00014040     0x554c build/default/debug/_ext/1033058136/snmp.o
 .debug_loc     0x0001958c      0xa23 build/default/debug/_ext/1033058136/icmp.o
 .debug_loc     0x00019faf     0x830c build/default/debug/_ext/1033058136/tcp.o
 .debug_loc     0x000222bb     0x3c06 build/default/debug/_ext/1033058136/arp.o
 .debug_loc     0x00025ec1     0x3358 build/default/debug/_ext/1033058136/tcpip_commands.o
 .debug_loc     0x00029219     0x2493 build/default/debug/_ext/1033058136/http.o
 .debug_loc     0x0002b6ac     0x22c8 build/default/debug/_ext/1033058136/iperf.o
 .debug_loc     0x0002d974     0x2ed7 build/default/debug/_ext/1033058136/ipv4.o
 .debug_loc     0x0003084b      0x207 build/default/debug/_ext/1033058136/tcpip_heap_alloc.o
 .debug_loc     0x00030a52     0x1007 build/default/debug/_ext/1033058136/tcpip_heap_internal.o
 .debug_loc     0x00031a59     0x3fbb build/default/debug/_ext/1033058136/dhcp.o
 .debug_loc     0x00035a14     0x4085 build/default/debug/_ext/1033058136/dns.o
 .debug_loc     0x00039a99      0x21b build/default/debug/_ext/1033058136/hash_fnv.o
 .debug_loc     0x00039cb4      0x4ab build/default/debug/_ext/1033058136/oahash.o
 .debug_loc     0x0003a15f     0x3987 build/default/debug/_ext/1033058136/tcpip_helpers.o
 .debug_loc     0x0003dae6     0x7830 build/default/debug/_ext/1033058136/tcpip_manager.o
 .debug_loc     0x00045316      0x458 build/default/debug/_ext/1033058136/tcpip_notify.o
 .debug_loc     0x0004576e      0xbe0 build/default/debug/_ext/1033058136/tcpip_packet.o
 .debug_loc     0x0004634e     0x4c08 build/default/debug/_ext/1033058136/udp.o
 .debug_loc     0x0004af56      0x727 build/default/debug/_ext/1529399856/osal_freertos.o
 .debug_loc     0x0004b67d      0x264 build/default/debug/_ext/1865468468/plib_nvic.o
 .debug_loc     0x0004b8e1      0x868 build/default/debug/_ext/1593096446/plib_nvmctrl.o
 .debug_loc     0x0004c149      0x1bc build/default/debug/_ext/1865521619/plib_port.o
 .debug_loc     0x0004c305      0xd3c build/default/debug/_ext/504274921/plib_sercom1_usart.o
 .debug_loc     0x0004d041       0x5f build/default/debug/_ext/829342655/plib_tc0.o
 .debug_loc     0x0004d0a0     0x19f8 build/default/debug/_ext/1376093119/sys_command.o
 .debug_loc     0x0004ea98      0x852 build/default/debug/_ext/1832805299/sys_console_uart.o
 .debug_loc     0x0004f2ea      0xc61 build/default/debug/_ext/1832805299/sys_console.o
 .debug_loc     0x0004ff4b       0xa1 build/default/debug/_ext/944882569/sys_debug.o
 .debug_loc     0x0004ffec     0x1a1f build/default/debug/_ext/699575981/mpfs.o
 .debug_loc     0x00051a0b     0x31c1 build/default/debug/_ext/1269487135/sys_fs.o
 .debug_loc     0x00054bcc     0x14ee build/default/debug/_ext/1269487135/sys_fs_media_manager.o
 .debug_loc     0x000560ba      0x182 build/default/debug/_ext/1881668453/sys_int.o
 .debug_loc     0x0005623c     0x230c build/default/debug/_ext/101884895/sys_time.o
 .debug_loc     0x00058548      0x152 build/default/debug/_ext/753841488/sys_time_h2_adapter.o
 .debug_loc     0x0005869a      0x1dd build/default/debug/_ext/753841488/sys_random_h2_adapter.o
 .debug_loc     0x00058877       0x7d build/default/debug/_ext/1171490990/initialization.o
 .debug_loc     0x000588f4       0x4a build/default/debug/_ext/1171490990/startup_xc32.o
 .debug_loc     0x0005893e      0x191 build/default/debug/_ext/1171490990/tasks.o
 .debug_loc     0x00058acf       0x82 build/default/debug/_ext/1171490990/freertos_hooks.o
 .debug_loc     0x00058b51      0x13a build/default/debug/_ext/246609638/port.o
 .debug_loc     0x00058c8b      0x116 build/default/debug/_ext/1665200909/heap_1.o
 .debug_loc     0x00058da1       0xb2 build/default/debug/_ext/404212886/list.o
 .debug_loc     0x00058e53     0x16e4 build/default/debug/_ext/404212886/queue.o
 .debug_loc     0x0005a537     0x212d build/default/debug/_ext/404212886/FreeRTOS_tasks.o
 .debug_loc     0x0005c664       0x45 build/default/debug/_ext/172253694/crypt_wolfcryptcb.o
 .debug_loc     0x0005c6a9     0x27ea build/default/debug/_ext/1664057780/cryptocb.o
 .debug_loc     0x0005ee93     0x2df9 build/default/debug/_ext/1664057780/md5.o
 .debug_loc     0x00061c8c     0x29bd build/default/debug/_ext/1664057780/random.o
 .debug_loc     0x00064649     0x287a build/default/debug/_ext/1664057780/sha256.o
 .debug_loc     0x00066ec3       0x20 build/default/debug/_ext/1360937237/main.o
 .debug_loc     0x00066ee3     0x1032 build/default/debug/_ext/1360937237/custom_snmp_app.o
 .debug_loc     0x00067f15      0xb0b build/default/debug/_ext/1360937237/http_print.o
 .debug_loc     0x00068a20     0x12a9 build/default/debug/_ext/1360937237/custom_http_app.o
 .debug_loc     0x00069cc9       0x14 d:/microchip/bin/bin/../../lib/gcc/pic32c/8.3.1/../../../../pic32c/lib/thumb/v7e-m+fp/hard\libpic32c.a(data_init.o)
 .debug_loc     0x00069cdd       0x76 d:/microchip/bin/bin/../../lib/gcc/pic32c/8.3.1/../../../../pic32c/lib/thumb/v7e-m+fp/hard\libg-musl.a(isalnum.o)
 .debug_loc     0x00069d53       0x65 d:/microchip/bin/bin/../../lib/gcc/pic32c/8.3.1/../../../../pic32c/lib/thumb/v7e-m+fp/hard\libg-musl.a(isxdigit.o)
 .debug_loc     0x00069db8       0x4a d:/microchip/bin/bin/../../lib/gcc/pic32c/8.3.1/../../../../pic32c/lib/thumb/v7e-m+fp/hard\libg-musl.a(tolower.o)
 .debug_loc     0x00069e02       0x4a d:/microchip/bin/bin/../../lib/gcc/pic32c/8.3.1/../../../../pic32c/lib/thumb/v7e-m+fp/hard\libg-musl.a(toupper.o)
 .debug_loc     0x00069e4c       0x51 d:/microchip/bin/bin/../../lib/gcc/pic32c/8.3.1/../../../../pic32c/lib/thumb/v7e-m+fp/hard\libg-musl.a(__libc_start_main.o)
 .debug_loc     0x00069e9d       0x74 d:/microchip/bin/bin/../../lib/gcc/pic32c/8.3.1/../../../../pic32c/lib/thumb/v7e-m+fp/hard\libg-musl.a(calloc.o)
 .debug_loc     0x00069f11      0xcef d:/microchip/bin/bin/../../lib/gcc/pic32c/8.3.1/../../../../pic32c/lib/thumb/v7e-m+fp/hard\libg-musl.a(malloc.o)
 .debug_loc     0x0006ac00       0x7c d:/microchip/bin/bin/../../lib/gcc/pic32c/8.3.1/../../../../pic32c/lib/thumb/v7e-m+fp/hard\libg-musl.a(expand_heap.o)
 .debug_loc     0x0006ac7c       0x24 d:/microchip/bin/bin/../../lib/gcc/pic32c/8.3.1/../../../../pic32c/lib/thumb/v7e-m+fp/hard\libg-musl.a(rand.o)
 .debug_loc     0x0006aca0       0xeb d:/microchip/bin/bin/../../lib/gcc/pic32c/8.3.1/../../../../pic32c/lib/thumb/v7e-m+fp/hard\libg-musl.a(vsnprintf.o)
 .debug_loc     0x0006ad8b       0xaf d:/microchip/bin/bin/../../lib/gcc/pic32c/8.3.1/../../../../pic32c/lib/thumb/v7e-m+fp/hard\libg-musl.a(snprintf.o)
 .debug_loc     0x0006ae3a       0x8a d:/microchip/bin/bin/../../lib/gcc/pic32c/8.3.1/../../../../pic32c/lib/thumb/v7e-m+fp/hard\libg-musl.a(sprintf.o)
 .debug_loc     0x0006aec4       0x6c d:/microchip/bin/bin/../../lib/gcc/pic32c/8.3.1/../../../../pic32c/lib/thumb/v7e-m+fp/hard\libg-musl.a(vsprintf.o)
 .debug_loc     0x0006af30       0xd8 d:/microchip/bin/bin/../../lib/gcc/pic32c/8.3.1/../../../../pic32c/lib/thumb/v7e-m+fp/hard\libg-musl.a(atoi.o)
 .debug_loc     0x0006b008       0xd8 d:/microchip/bin/bin/../../lib/gcc/pic32c/8.3.1/../../../../pic32c/lib/thumb/v7e-m+fp/hard\libg-musl.a(atol.o)
 .debug_loc     0x0006b0e0      0x440 d:/microchip/bin/bin/../../lib/gcc/pic32c/8.3.1/../../../../pic32c/lib/thumb/v7e-m+fp/hard\libg-musl.a(strtol.o)
 .debug_loc     0x0006b520      0x10c d:/microchip/bin/bin/../../lib/gcc/pic32c/8.3.1/../../../../pic32c/lib/thumb/v7e-m+fp/hard\libg-musl.a(memcmp.o)
 .debug_loc     0x0006b62c      0x10b d:/microchip/bin/bin/../../lib/gcc/pic32c/8.3.1/../../../../pic32c/lib/thumb/v7e-m+fp/hard\libg-musl.a(memcpy.o)
 .debug_loc     0x0006b737       0x7d d:/microchip/bin/bin/../../lib/gcc/pic32c/8.3.1/../../../../pic32c/lib/thumb/v7e-m+fp/hard\libg-musl.a(memset.o)
 .debug_loc     0x0006b7b4       0x90 d:/microchip/bin/bin/../../lib/gcc/pic32c/8.3.1/../../../../pic32c/lib/thumb/v7e-m+fp/hard\libg-musl.a(strlen.o)
 .debug_loc     0x0006b844       0xfe d:/microchip/bin/bin/../../lib/gcc/pic32c/8.3.1/../../../../pic32c/lib/thumb/v7e-m+fp/hard\libg-musl.a(strstr.o)
 .debug_loc     0x0006b942       0x8c d:/microchip/bin/bin/../../lib/gcc/pic32c/8.3.1/../../../../pic32c/lib/thumb/v7e-m+fp/hard\libg-musl.a(strchr.o)
 .debug_loc     0x0006b9ce      0x11a d:/microchip/bin/bin/../../lib/gcc/pic32c/8.3.1/../../../../pic32c/lib/thumb/v7e-m+fp/hard\libg-musl.a(strchrnul.o)
 .debug_loc     0x0006bae8       0x96 d:/microchip/bin/bin/../../lib/gcc/pic32c/8.3.1/../../../../pic32c/lib/thumb/v7e-m+fp/hard\libg-musl.a(strcmp.o)
 .debug_loc     0x0006bb7e       0x67 d:/microchip/bin/bin/../../lib/gcc/pic32c/8.3.1/../../../../pic32c/lib/thumb/v7e-m+fp/hard\libg-musl.a(strcpy.o)
 .debug_loc     0x0006bbe5      0x1b1 d:/microchip/bin/bin/../../lib/gcc/pic32c/8.3.1/../../../../pic32c/lib/thumb/v7e-m+fp/hard\libg-musl.a(strncmp.o)
 .debug_loc     0x0006bd96       0x8c d:/microchip/bin/bin/../../lib/gcc/pic32c/8.3.1/../../../../pic32c/lib/thumb/v7e-m+fp/hard\libg-musl.a(strncpy.o)
 .debug_loc     0x0006be22       0x71 d:/microchip/bin/bin/../../lib/gcc/pic32c/8.3.1/../../../../pic32c/lib/thumb/v7e-m+fp/hard\libg-musl.a(strtok.o)
 .debug_loc     0x0006be93      0x5df d:/microchip/bin/bin/../../lib/gcc/pic32c/8.3.1/../../../../pic32c/lib/thumb/v7e-m+fp/hard\libg-musl.a(intscan.o)
 .debug_loc     0x0006c472       0x91 d:/microchip/bin/bin/../../lib/gcc/pic32c/8.3.1/../../../../pic32c/lib/thumb/v7e-m+fp/hard\libg-musl.a(shgetc.o)
 .debug_loc     0x0006c503       0x5a d:/microchip/bin/bin/../../lib/gcc/pic32c/8.3.1/../../../../pic32c/lib/thumb/v7e-m+fp/hard\libg-musl.a(__uflow.o)
 .debug_loc     0x0006c55d       0x88 d:/microchip/bin/bin/../../lib/gcc/pic32c/8.3.1/../../../../pic32c/lib/thumb/v7e-m+fp/hard\libg-musl.a(vfprintf.o)
 .debug_loc     0x0006c5e5       0x60 d:/microchip/bin/bin/../../lib/gcc/pic32c/8.3.1/../../../../pic32c/lib/thumb/v7e-m+fp/hard\libg-musl.a(stpcpy.o)
 .debug_loc     0x0006c645      0x13f d:/microchip/bin/bin/../../lib/gcc/pic32c/8.3.1/../../../../pic32c/lib/thumb/v7e-m+fp/hard\libg-musl.a(stpncpy.o)
 .debug_loc     0x0006c784      0x13d d:/microchip/bin/bin/../../lib/gcc/pic32c/8.3.1/../../../../pic32c/lib/thumb/v7e-m+fp/hard\libg-musl.a(strcspn.o)
 .debug_loc     0x0006c8c1      0x13f d:/microchip/bin/bin/../../lib/gcc/pic32c/8.3.1/../../../../pic32c/lib/thumb/v7e-m+fp/hard\libg-musl.a(strspn.o)
 .debug_loc     0x0006ca00       0x42 d:/microchip/bin/bin/../../lib/gcc/pic32c/8.3.1/../../../../pic32c/lib/thumb/v7e-m+fp/hard\libg-musl.a(__toread.o)
 .debug_loc     0x0006ca42       0xa6 d:/microchip/bin/bin/../../lib/gcc/pic32c/8.3.1/../../../../pic32c/lib/thumb/v7e-m+fp/hard\libg-musl.a(__pop_float.o)
 .debug_loc     0x0006cae8      0x2f5 d:/microchip/bin/bin/../../lib/gcc/pic32c/8.3.1/../../../../pic32c/lib/thumb/v7e-m+fp/hard\libg-musl.a(__pop_int.o)
 .debug_loc     0x0006cddd      0x1db d:/microchip/bin/bin/../../lib/gcc/pic32c/8.3.1/../../../../pic32c/lib/thumb/v7e-m+fp/hard\libg-musl.a(__pop_ptr.o)
 .debug_loc     0x0006cfb8      0x5e9 d:/microchip/bin/bin/../../lib/gcc/pic32c/8.3.1/../../../../pic32c/lib/thumb/v7e-m+fp/hard\libg-musl.a(__printf_core.o)
 .debug_loc     0x0006d5a1      0xb2d d:/microchip/bin/bin/../../lib/gcc/pic32c/8.3.1/../../../../pic32c/lib/thumb/v7e-m+fp/hard\libg-musl.a(__fmt_a.o)
 .debug_loc     0x0006e0ce      0x1ef d:/microchip/bin/bin/../../lib/gcc/pic32c/8.3.1/../../../../pic32c/lib/thumb/v7e-m+fp/hard\libg-musl.a(__fmt_d.o)
 .debug_loc     0x0006e2bd      0xa5d d:/microchip/bin/bin/../../lib/gcc/pic32c/8.3.1/../../../../pic32c/lib/thumb/v7e-m+fp/hard\libg-musl.a(__fmt_fp.o)
 .debug_loc     0x0006ed1a      0x10a d:/microchip/bin/bin/../../lib/gcc/pic32c/8.3.1/../../../../pic32c/lib/thumb/v7e-m+fp/hard\libg-musl.a(__fmt_o.o)
 .debug_loc     0x0006ee24      0x157 d:/microchip/bin/bin/../../lib/gcc/pic32c/8.3.1/../../../../pic32c/lib/thumb/v7e-m+fp/hard\libg-musl.a(__fmt_s.o)