Archive member included to satisfy reference by file (symbol)

c:/program files/microchip/xc32/v3.01/bin/bin/../../lib/gcc/pic32c/8.3.1/../../../../pic32c/lib/thumb/v7e-m+fp/hard\libpic32c.a(data_init.o)
                              build/default/production/_ext/1171490990/startup_xc32.o (__pic32c_data_initialization)
c:/program files/microchip/xc32/v3.01/bin/bin/../../lib/gcc/pic32c/8.3.1/thumb/v7e-m+fp/hard\libgcc.a(_arm_addsubdf3.o)
                              build/default/production/_ext/1033058136/iperf.o (__aeabi_dsub)
c:/program files/microchip/xc32/v3.01/bin/bin/../../lib/gcc/pic32c/8.3.1/thumb/v7e-m+fp/hard\libgcc.a(_arm_muldivdf3.o)
                              build/default/production/_ext/1033058136/iperf.o (__aeabi_dmul)
c:/program files/microchip/xc32/v3.01/bin/bin/../../lib/gcc/pic32c/8.3.1/thumb/v7e-m+fp/hard\libgcc.a(_arm_cmpdf2.o)
                              build/default/production/_ext/1033058136/iperf.o (__aeabi_dcmpgt)
c:/program files/microchip/xc32/v3.01/bin/bin/../../lib/gcc/pic32c/8.3.1/thumb/v7e-m+fp/hard\libgcc.a(_arm_fixunsdfsi.o)
                              build/default/production/_ext/1033058136/iperf.o (__aeabi_d2uiz)
c:/program files/microchip/xc32/v3.01/bin/bin/../../lib/gcc/pic32c/8.3.1/thumb/v7e-m+fp/hard\libgcc.a(_aeabi_uldivmod.o)
                              build/default/production/_ext/1033058136/tcp.o (__aeabi_uldivmod)
c:/program files/microchip/xc32/v3.01/bin/bin/../../lib/gcc/pic32c/8.3.1/thumb/v7e-m+fp/hard\libgcc.a(_udivmoddi4.o)
                              c:/program files/microchip/xc32/v3.01/bin/bin/../../lib/gcc/pic32c/8.3.1/thumb/v7e-m+fp/hard\libgcc.a(_aeabi_uldivmod.o) (__udivmoddi4)
c:/program files/microchip/xc32/v3.01/bin/bin/../../lib/gcc/pic32c/8.3.1/thumb/v7e-m+fp/hard\libgcc.a(_dvmd_tls.o)
                              c:/program files/microchip/xc32/v3.01/bin/bin/../../lib/gcc/pic32c/8.3.1/thumb/v7e-m+fp/hard\libgcc.a(_aeabi_uldivmod.o) (__aeabi_ldiv0)
c:/program files/microchip/xc32/v3.01/bin/bin/../../lib/gcc/pic32c/8.3.1/../../../../pic32c/lib/thumb/v7e-m+fp/hard\libc_nano.a(lib_a-atoi.o)
                              build/default/production/_ext/1033058136/tcpip_commands.o (atoi)
c:/program files/microchip/xc32/v3.01/bin/bin/../../lib/gcc/pic32c/8.3.1/../../../../pic32c/lib/thumb/v7e-m+fp/hard\libc_nano.a(lib_a-atol.o)
                              build/default/production/_ext/1033058136/http.o (atol)
c:/program files/microchip/xc32/v3.01/bin/bin/../../lib/gcc/pic32c/8.3.1/../../../../pic32c/lib/thumb/v7e-m+fp/hard\libc_nano.a(lib_a-calloc.o)
                              build/default/production/_ext/1171490990/initialization.o (calloc)
c:/program files/microchip/xc32/v3.01/bin/bin/../../lib/gcc/pic32c/8.3.1/../../../../pic32c/lib/thumb/v7e-m+fp/hard\libc_nano.a(lib_a-ctype_.o)
                              build/default/production/_ext/1033058136/helpers.o (_ctype_)
c:/program files/microchip/xc32/v3.01/bin/bin/../../lib/gcc/pic32c/8.3.1/../../../../pic32c/lib/thumb/v7e-m+fp/hard\libc_nano.a(lib_a-gmtime.o)
                              build/default/production/_ext/1664057780/asn.o (gmtime)
c:/program files/microchip/xc32/v3.01/bin/bin/../../lib/gcc/pic32c/8.3.1/../../../../pic32c/lib/thumb/v7e-m+fp/hard\libc_nano.a(lib_a-gmtime_r.o)
                              c:/program files/microchip/xc32/v3.01/bin/bin/../../lib/gcc/pic32c/8.3.1/../../../../pic32c/lib/thumb/v7e-m+fp/hard\libc_nano.a(lib_a-gmtime.o) (gmtime_r)
c:/program files/microchip/xc32/v3.01/bin/bin/../../lib/gcc/pic32c/8.3.1/../../../../pic32c/lib/thumb/v7e-m+fp/hard\libc_nano.a(lib_a-impure.o)
                              c:/program files/microchip/xc32/v3.01/bin/bin/../../lib/gcc/pic32c/8.3.1/../../../../pic32c/lib/thumb/v7e-m+fp/hard\libc_nano.a(lib_a-calloc.o) (_impure_ptr)
c:/program files/microchip/xc32/v3.01/bin/bin/../../lib/gcc/pic32c/8.3.1/../../../../pic32c/lib/thumb/v7e-m+fp/hard\libc_nano.a(lib_a-init.o)
                              build/default/production/_ext/1171490990/startup_xc32.o (__libc_init_array)
c:/program files/microchip/xc32/v3.01/bin/bin/../../lib/gcc/pic32c/8.3.1/../../../../pic32c/lib/thumb/v7e-m+fp/hard\libc_nano.a(lib_a-malloc.o)
                              build/default/production/_ext/1645245335/crypto.o (malloc)
c:/program files/microchip/xc32/v3.01/bin/bin/../../lib/gcc/pic32c/8.3.1/../../../../pic32c/lib/thumb/v7e-m+fp/hard\libc_nano.a(lib_a-memcmp.o)
                              build/default/production/_ext/1546807373/drv_gmac.o (memcmp)
c:/program files/microchip/xc32/v3.01/bin/bin/../../lib/gcc/pic32c/8.3.1/../../../../pic32c/lib/thumb/v7e-m+fp/hard\libc_nano.a(lib_a-memcpy-stub.o)
                              build/default/production/_ext/992804092/drv_memory.o (memcpy)
c:/program files/microchip/xc32/v3.01/bin/bin/../../lib/gcc/pic32c/8.3.1/../../../../pic32c/lib/thumb/v7e-m+fp/hard\libc_nano.a(lib_a-memmove.o)
                              build/default/production/_ext/1664057780/asn.o (memmove)
[...]
Memory Configuration

Name             Origin             Length             Attributes
rom              0x00000000         0x00100000         xrl
ram              0x20000000         0x00040000         xw !r
tcm              0x03000000         0x00000000         xw
bkupram          0x47000000         0x00002000
config_00804000  0x00804000         0x00000004
config_00804008  0x00804008         0x00000004
config_00804004  0x00804004         0x00000004
*default*        0x00000000         0xffffffff

Linker script and memory map

LOAD c:/program files/microchip/xc32/v3.01/bin/bin/../../lib/gcc/pic32c/8.3.1/thumb/v7e-m+fp/hard/crti.o
LOAD c:/program files/microchip/xc32/v3.01/bin/bin/../../lib/gcc/pic32c/8.3.1/thumb/v7e-m+fp/hard/crtbegin.o
LOAD build/default/production/_ext/1645245335/crypto.o
LOAD build/default/production/_ext/444070925/drv_ethphy.o
LOAD build/default/production/_ext/444070925/drv_extphy_ksz8081.o
LOAD build/default/production/_ext/1546807373/drv_gmac.o
LOAD build/default/production/_ext/1546807373/drv_gmac_lib_samE5x.o
LOAD build/default/production/_ext/992804092/drv_memory.o
LOAD build/default/production/_ext/992804092/drv_memory_file_system.o
LOAD build/default/production/_ext/992804092/drv_memory_nvmctrl.o
LOAD build/default/production/_ext/438849557/drv_miim.o
LOAD build/default/production/_ext/1751889202/sys_fs_shell.o
LOAD build/default/production/_ext/1033058136/helpers.o
LOAD build/default/production/_ext/1033058136/snmp.o
LOAD build/default/production/_ext/1033058136/icmp.o
LOAD build/default/production/_ext/1033058136/tcp.o
LOAD build/default/production/_ext/1033058136/arp.o
LOAD build/default/production/_ext/1033058136/tcpip_commands.o
LOAD build/default/production/_ext/1033058136/http.o
LOAD build/default/production/_ext/1033058136/iperf.o
LOAD build/default/production/_ext/1033058136/ipv4.o
LOAD build/default/production/_ext/1033058136/tcpip_heap_alloc.o
LOAD build/default/production/_ext/1033058136/tcpip_heap_internal.o
LOAD build/default/production/_ext/1033058136/dhcp.o
LOAD build/default/production/_ext/1033058136/dns.o
LOAD build/default/production/_ext/1033058136/hash_fnv.o
LOAD build/default/production/_ext/1033058136/oahash.o
LOAD build/default/production/_ext/1033058136/tcpip_helpers.o
LOAD build/default/production/_ext/1033058136/tcpip_manager.o
LOAD build/default/production/_ext/1033058136/tcpip_notify.o
LOAD build/default/production/_ext/1033058136/tcpip_packet.o
LOAD build/default/production/_ext/1033058136/udp.o
LOAD build/default/production/_ext/1529399856/osal_freertos.o
LOAD build/default/production/_ext/1984496892/plib_clock.o
LOAD build/default/production/_ext/1865131932/plib_cmcc.o
LOAD build/default/production/_ext/1986646378/plib_evsys.o
LOAD build/default/production/_ext/1865468468/plib_nvic.o
LOAD build/default/production/_ext/1593096446/plib_nvmctrl.o
LOAD build/default/production/_ext/1865521619/plib_port.o
LOAD build/default/production/_ext/504274921/plib_sercom1_usart.o
LOAD build/default/production/_ext/829342655/plib_tc0.o
LOAD build/default/production/_ext/163028504/xc32_monitor.o
LOAD build/default/production/_ext/1014039709/sys_cache.o
LOAD build/default/production/_ext/1376093119/sys_command.o
LOAD build/default/production/_ext/1832805299/sys_console_uart.o
LOAD build/default/production/_ext/1832805299/sys_console.o
LOAD build/default/production/_ext/944882569/sys_debug.o
LOAD build/default/production/_ext/699575981/mpfs.o
LOAD build/default/production/_ext/1269487135/sys_fs.o
LOAD build/default/production/_ext/1269487135/sys_fs_media_manager.o
LOAD build/default/production/_ext/1881668453/sys_int.o
LOAD build/default/production/_ext/1000052432/sys_reset.o
LOAD build/default/production/_ext/101884895/sys_time.o
LOAD build/default/production/_ext/753841488/sys_time_h2_adapter.o
LOAD build/default/production/_ext/753841488/sys_random_h2_adapter.o
LOAD build/default/production/_ext/1171490990/initialization.o
LOAD build/default/production/_ext/1171490990/interrupts.o
LOAD build/default/production/_ext/1171490990/exceptions.o
LOAD build/default/production/_ext/1171490990/startup_xc32.o
LOAD build/default/production/_ext/1171490990/libc_syscalls.o
LOAD build/default/production/_ext/1171490990/tasks.o
LOAD build/default/production/_ext/1171490990/freertos_hooks.o
LOAD build/default/production/_ext/246609638/port.o
LOAD build/default/production/_ext/1665200909/heap_1.o
LOAD build/default/production/_ext/404212886/croutine.o
LOAD build/default/production/_ext/404212886/list.o
LOAD build/default/production/_ext/404212886/queue.o
LOAD build/default/production/_ext/404212886/FreeRTOS_tasks.o
LOAD build/default/production/_ext/404212886/timers.o
LOAD build/default/production/_ext/404212886/event_groups.o
LOAD build/default/production/_ext/404212886/stream_buffer.o
LOAD build/default/production/_ext/172253694/pic32mz-crypt.o
LOAD build/default/production/_ext/172253694/crypt_aes_sam6149.o
LOAD build/default/production/_ext/172253694/crypt_aes_u2238.o
LOAD build/default/production/_ext/172253694/crypt_ecc_ba414e.o
LOAD build/default/production/_ext/172253694/crypt_ecc_pukcl.o
LOAD build/default/production/_ext/172253694/crypt_pukcl_functions.o
LOAD build/default/production/_ext/172253694/crypt_rng_sam6334.o
LOAD build/default/production/_ext/172253694/crypt_rng_u2242.o
LOAD build/default/production/_ext/172253694/crypt_rsa_pukcl.o
LOAD build/default/production/_ext/172253694/crypt_sam_u2803.o
LOAD build/default/production/_ext/172253694/crypt_sha1_sam11105.o
LOAD build/default/production/_ext/172253694/crypt_sha1_sam6156.o
LOAD build/default/production/_ext/172253694/crypt_sha224_sam11105.o
LOAD build/default/production/_ext/172253694/crypt_sha224_sam6156.o
LOAD build/default/production/_ext/172253694/crypt_sha256_sam11105.o
LOAD build/default/production/_ext/172253694/crypt_sha256_sam6156.o
LOAD build/default/production/_ext/172253694/crypt_sha384_sam6156.o
LOAD build/default/production/_ext/172253694/crypt_sha512_sam6156.o
LOAD build/default/production/_ext/172253694/crypt_tdes_sam6150.o
LOAD build/default/production/_ext/172253694/crypt_wolfcryptcb.o
LOAD build/default/production/_ext/1664057780/arc4.o
LOAD build/default/production/_ext/1664057780/asm.o
LOAD build/default/production/_ext/1664057780/asn.o
LOAD build/default/production/_ext/1664057780/blake2b.o
LOAD build/default/production/_ext/1664057780/blake2s.o
LOAD build/default/production/_ext/1664057780/camellia.o
LOAD build/default/production/_ext/1664057780/chacha.o
LOAD build/default/production/_ext/1664057780/chacha20_poly1305.o
LOAD build/default/production/_ext/1664057780/cmac.o
LOAD build/default/production/_ext/1664057780/coding.o
LOAD build/default/production/_ext/1664057780/compress.o
LOAD build/default/production/_ext/1664057780/cpuid.o
LOAD build/default/production/_ext/1664057780/cryptocb.o
LOAD build/default/production/_ext/1664057780/curve25519.o
LOAD build/default/production/_ext/1664057780/curve448.o
LOAD build/default/production/_ext/1664057780/dh.o
LOAD build/default/production/_ext/1664057780/dsa.o
LOAD build/default/production/_ext/1664057780/ecc_fp.o
LOAD build/default/production/_ext/1664057780/ed25519.o
LOAD build/default/production/_ext/1664057780/ed448.o
LOAD build/default/production/_ext/1664057780/error.o
LOAD build/default/production/_ext/1664057780/fe_448.o
LOAD build/default/production/_ext/1664057780/fe_low_mem.o
LOAD build/default/production/_ext/1664057780/fe_operations.o
LOAD build/default/production/_ext/1664057780/ge_448.o
LOAD build/default/production/_ext/1664057780/ge_low_mem.o
LOAD build/default/production/_ext/1664057780/ge_operations.o
LOAD build/default/production/_ext/1664057780/hash.o
LOAD build/default/production/_ext/1664057780/hc128.o
LOAD build/default/production/_ext/1664057780/hmac.o
LOAD build/default/production/_ext/1664057780/idea.o
LOAD build/default/production/_ext/1664057780/integer.o
LOAD build/default/production/_ext/1664057780/logging.o
LOAD build/default/production/_ext/1664057780/md2.o
LOAD build/default/production/_ext/1664057780/md4.o
LOAD build/default/production/_ext/1664057780/md5.o
LOAD build/default/production/_ext/1664057780/memory.o
LOAD build/default/production/_ext/1664057780/pkcs12.o
LOAD build/default/production/_ext/1664057780/pkcs7.o
LOAD build/default/production/_ext/1664057780/poly1305.o
LOAD build/default/production/_ext/1664057780/pwdbased.o
LOAD build/default/production/_ext/1664057780/rabbit.o
LOAD build/default/production/_ext/1664057780/rc2.o
LOAD build/default/production/_ext/1664057780/ripemd.o
LOAD build/default/production/_ext/1664057780/rsa.o
LOAD build/default/production/_ext/1664057780/sha3.o
LOAD build/default/production/_ext/1664057780/signature.o
LOAD build/default/production/_ext/1664057780/sp_arm32.o
LOAD build/default/production/_ext/1664057780/sp_arm64.o
LOAD build/default/production/_ext/1664057780/sp_armthumb.o
LOAD build/default/production/_ext/1664057780/sp_c32.o
LOAD build/default/production/_ext/1664057780/sp_c64.o
LOAD build/default/production/_ext/1664057780/sp_cortexm.o
LOAD build/default/production/_ext/1664057780/sp_dsp32.o
LOAD build/default/production/_ext/1664057780/sp_int.o
LOAD build/default/production/_ext/1664057780/sp_x86_64.o
LOAD build/default/production/_ext/1664057780/srp.o
LOAD build/default/production/_ext/1664057780/tfm.o
LOAD build/default/production/_ext/1664057780/wc_dsp.o
LOAD build/default/production/_ext/1664057780/wc_encrypt.o
LOAD build/default/production/_ext/1664057780/wc_pkcs11.o
LOAD build/default/production/_ext/1664057780/wc_port.o
LOAD build/default/production/_ext/1664057780/wolfevent.o
LOAD build/default/production/_ext/1664057780/wolfmath.o
LOAD build/default/production/_ext/1664057780/aes.o
LOAD build/default/production/_ext/1664057780/des3.o
LOAD build/default/production/_ext/1664057780/random.o
LOAD build/default/production/_ext/1664057780/sha.o
LOAD build/default/production/_ext/1664057780/sha256.o
LOAD build/default/production/_ext/1664057780/sha512.o
LOAD build/default/production/_ext/1664057780/ecc.o
LOAD build/default/production/_ext/1360937237/main.o
LOAD build/default/production/_ext/1360937237/custom_snmp_app.o
LOAD build/default/production/_ext/1360937237/app.o
LOAD build/default/production/_ext/1360937237/mpfs_img2.o
LOAD build/default/production/_ext/1360937237/http_print.o
LOAD build/default/production/_ext/1360937237/custom_http_app.o
LOAD build/default/production/_ext/1664057780/misc.o
LOAD build/default/production/_ext/1664057780/evp.o
                0x00000001                __MPLAB_BUILD = 0x1
                0x00100000                __rom_end = (ORIGIN (rom) + LENGTH (rom))
                0x20040000                __ram_end = (ORIGIN (ram) + LENGTH (ram))

.config_00804000
                0x00804000        0x4
 *(.config_00804000)
 .config_00804000
                0x00804000        0x4 build/default/production/_ext/1171490990/initialization.o
                0x00804000                __config_00804000

.config_00804008
                0x00804008        0x4
 *(.config_00804008)
 .config_00804008
                0x00804008        0x4 build/default/production/_ext/1171490990/initialization.o
                0x00804008                __config_00804008

.config_00804004
                0x00804004        0x4
 *(.config_00804004)
 .config_00804004
                0x00804004        0x4 build/default/production/_ext/1171490990/initialization.o
                0x00804004                __config_00804004

.vectors        0x00000000      0x264
                0x00000000                . = ALIGN (0x4)
                0x00000000                _sfixed = .
 *(.vectors .vectors.* .vectors_default .vectors_default.*)
 .vectors       0x00000000      0x264 build/default/production/_ext/1171490990/interrupts.o
                0x00000000                exception_table
 *(.isr_vector)
 *(.reset*)
 *(.after_vectors)

.text           0x00000264       0x20
                0x00000264                . = ALIGN (0x4)
 *(.glue_7t)
 .glue_7t       0x00000264        0x0 linker stubs
 *(.glue_7)
 .glue_7        0x00000264        0x0 linker stubs
 *(.gnu.linkonce.r.*)
 *(.ARM.extab* .gnu.linkonce.armextab.*)
                0x00000264                . = ALIGN (0x4)
 *(.init)
 .init          0x00000264        0x4 c:/program files/microchip/xc32/v3.01/bin/bin/../../lib/gcc/pic32c/8.3.1/thumb/v7e-m+fp/hard/crti.o
                0x00000264                _init
 .init          0x00000268        0x8 c:/program files/microchip/xc32/v3.01/bin/bin/../../lib/gcc/pic32c/8.3.1/thumb/v7e-m+fp/hard/crtn.o
                0x00000270                . = ALIGN (0x4)
                0x00000270                __preinit_array_start = .
 *(.preinit_array)
                0x00000270                __preinit_array_end = .
                0x00000270                . = ALIGN (0x4)
                0x00000270                __init_array_start = .
 *(SORT_BY_NAME(.init_array.*))
 *(.init_array)
 .init_array    0x00000270        0x4 c:/program files/microchip/xc32/v3.01/bin/bin/../../lib/gcc/pic32c/8.3.1/thumb/v7e-m+fp/hard/crtbegin.o
                0x00000274                __init_array_end = .
                0x00000274                . = ALIGN (0x4)
 *crtbegin.o(.ctors)
 *(EXCLUDE_FILE(*crtend.o) .ctors)
 *(SORT_BY_NAME(.ctors.*))
 *crtend.o(.ctors)
                0x00000274                . = ALIGN (0x4)
 *(.fini)
 .fini          0x00000274        0x4 c:/program files/microchip/xc32/v3.01/bin/bin/../../lib/gcc/pic32c/8.3.1/thumb/v7e-m+fp/hard/crti.o
                0x00000274                _fini
 .fini          0x00000278        0x8 c:/program files/microchip/xc32/v3.01/bin/bin/../../lib/gcc/pic32c/8.3.1/thumb/v7e-m+fp/hard/crtn.o
                0x00000280                . = ALIGN (0x4)
                0x00000280                __fini_array_start = .
 *(.fini_array)
 .fini_array    0x00000280        0x4 c:/program files/microchip/xc32/v3.01/bin/bin/../../lib/gcc/pic32c/8.3.1/thumb/v7e-m+fp/hard/crtbegin.o
 *(SORT_BY_NAME(.fini_array.*))
                0x00000284                __fini_array_end = .
 *crtbegin.o(.dtors)
 *(EXCLUDE_FILE(*crtend.o) .dtors)
 *(SORT_BY_NAME(.dtors.*))
 *crtend.o(.dtors)
                0x00000284                . = ALIGN (0x4)
                0x00000284                _efixed = .
                [!provide]                PROVIDE (__exidx_start = .)

.ARM.exidx      0x00000284        0x8
 *(.ARM.exidx* .gnu.linkonce.armexidx.*)
 .ARM.exidx     0x00000284        0x8 c:/program files/microchip/xc32/v3.01/bin/bin/../../lib/gcc/pic32c/8.3.1/thumb/v7e-m+fp/hard\libgcc.a(_udivmoddi4.o)
                [!provide]                PROVIDE (__exidx_end = .)
                0x0000028c                . = ALIGN (0x4)
                0x0000028c                _etext = .

.bss            0x20000000        0x4
                0x20000000                . = ALIGN (0x4)
                0x20000000                __bss_start__ = .
                0x20000000                _sbss = .
                0x20000000                _szero = .
 *(COMMON)
 COMMON         0x20000000        0x4 c:/program files/microchip/xc32/v3.01/bin/bin/../../lib/gcc/pic32c/8.3.1/../../../../pic32c/lib/thumb/v7e-m+fp/hard\libc_nano.a(lib_a-reent.o)
                0x20000000                errno
                0x20000004                . = ALIGN (0x4)
                0x20000004                __bss_end__ = .
                0x20000004                _ebss = .
                0x20000004                _ezero = .
                0x20000004                . = ALIGN (0x4)
                0x20000004                _end = .
                0x2003ffff                _ram_end_ = ((ORIGIN (ram) + LENGTH (ram)) - 0x1)

.bkupram_bss
 *(.bkupram_bss .bkupram_bss.*)
 *(.pbss .pbss.*)
                0x00017ac0                _min_heap_size = 0x17ac0
START GROUP
LOAD c:/program files/microchip/xc32/v3.01/bin/bin/../../lib/gcc/pic32c/8.3.1/../../../../pic32c/lib/thumb/v7e-m+fp/hard\libpic32c.a
LOAD c:/program files/microchip/xc32/v3.01/bin/bin/../../lib/gcc/pic32c/8.3.1/thumb/v7e-m+fp/hard\libgcc.a
LOAD c:/program files/microchip/xc32/v3.01/bin/bin/../../lib/gcc/pic32c/8.3.1/../../../../pic32c/lib/thumb/v7e-m+fp/hard\libm_nano.a
LOAD c:/program files/microchip/xc32/v3.01/bin/bin/../../lib/gcc/pic32c/8.3.1/../../../../pic32c/lib/thumb/v7e-m+fp/hard\libc_nano.a
END GROUP
LOAD c:/program files/microchip/xc32/v3.01/bin/bin/../../lib/gcc/pic32c/8.3.1/thumb/v7e-m+fp/hard/crtend.o
LOAD c:/program files/microchip/xc32/v3.01/bin/bin/../../lib/gcc/pic32c/8.3.1/thumb/v7e-m+fp/hard/crtn.o
OUTPUT(dist/default/production/RackGerenciavel.X.production.elf elf32-littlearm)
LOAD stack
LOAD data_init

.ARM.attributes
                0x00000000       0x30
 .ARM.attributes
                0x00000000       0x1e c:/program files/microchip/xc32/v3.01/bin/bin/../../lib/gcc/pic32c/8.3.1/thumb/v7e-m+fp/hard/crti.o
 .ARM.attributes
                0x0000001e       0x34 c:/program files/microchip/xc32/v3.01/bin/bin/../../lib/gcc/pic32c/8.3.1/thumb/v7e-m+fp/hard/crtbegin.o
 .ARM.attributes
                0x00000052       0x34 build/default/production/_ext/1645245335/crypto.o
 .ARM.attributes
                0x00000086       0x34 build/default/production/_ext/444070925/drv_ethphy.o
 .ARM.attributes
                0x000000ba       0x34 build/default/production/_ext/444070925/drv_extphy_ksz8081.o
 .ARM.attributes
                0x000000ee       0x34 build/default/production/_ext/1546807373/drv_gmac.o
 .ARM.attributes
                0x00000122       0x34 build/default/production/_ext/1546807373/drv_gmac_lib_samE5x.o
 .ARM.attributes
                0x00000156       0x34 build/default/production/_ext/992804092/drv_memory.o
 .ARM.attributes
                0x0000018a       0x34 build/default/production/_ext/992804092/drv_memory_file_system.o
 .ARM.attributes
                0x000001be       0x34 build/default/production/_ext/992804092/drv_memory_nvmctrl.o
 .ARM.attributes
                0x000001f2       0x34 build/default/production/_ext/438849557/drv_miim.o
 .ARM.attributes
                0x00000226       0x34 build/default/production/_ext/1751889202/sys_fs_shell.o
 .ARM.attributes
                0x0000025a       0x34 build/default/production/_ext/1033058136/helpers.o
 .ARM.attributes
                0x0000028e       0x34 build/default/production/_ext/1033058136/snmp.o
 .ARM.attributes
                0x000002c2       0x34 build/default/production/_ext/1033058136/icmp.o
 .ARM.attributes
                0x000002f6       0x34 build/default/production/_ext/1033058136/tcp.o
 .ARM.attributes
                0x0000032a       0x34 build/default/production/_ext/1033058136/arp.o
 .ARM.attributes
                0x0000035e       0x34 build/default/production/_ext/1033058136/tcpip_commands.o
 .ARM.attributes
                0x00000392       0x34 build/default/production/_ext/1033058136/http.o
 .ARM.attributes
                0x000003c6       0x34 build/default/production/_ext/1033058136/iperf.o
 .ARM.attributes
                0x000003fa       0x34 build/default/production/_ext/1033058136/ipv4.o
 .ARM.attributes
                0x0000042e       0x34 build/default/production/_ext/1033058136/tcpip_heap_alloc.o
 .ARM.attributes
                0x00000462       0x34 build/default/production/_ext/1033058136/tcpip_heap_internal.o
 .ARM.attributes
                0x00000496       0x34 build/default/production/_ext/1033058136/dhcp.o
 .ARM.attributes
                0x000004ca       0x34 build/default/production/_ext/1033058136/dns.o
 .ARM.attributes
                0x000004fe       0x34 build/default/production/_ext/1033058136/hash_fnv.o
 .ARM.attributes
                0x00000532       0x34 build/default/production/_ext/1033058136/oahash.o
 .ARM.attributes
                0x00000566       0x34 build/default/production/_ext/1033058136/tcpip_helpers.o
 .ARM.attributes
                0x0000059a       0x34 build/default/production/_ext/1033058136/tcpip_manager.o
 .ARM.attributes
                0x000005ce       0x34 build/default/production/_ext/1033058136/tcpip_notify.o
 .ARM.attributes
                0x00000602       0x34 build/default/production/_ext/1033058136/tcpip_packet.o
 .ARM.attributes
                0x00000636       0x34 build/default/production/_ext/1033058136/udp.o
 .ARM.attributes
                0x0000066a       0x34 build/default/production/_ext/1529399856/osal_freertos.o
 .ARM.attributes
                0x0000069e       0x34 build/default/production/_ext/1984496892/plib_clock.o
 .ARM.attributes
                0x000006d2       0x34 build/default/production/_ext/1986646378/plib_evsys.o
 .ARM.attributes
                0x00000706       0x34 build/default/production/_ext/1865468468/plib_nvic.o
 .ARM.attributes
                0x0000073a       0x34 build/default/production/_ext/1593096446/plib_nvmctrl.o
 .ARM.attributes
                0x0000076e       0x34 build/default/production/_ext/1865521619/plib_port.o
 .ARM.attributes
                0x000007a2       0x34 build/default/production/_ext/504274921/plib_sercom1_usart.o
 .ARM.attributes
                0x000007d6       0x34 build/default/production/_ext/829342655/plib_tc0.o
 .ARM.attributes
                0x0000080a       0x34 build/default/production/_ext/1376093119/sys_command.o
 .ARM.attributes
                0x0000083e       0x34 build/default/production/_ext/1832805299/sys_console_uart.o
 .ARM.attributes
                0x00000872       0x34 build/default/production/_ext/1832805299/sys_console.o
 .ARM.attributes
                0x000008a6       0x34 build/default/production/_ext/944882569/sys_debug.o
 .ARM.attributes
                0x000008da       0x34 build/default/production/_ext/699575981/mpfs.o
 .ARM.attributes
                0x0000090e       0x34 build/default/production/_ext/1269487135/sys_fs.o
 .ARM.attributes
                0x00000942       0x34 build/default/production/_ext/1269487135/sys_fs_media_manager.o
 .ARM.attributes
                0x00000976       0x34 build/default/production/_ext/1881668453/sys_int.o
 .ARM.attributes
                0x000009aa       0x34 build/default/production/_ext/1000052432/sys_reset.o
 .ARM.attributes
                0x000009de       0x34 build/default/production/_ext/101884895/sys_time.o
 .ARM.attributes
                0x00000a12       0x34 build/default/production/_ext/753841488/sys_time_h2_adapter.o
 .ARM.attributes
                0x00000a46       0x34 build/default/production/_ext/753841488/sys_random_h2_adapter.o
 .ARM.attributes
                0x00000a7a       0x34 build/default/production/_ext/1171490990/initialization.o
 .ARM.attributes
                0x00000aae       0x34 build/default/production/_ext/1171490990/interrupts.o
 .ARM.attributes
                0x00000ae2       0x34 build/default/production/_ext/1171490990/exceptions.o
 .ARM.attributes
                0x00000b16       0x34 build/default/production/_ext/1171490990/startup_xc32.o
 .ARM.attributes
                0x00000b4a       0x34 build/default/production/_ext/1171490990/tasks.o
 .ARM.attributes
                0x00000b7e       0x34 build/default/production/_ext/1171490990/freertos_hooks.o
 .ARM.attributes
                0x00000bb2       0x34 build/default/production/_ext/246609638/port.o
 .ARM.attributes
                0x00000be6       0x34 build/default/production/_ext/1665200909/heap_1.o
 .ARM.attributes
                0x00000c1a       0x34 build/default/production/_ext/404212886/list.o
 .ARM.attributes
                0x00000c4e       0x34 build/default/production/_ext/404212886/queue.o
 .ARM.attributes
                0x00000c82       0x34 build/default/production/_ext/404212886/FreeRTOS_tasks.o
 .ARM.attributes
                0x00000cb6       0x34 build/default/production/_ext/172253694/crypt_wolfcryptcb.o
 .ARM.attributes
                0x00000cea       0x34 build/default/production/_ext/1664057780/cryptocb.o
 .ARM.attributes
                0x00000d1e       0x34 build/default/production/_ext/1664057780/md5.o
 .ARM.attributes
                0x00000d52       0x34 build/default/production/_ext/1664057780/random.o
 .ARM.attributes
                0x00000d86       0x34 build/default/production/_ext/1664057780/sha256.o
 .ARM.attributes
                0x00000dba       0x34 build/default/production/_ext/1360937237/main.o
 .ARM.attributes
                0x00000dee       0x34 build/default/production/_ext/1360937237/custom_snmp_app.o
 .ARM.attributes
                0x00000e22       0x34 build/default/production/_ext/1360937237/app.o
 .ARM.attributes
                0x00000e56       0x39 build/default/production/_ext/1360937237/mpfs_img2.o
 .ARM.attributes
                0x00000e8f       0x34 build/default/production/_ext/1360937237/http_print.o
 .ARM.attributes
                0x00000ec3       0x34 build/default/production/_ext/1360937237/custom_http_app.o
 .ARM.attributes
                0x00000ef7       0x34 c:/program files/microchip/xc32/v3.01/bin/bin/../../lib/gcc/pic32c/8.3.1/../../../../pic32c/lib/thumb/v7e-m+fp/hard\libpic32c.a(data_init.o)
 .ARM.attributes
                0x00000f2b       0x1e c:/program files/microchip/xc32/v3.01/bin/bin/../../lib/gcc/pic32c/8.3.1/thumb/v7e-m+fp/hard\libgcc.a(_arm_addsubdf3.o)
 .ARM.attributes
                0x00000f49       0x1e c:/program files/microchip/xc32/v3.01/bin/bin/../../lib/gcc/pic32c/8.3.1/thumb/v7e-m+fp/hard\libgcc.a(_arm_muldivdf3.o)
 .ARM.attributes
                0x00000f67       0x1e c:/program files/microchip/xc32/v3.01/bin/bin/../../lib/gcc/pic32c/8.3.1/thumb/v7e-m+fp/hard\libgcc.a(_arm_cmpdf2.o)
 .ARM.attributes
                0x00000f85       0x1e c:/program files/microchip/xc32/v3.01/bin/bin/../../lib/gcc/pic32c/8.3.1/thumb/v7e-m+fp/hard\libgcc.a(_arm_fixunsdfsi.o)
 .ARM.attributes
                0x00000fa3       0x1e c:/program files/microchip/xc32/v3.01/bin/bin/../../lib/gcc/pic32c/8.3.1/thumb/v7e-m+fp/hard\libgcc.a(_aeabi_uldivmod.o)
 .ARM.attributes
                0x00000fc1       0x34 c:/program files/microchip/xc32/v3.01/bin/bin/../../lib/gcc/pic32c/8.3.1/thumb/v7e-m+fp/hard\libgcc.a(_udivmoddi4.o)
 .ARM.attributes
                0x00000ff5       0x1e c:/program files/microchip/xc32/v3.01/bin/bin/../../lib/gcc/pic32c/8.3.1/thumb/v7e-m+fp/hard\libgcc.a(_dvmd_tls.o)
 .ARM.attributes
                0x00001013       0x34 c:/program files/microchip/xc32/v3.01/bin/bin/../../lib/gcc/pic32c/8.3.1/../../../../pic32c/lib/thumb/v7e-m+fp/hard\libc_nano.a(lib_a-atoi.o)
 .ARM.attributes
                0x00001047       0x34 c:/program files/microchip/xc32/v3.01/bin/bin/../../lib/gcc/pic32c/8.3.1/../../../../pic32c/lib/thumb/v7e-m+fp/hard\libc_nano.a(lib_a-atol.o)
 .ARM.attributes
                0x0000107b       0x34 c:/program files/microchip/xc32/v3.01/bin/bin/../../lib/gcc/pic32c/8.3.1/../../../../pic32c/lib/thumb/v7e-m+fp/hard\libc_nano.a(lib_a-calloc.o)
 .ARM.attributes
                0x000010af       0x32 c:/program files/microchip/xc32/v3.01/bin/bin/../../lib/gcc/pic32c/8.3.1/../../../../pic32c/lib/thumb/v7e-m+fp/hard\libc_nano.a(lib_a-ctype_.o)
 .ARM.attributes
                0x000010e1       0x32 c:/program files/microchip/xc32/v3.01/bin/bin/../../lib/gcc/pic32c/8.3.1/../../../../pic32c/lib/thumb/v7e-m+fp/hard\libc_nano.a(lib_a-impure.o)
 .ARM.attributes
                0x00001113       0x34 c:/program files/microchip/xc32/v3.01/bin/bin/../../lib/gcc/pic32c/8.3.1/../../../../pic32c/lib/thumb/v7e-m+fp/hard\libc_nano.a(lib_a-init.o)
 .ARM.attributes
                0x00001147       0x34 c:/program files/microchip/xc32/v3.01/bin/bin/../../lib/gcc/pic32c/8.3.1/../../../../pic32c/lib/thumb/v7e-m+fp/hard\libc_nano.a(lib_a-malloc.o)
 .ARM.attributes
                0x0000117b       0x34 c:/program files/microchip/xc32/v3.01/bin/bin/../../lib/gcc/pic32c/8.3.1/../../../../pic32c/lib/thumb/v7e-m+fp/hard\libc_nano.a(lib_a-memcmp.o)
 .ARM.attributes
                0x000011af       0x34 c:/program files/microchip/xc32/v3.01/bin/bin/../../lib/gcc/pic32c/8.3.1/../../../../pic32c/lib/thumb/v7e-m+fp/hard\libc_nano.a(lib_a-memcpy-stub.o)
 .ARM.attributes
                0x000011e3       0x34 c:/program files/microchip/xc32/v3.01/bin/bin/../../lib/gcc/pic32c/8.3.1/../../../../pic32c/lib/thumb/v7e-m+fp/hard\libc_nano.a(lib_a-memmove.o)
 .ARM.attributes
                0x00001217       0x34 c:/program files/microchip/xc32/v3.01/bin/bin/../../lib/gcc/pic32c/8.3.1/../../../../pic32c/lib/thumb/v7e-m+fp/hard\libc_nano.a(lib_a-memset.o)
 .ARM.attributes
                0x0000124b       0x34 c:/program files/microchip/xc32/v3.01/bin/bin/../../lib/gcc/pic32c/8.3.1/../../../../pic32c/lib/thumb/v7e-m+fp/hard\libc_nano.a(lib_a-nano-callocr.o)
 .ARM.attributes
                0x0000127f       0x34 c:/program files/microchip/xc32/v3.01/bin/bin/../../lib/gcc/pic32c/8.3.1/../../../../pic32c/lib/thumb/v7e-m+fp/hard\libc_nano.a(lib_a-nano-freer.o)
 .ARM.attributes
                0x000012b3       0x34 c:/program files/microchip/xc32/v3.01/bin/bin/../../lib/gcc/pic32c/8.3.1/../../../../pic32c/lib/thumb/v7e-m+fp/hard\libc_nano.a(lib_a-nano-mallocr.o)
 .ARM.attributes
                0x000012e7       0x34 c:/program files/microchip/xc32/v3.01/bin/bin/../../lib/gcc/pic32c/8.3.1/../../../../pic32c/lib/thumb/v7e-m+fp/hard\libc_nano.a(lib_a-rand.o)
 .ARM.attributes
                0x0000131b       0x34 c:/program files/microchip/xc32/v3.01/bin/bin/../../lib/gcc/pic32c/8.3.1/../../../../pic32c/lib/thumb/v7e-m+fp/hard\libc_nano.a(lib_a-sbrkr.o)
 .ARM.attributes
                0x0000134f       0x34 c:/program files/microchip/xc32/v3.01/bin/bin/../../lib/gcc/pic32c/8.3.1/../../../../pic32c/lib/thumb/v7e-m+fp/hard\libc_nano.a(lib_a-snprintf.o)
 .ARM.attributes
                0x00001383       0x34 c:/program files/microchip/xc32/v3.01/bin/bin/../../lib/gcc/pic32c/8.3.1/../../../../pic32c/lib/thumb/v7e-m+fp/hard\libc_nano.a(lib_a-sprintf.o)
 .ARM.attributes
                0x000013b7       0x34 c:/program files/microchip/xc32/v3.01/bin/bin/../../lib/gcc/pic32c/8.3.1/../../../../pic32c/lib/thumb/v7e-m+fp/hard\libc_nano.a(lib_a-strchr.o)
 .ARM.attributes
                0x000013eb       0x1c c:/program files/microchip/xc32/v3.01/bin/bin/../../lib/gcc/pic32c/8.3.1/../../../../pic32c/lib/thumb/v7e-m+fp/hard\libc_nano.a(lib_a-strcmp.o)
 .ARM.attributes
                0x00001407       0x34 c:/program files/microchip/xc32/v3.01/bin/bin/../../lib/gcc/pic32c/8.3.1/../../../../pic32c/lib/thumb/v7e-m+fp/hard\libc_nano.a(lib_a-strcpy.o)
 .ARM.attributes
                0x0000143b       0x17 c:/program files/microchip/xc32/v3.01/bin/bin/../../lib/gcc/pic32c/8.3.1/../../../../pic32c/lib/thumb/v7e-m+fp/hard\libc_nano.a(lib_a-strlen.o)
 .ARM.attributes
                0x00001452       0x34 c:/program files/microchip/xc32/v3.01/bin/bin/../../lib/gcc/pic32c/8.3.1/../../../../pic32c/lib/thumb/v7e-m+fp/hard\libc_nano.a(lib_a-strncmp.o)
 .ARM.attributes
                0x00001486       0x34 c:/program files/microchip/xc32/v3.01/bin/bin/../../lib/gcc/pic32c/8.3.1/../../../../pic32c/lib/thumb/v7e-m+fp/hard\libc_nano.a(lib_a-strncpy.o)
 .ARM.attributes
                0x000014ba       0x34 c:/program files/microchip/xc32/v3.01/bin/bin/../../lib/gcc/pic32c/8.3.1/../../../../pic32c/lib/thumb/v7e-m+fp/hard\libc_nano.a(lib_a-strstr.o)
 .ARM.attributes
                0x000014ee       0x34 c:/program files/microchip/xc32/v3.01/bin/bin/../../lib/gcc/pic32c/8.3.1/../../../../pic32c/lib/thumb/v7e-m+fp/hard\libc_nano.a(lib_a-strtok.o)
 .ARM.attributes
                0x00001522       0x34 c:/program files/microchip/xc32/v3.01/bin/bin/../../lib/gcc/pic32c/8.3.1/../../../../pic32c/lib/thumb/v7e-m+fp/hard\libc_nano.a(lib_a-strtok_r.o)
 .ARM.attributes
                0x00001556       0x34 c:/program files/microchip/xc32/v3.01/bin/bin/../../lib/gcc/pic32c/8.3.1/../../../../pic32c/lib/thumb/v7e-m+fp/hard\libc_nano.a(lib_a-strtol.o)
 .ARM.attributes
                0x0000158a       0x34 c:/program files/microchip/xc32/v3.01/bin/bin/../../lib/gcc/pic32c/8.3.1/../../../../pic32c/lib/thumb/v7e-m+fp/hard\libc_nano.a(lib_a-vsnprintf.o)
 .ARM.attributes
                0x000015be       0x34 c:/program files/microchip/xc32/v3.01/bin/bin/../../lib/gcc/pic32c/8.3.1/../../../../pic32c/lib/thumb/v7e-m+fp/hard\libc_nano.a(lib_a-mlock.o)
 .ARM.attributes
                0x000015f2       0x34 c:/program files/microchip/xc32/v3.01/bin/bin/../../lib/gcc/pic32c/8.3.1/../../../../pic32c/lib/thumb/v7e-m+fp/hard\libc_nano.a(lib_a-nano-svfprintf.o)
 .ARM.attributes
                0x00001626       0x34 c:/program files/microchip/xc32/v3.01/bin/bin/../../lib/gcc/pic32c/8.3.1/../../../../pic32c/lib/thumb/v7e-m+fp/hard\libc_nano.a(lib_a-nano-vfprintf_float.o)
 .ARM.attributes
                0x0000165a       0x34 c:/program files/microchip/xc32/v3.01/bin/bin/../../lib/gcc/pic32c/8.3.1/../../../../pic32c/lib/thumb/v7e-m+fp/hard\libc_nano.a(lib_a-nano-vfprintf_i.o)
 .ARM.attributes
                0x0000168e       0x34 c:/program files/microchip/xc32/v3.01/bin/bin/../../lib/gcc/pic32c/8.3.1/../../../../pic32c/lib/thumb/v7e-m+fp/hard\libc_nano.a(lib_a-reent.o)
 .ARM.attributes
                0x000016c2       0x34 c:/program files/microchip/xc32/v3.01/bin/bin/../../lib/gcc/pic32c/8.3.1/../../../../pic32c/lib/thumb/v7e-m+fp/hard\libc_nano.a(lib_a-__ssputs.o)
 .ARM.attributes
                0x000016f6       0x34 c:/program files/microchip/xc32/v3.01/bin/bin/../../lib/gcc/pic32c/8.3.1/../../../../pic32c/lib/thumb/v7e-m+fp/hard\libc_nano.a(lib_a-dtoa.o)
 .ARM.attributes
                0x0000172a       0x34 c:/program files/microchip/xc32/v3.01/bin/bin/../../lib/gcc/pic32c/8.3.1/../../../../pic32c/lib/thumb/v7e-m+fp/hard\libc_nano.a(lib_a-localeconv.o)
 .ARM.attributes
                0x0000175e       0x1c c:/program files/microchip/xc32/v3.01/bin/bin/../../lib/gcc/pic32c/8.3.1/../../../../pic32c/lib/thumb/v7e-m+fp/hard\libc_nano.a(lib_a-memchr.o)
 .ARM.attributes
                0x0000177a       0x34 c:/program files/microchip/xc32/v3.01/bin/bin/../../lib/gcc/pic32c/8.3.1/../../../../pic32c/lib/thumb/v7e-m+fp/hard\libc_nano.a(lib_a-mprec.o)
 .ARM.attributes
                0x000017ae       0x34 c:/program files/microchip/xc32/v3.01/bin/bin/../../lib/gcc/pic32c/8.3.1/../../../../pic32c/lib/thumb/v7e-m+fp/hard\libc_nano.a(lib_a-nano-reallocr.o)
 .ARM.attributes
                0x000017e2       0x34 c:/program files/microchip/xc32/v3.01/bin/bin/../../lib/gcc/pic32c/8.3.1/../../../../pic32c/lib/thumb/v7e-m+fp/hard\libc_nano.a(lib_a-locale.o)
 .ARM.attributes
                0x00001816       0x34 c:/program files/microchip/xc32/v3.01/bin/bin/../../lib/gcc/pic32c/8.3.1/../../../../pic32c/lib/thumb/v7e-m+fp/hard\libc_nano.a(lib_a-mbtowc_r.o)
 .ARM.attributes
                0x0000184a       0x34 c:/program files/microchip/xc32/v3.01/bin/bin/../../lib/gcc/pic32c/8.3.1/../../../../pic32c/lib/thumb/v7e-m+fp/hard\libc_nano.a(lib_a-nano-msizer.o)
 .ARM.attributes
                0x0000187e       0x34 c:/program files/microchip/xc32/v3.01/bin/bin/../../lib/gcc/pic32c/8.3.1/../../../../pic32c/lib/thumb/v7e-m+fp/hard\libc_nano.a(lib_a-wctomb_r.o)
 .ARM.attributes
                0x000018b2       0x34 c:/program files/microchip/xc32/v3.01/bin/bin/../../lib/gcc/pic32c/8.3.1/../../../../pic32c/lib/thumb/v7e-m+fp/hard\libpic32c.a(sbrk.o)
 .ARM.attributes
                0x000018e6       0x1e c:/program files/microchip/xc32/v3.01/bin/bin/../../lib/gcc/pic32c/8.3.1/thumb/v7e-m+fp/hard\libgcc.a(_arm_unorddf2.o)
 .ARM.attributes
                0x00001904       0x1e c:/program files/microchip/xc32/v3.01/bin/bin/../../lib/gcc/pic32c/8.3.1/thumb/v7e-m+fp/hard\libgcc.a(_arm_fixdfsi.o)
 .ARM.attributes
                0x00001922       0x1e c:/program files/microchip/xc32/v3.01/bin/bin/../../lib/gcc/pic32c/8.3.1/thumb/v7e-m+fp/hard/crtn.o

.comment        0x00000000       0x53
 .comment       0x00000000       0x53 c:/program files/microchip/xc32/v3.01/bin/bin/../../lib/gcc/pic32c/8.3.1/thumb/v7e-m+fp/hard/crtbegin.o
                                 0x54 (size before relaxing)
 .comment       0x00000053       0x54 build/default/production/_ext/1645245335/crypto.o
 .comment       0x00000053       0x54 build/default/production/_ext/444070925/drv_ethphy.o
 .comment       0x00000053       0x54 build/default/production/_ext/444070925/drv_extphy_ksz8081.o
 .comment       0x00000053       0x54 build/default/production/_ext/1546807373/drv_gmac.o
 .comment       0x00000053       0x54 build/default/production/_ext/1546807373/drv_gmac_lib_samE5x.o
 .comment       0x00000053       0x54 build/default/production/_ext/992804092/drv_memory.o
 .comment       0x00000053       0x54 build/default/production/_ext/992804092/drv_memory_file_system.o
 .comment       0x00000053       0x54 build/default/production/_ext/992804092/drv_memory_nvmctrl.o
 .comment       0x00000053       0x54 build/default/production/_ext/438849557/drv_miim.o
 .comment       0x00000053       0x54 build/default/production/_ext/1751889202/sys_fs_shell.o
 .comment       0x00000053       0x54 build/default/production/_ext/1033058136/helpers.o
 .comment       0x00000053       0x54 build/default/production/_ext/1033058136/snmp.o
 .comment       0x00000053       0x54 build/default/production/_ext/1033058136/icmp.o
 .comment       0x00000053       0x54 build/default/production/_ext/1033058136/tcp.o
 .comment       0x00000053       0x54 build/default/production/_ext/1033058136/arp.o
 .comment       0x00000053       0x54 build/default/production/_ext/1033058136/tcpip_commands.o
 .comment       0x00000053       0x54 build/default/production/_ext/1033058136/http.o
 .comment       0x00000053       0x54 build/default/production/_ext/1033058136/iperf.o
 .comment       0x00000053       0x54 build/default/production/_ext/1033058136/ipv4.o
 .comment       0x00000053       0x54 build/default/production/_ext/1033058136/tcpip_heap_alloc.o
 .comment       0x00000053       0x54 build/default/production/_ext/1033058136/tcpip_heap_internal.o
 .comment       0x00000053       0x54 build/default/production/_ext/1033058136/dhcp.o
 .comment       0x00000053       0x54 build/default/production/_ext/1033058136/dns.o
 .comment       0x00000053       0x54 build/default/production/_ext/1033058136/hash_fnv.o
 .comment       0x00000053       0x54 build/default/production/_ext/1033058136/oahash.o
 .comment       0x00000053       0x54 build/default/production/_ext/1033058136/tcpip_helpers.o
 .comment       0x00000053       0x54 build/default/production/_ext/1033058136/tcpip_manager.o
 .comment       0x00000053       0x54 build/default/production/_ext/1033058136/tcpip_notify.o
 .comment       0x00000053       0x54 build/default/production/_ext/1033058136/tcpip_packet.o
 .comment       0x00000053       0x54 build/default/production/_ext/1033058136/udp.o
 .comment       0x00000053       0x54 build/default/production/_ext/1529399856/osal_freertos.o
 .comment       0x00000053       0x54 build/default/production/_ext/1984496892/plib_clock.o
 .comment       0x00000053       0x54 build/default/production/_ext/1986646378/plib_evsys.o
 .comment       0x00000053       0x54 build/default/production/_ext/1865468468/plib_nvic.o
 .comment       0x00000053       0x54 build/default/production/_ext/1593096446/plib_nvmctrl.o
 .comment       0x00000053       0x54 build/default/production/_ext/1865521619/plib_port.o
 .comment       0x00000053       0x54 build/default/production/_ext/504274921/plib_sercom1_usart.o
 .comment       0x00000053       0x54 build/default/production/_ext/829342655/plib_tc0.o
 .comment       0x00000053       0x54 build/default/production/_ext/1376093119/sys_command.o
 .comment       0x00000053       0x54 build/default/production/_ext/1832805299/sys_console_uart.o
 .comment       0x00000053       0x54 build/default/production/_ext/1832805299/sys_console.o
 .comment       0x00000053       0x54 build/default/production/_ext/944882569/sys_debug.o
 .comment       0x00000053       0x54 build/default/production/_ext/699575981/mpfs.o
 .comment       0x00000053       0x54 build/default/production/_ext/1269487135/sys_fs.o
 .comment       0x00000053       0x54 build/default/production/_ext/1269487135/sys_fs_media_manager.o
 .comment       0x00000053       0x54 build/default/production/_ext/1881668453/sys_int.o
 .comment       0x00000053       0x54 build/default/production/_ext/1000052432/sys_reset.o
 .comment       0x00000053       0x54 build/default/production/_ext/101884895/sys_time.o
 .comment       0x00000053       0x54 build/default/production/_ext/753841488/sys_time_h2_adapter.o
 .comment       0x00000053       0x54 build/default/production/_ext/753841488/sys_random_h2_adapter.o
 .comment       0x00000053       0x54 build/default/production/_ext/1171490990/initialization.o
 .comment       0x00000053       0x54 build/default/production/_ext/1171490990/interrupts.o
 .comment       0x00000053       0x54 build/default/production/_ext/1171490990/exceptions.o
 .comment       0x00000053       0x54 build/default/production/_ext/1171490990/startup_xc32.o
 .comment       0x00000053       0x54 build/default/production/_ext/1171490990/tasks.o
 .comment       0x00000053       0x54 build/default/production/_ext/1171490990/freertos_hooks.o
 .comment       0x00000053       0x54 build/default/production/_ext/246609638/port.o
 .comment       0x00000053       0x54 build/default/production/_ext/1665200909/heap_1.o
 .comment       0x00000053       0x54 build/default/production/_ext/404212886/list.o
 .comment       0x00000053       0x54 build/default/production/_ext/404212886/queue.o
 .comment       0x00000053       0x54 build/default/production/_ext/404212886/FreeRTOS_tasks.o
 .comment       0x00000053       0x54 build/default/production/_ext/172253694/crypt_wolfcryptcb.o
 .comment       0x00000053       0x54 build/default/production/_ext/1664057780/cryptocb.o
 .comment       0x00000053       0x54 build/default/production/_ext/1664057780/md5.o
 .comment       0x00000053       0x54 build/default/production/_ext/1664057780/random.o
 .comment       0x00000053       0x54 build/default/production/_ext/1664057780/sha256.o
 .comment       0x00000053       0x54 build/default/production/_ext/1360937237/main.o
 .comment       0x00000053       0x54 build/default/production/_ext/1360937237/custom_snmp_app.o
 .comment       0x00000053       0x54 build/default/production/_ext/1360937237/app.o
 .comment       0x00000053       0x54 build/default/production/_ext/1360937237/mpfs_img2.o
 .comment       0x00000053       0x54 build/default/production/_ext/1360937237/http_print.o
 .comment       0x00000053       0x54 build/default/production/_ext/1360937237/custom_http_app.o
 .comment       0x00000053       0x54 c:/program files/microchip/xc32/v3.01/bin/bin/../../lib/gcc/pic32c/8.3.1/../../../../pic32c/lib/thumb/v7e-m+fp/hard\libpic32c.a(data_init.o)
 .comment       0x00000053       0x54 c:/program files/microchip/xc32/v3.01/bin/bin/../../lib/gcc/pic32c/8.3.1/thumb/v7e-m+fp/hard\libgcc.a(_udivmoddi4.o)
 .comment       0x00000053       0x54 c:/program files/microchip/xc32/v3.01/bin/bin/../../lib/gcc/pic32c/8.3.1/../../../../pic32c/lib/thumb/v7e-m+fp/hard\libc_nano.a(lib_a-atoi.o)
 .comment       0x00000053       0x54 c:/program files/microchip/xc32/v3.01/bin/bin/../../lib/gcc/pic32c/8.3.1/../../../../pic32c/lib/thumb/v7e-m+fp/hard\libc_nano.a(lib_a-atol.o)
 .comment       0x00000053       0x54 c:/program files/microchip/xc32/v3.01/bin/bin/../../lib/gcc/pic32c/8.3.1/../../../../pic32c/lib/thumb/v7e-m+fp/hard\libc_nano.a(lib_a-calloc.o)
 .comment       0x00000053       0x54 c:/program files/microchip/xc32/v3.01/bin/bin/../../lib/gcc/pic32c/8.3.1/../../../../pic32c/lib/thumb/v7e-m+fp/hard\libc_nano.a(lib_a-ctype_.o)
 .comment       0x00000053       0x54 c:/program files/microchip/xc32/v3.01/bin/bin/../../lib/gcc/pic32c/8.3.1/../../../../pic32c/lib/thumb/v7e-m+fp/hard\libc_nano.a(lib_a-impure.o)
 .comment       0x00000053       0x54 c:/program files/microchip/xc32/v3.01/bin/bin/../../lib/gcc/pic32c/8.3.1/../../../../pic32c/lib/thumb/v7e-m+fp/hard\libc_nano.a(lib_a-init.o)
 .comment       0x00000053       0x54 c:/program files/microchip/xc32/v3.01/bin/bin/../../lib/gcc/pic32c/8.3.1/../../../../pic32c/lib/thumb/v7e-m+fp/hard\libc_nano.a(lib_a-malloc.o)
 .comment       0x00000053       0x54 c:/program files/microchip/xc32/v3.01/bin/bin/../../lib/gcc/pic32c/8.3.1/../../../../pic32c/lib/thumb/v7e-m+fp/hard\libc_nano.a(lib_a-memcmp.o)
 .comment       0x00000053       0x54 c:/program files/microchip/xc32/v3.01/bin/bin/../../lib/gcc/pic32c/8.3.1/../../../../pic32c/lib/thumb/v7e-m+fp/hard\libc_nano.a(lib_a-memcpy-stub.o)
 .comment       0x00000053       0x54 c:/program files/microchip/xc32/v3.01/bin/bin/../../lib/gcc/pic32c/8.3.1/../../../../pic32c/lib/thumb/v7e-m+fp/hard\libc_nano.a(lib_a-memmove.o)
 .comment       0x00000053       0x54 c:/program files/microchip/xc32/v3.01/bin/bin/../../lib/gcc/pic32c/8.3.1/../../../../pic32c/lib/thumb/v7e-m+fp/hard\libc_nano.a(lib_a-memset.o)
 .comment       0x00000053       0x54 c:/program files/microchip/xc32/v3.01/bin/bin/../../lib/gcc/pic32c/8.3.1/../../../../pic32c/lib/thumb/v7e-m+fp/hard\libc_nano.a(lib_a-nano-callocr.o)
 .comment       0x00000053       0x54 c:/program files/microchip/xc32/v3.01/bin/bin/../../lib/gcc/pic32c/8.3.1/../../../../pic32c/lib/thumb/v7e-m+fp/hard\libc_nano.a(lib_a-nano-freer.o)
 .comment       0x00000053       0x54 c:/program files/microchip/xc32/v3.01/bin/bin/../../lib/gcc/pic32c/8.3.1/../../../../pic32c/lib/thumb/v7e-m+fp/hard\libc_nano.a(lib_a-nano-mallocr.o)
 .comment       0x00000053       0x54 c:/program files/microchip/xc32/v3.01/bin/bin/../../lib/gcc/pic32c/8.3.1/../../../../pic32c/lib/thumb/v7e-m+fp/hard\libc_nano.a(lib_a-rand.o)
 .comment       0x00000053       0x54 c:/program files/microchip/xc32/v3.01/bin/bin/../../lib/gcc/pic32c/8.3.1/../../../../pic32c/lib/thumb/v7e-m+fp/hard\libc_nano.a(lib_a-sbrkr.o)
 .comment       0x00000053       0x54 c:/program files/microchip/xc32/v3.01/bin/bin/../../lib/gcc/pic32c/8.3.1/../../../../pic32c/lib/thumb/v7e-m+fp/hard\libc_nano.a(lib_a-snprintf.o)
 .comment       0x00000053       0x54 c:/program files/microchip/xc32/v3.01/bin/bin/../../lib/gcc/pic32c/8.3.1/../../../../pic32c/lib/thumb/v7e-m+fp/hard\libc_nano.a(lib_a-sprintf.o)
 .comment       0x00000053       0x54 c:/program files/microchip/xc32/v3.01/bin/bin/../../lib/gcc/pic32c/8.3.1/../../../../pic32c/lib/thumb/v7e-m+fp/hard\libc_nano.a(lib_a-strchr.o)
 .comment       0x00000053       0x54 c:/program files/microchip/xc32/v3.01/bin/bin/../../lib/gcc/pic32c/8.3.1/../../../../pic32c/lib/thumb/v7e-m+fp/hard\libc_nano.a(lib_a-strcpy.o)
 .comment       0x00000053       0x54 c:/program files/microchip/xc32/v3.01/bin/bin/../../lib/gcc/pic32c/8.3.1/../../../../pic32c/lib/thumb/v7e-m+fp/hard\libc_nano.a(lib_a-strncmp.o)
 .comment       0x00000053       0x54 c:/program files/microchip/xc32/v3.01/bin/bin/../../lib/gcc/pic32c/8.3.1/../../../../pic32c/lib/thumb/v7e-m+fp/hard\libc_nano.a(lib_a-strncpy.o)
 .comment       0x00000053       0x54 c:/program files/microchip/xc32/v3.01/bin/bin/../../lib/gcc/pic32c/8.3.1/../../../../pic32c/lib/thumb/v7e-m+fp/hard\libc_nano.a(lib_a-strstr.o)
 .comment       0x00000053       0x54 c:/program files/microchip/xc32/v3.01/bin/bin/../../lib/gcc/pic32c/8.3.1/../../../../pic32c/lib/thumb/v7e-m+fp/hard\libc_nano.a(lib_a-strtok.o)
 .comment       0x00000053       0x54 c:/program files/microchip/xc32/v3.01/bin/bin/../../lib/gcc/pic32c/8.3.1/../../../../pic32c/lib/thumb/v7e-m+fp/hard\libc_nano.a(lib_a-strtok_r.o)
 .comment       0x00000053       0x54 c:/program files/microchip/xc32/v3.01/bin/bin/../../lib/gcc/pic32c/8.3.1/../../../../pic32c/lib/thumb/v7e-m+fp/hard\libc_nano.a(lib_a-strtol.o)
 .comment       0x00000053       0x54 c:/program files/microchip/xc32/v3.01/bin/bin/../../lib/gcc/pic32c/8.3.1/../../../../pic32c/lib/thumb/v7e-m+fp/hard\libc_nano.a(lib_a-vsnprintf.o)
 .comment       0x00000053       0x54 c:/program files/microchip/xc32/v3.01/bin/bin/../../lib/gcc/pic32c/8.3.1/../../../../pic32c/lib/thumb/v7e-m+fp/hard\libc_nano.a(lib_a-mlock.o)
 .comment       0x00000053       0x54 c:/program files/microchip/xc32/v3.01/bin/bin/../../lib/gcc/pic32c/8.3.1/../../../../pic32c/lib/thumb/v7e-m+fp/hard\libc_nano.a(lib_a-nano-svfprintf.o)
 .comment       0x00000053       0x54 c:/program files/microchip/xc32/v3.01/bin/bin/../../lib/gcc/pic32c/8.3.1/../../../../pic32c/lib/thumb/v7e-m+fp/hard\libc_nano.a(lib_a-nano-vfprintf_float.o)
 .comment       0x00000053       0x54 c:/program files/microchip/xc32/v3.01/bin/bin/../../lib/gcc/pic32c/8.3.1/../../../../pic32c/lib/thumb/v7e-m+fp/hard\libc_nano.a(lib_a-nano-vfprintf_i.o)
 .comment       0x00000053       0x54 c:/program files/microchip/xc32/v3.01/bin/bin/../../lib/gcc/pic32c/8.3.1/../../../../pic32c/lib/thumb/v7e-m+fp/hard\libc_nano.a(lib_a-reent.o)
 .comment       0x00000053       0x54 c:/program files/microchip/xc32/v3.01/bin/bin/../../lib/gcc/pic32c/8.3.1/../../../../pic32c/lib/thumb/v7e-m+fp/hard\libc_nano.a(lib_a-__ssputs.o)
 .comment       0x00000053       0x54 c:/program files/microchip/xc32/v3.01/bin/bin/../../lib/gcc/pic32c/8.3.1/../../../../pic32c/lib/thumb/v7e-m+fp/hard\libc_nano.a(lib_a-dtoa.o)
 .comment       0x00000053       0x54 c:/program files/microchip/xc32/v3.01/bin/bin/../../lib/gcc/pic32c/8.3.1/../../../../pic32c/lib/thumb/v7e-m+fp/hard\libc_nano.a(lib_a-localeconv.o)
 .comment       0x00000053       0x54 c:/program files/microchip/xc32/v3.01/bin/bin/../../lib/gcc/pic32c/8.3.1/../../../../pic32c/lib/thumb/v7e-m+fp/hard\libc_nano.a(lib_a-mprec.o)
 .comment       0x00000053       0x54 c:/program files/microchip/xc32/v3.01/bin/bin/../../lib/gcc/pic32c/8.3.1/../../../../pic32c/lib/thumb/v7e-m+fp/hard\libc_nano.a(lib_a-nano-reallocr.o)
 .comment       0x00000053       0x54 c:/program files/microchip/xc32/v3.01/bin/bin/../../lib/gcc/pic32c/8.3.1/../../../../pic32c/lib/thumb/v7e-m+fp/hard\libc_nano.a(lib_a-locale.o)
 .comment       0x00000053       0x54 c:/program files/microchip/xc32/v3.01/bin/bin/../../lib/gcc/pic32c/8.3.1/../../../../pic32c/lib/thumb/v7e-m+fp/hard\libc_nano.a(lib_a-mbtowc_r.o)
 .comment       0x00000053       0x54 c:/program files/microchip/xc32/v3.01/bin/bin/../../lib/gcc/pic32c/8.3.1/../../../../pic32c/lib/thumb/v7e-m+fp/hard\libc_nano.a(lib_a-nano-msizer.o)
 .comment       0x00000053       0x54 c:/program files/microchip/xc32/v3.01/bin/bin/../../lib/gcc/pic32c/8.3.1/../../../../pic32c/lib/thumb/v7e-m+fp/hard\libc_nano.a(lib_a-wctomb_r.o)
 .comment       0x00000053       0x54 c:/program files/microchip/xc32/v3.01/bin/bin/../../lib/gcc/pic32c/8.3.1/../../../../pic32c/lib/thumb/v7e-m+fp/hard\libpic32c.a(sbrk.o)

.debug_info     0x00000000   0x14597c
 .debug_info    0x00000000     0x4c4e build/default/production/_ext/1645245335/crypto.o
 .debug_info    0x00004c4e     0x8bd6 build/default/production/_ext/444070925/drv_ethphy.o
 .debug_info    0x0000d824     0x3356 build/default/production/_ext/444070925/drv_extphy_ksz8081.o
 .debug_info    0x00010b7a     0xb133 build/default/production/_ext/1546807373/drv_gmac.o
 .debug_info    0x0001bcad     0x9905 build/default/production/_ext/1546807373/drv_gmac_lib_samE5x.o
 .debug_info    0x000255b2     0x4144 build/default/production/_ext/992804092/drv_memory.o
 .debug_info    0x000296f6     0x18a1 build/default/production/_ext/992804092/drv_memory_file_system.o
 .debug_info    0x0002af97     0x4d6b build/default/production/_ext/992804092/drv_memory_nvmctrl.o
 .debug_info    0x0002fd02     0x51c8 build/default/production/_ext/438849557/drv_miim.o
 .debug_info    0x00034eca     0x2d8c build/default/production/_ext/1751889202/sys_fs_shell.o
 .debug_info    0x00037c56     0x1303 build/default/production/_ext/1033058136/helpers.o
 .debug_info    0x00038f59     0xcbd0 build/default/production/_ext/1033058136/snmp.o
 .debug_info    0x00045b29     0x5b29 build/default/production/_ext/1033058136/icmp.o
 .debug_info    0x0004b652     0xcd62 build/default/production/_ext/1033058136/tcp.o
 .debug_info    0x000583b4     0x7eeb build/default/production/_ext/1033058136/arp.o
 .debug_info    0x0006029f     0xa8a4 build/default/production/_ext/1033058136/tcpip_commands.o
 .debug_info    0x0006ab43     0x8ac2 build/default/production/_ext/1033058136/http.o
 .debug_info    0x00073605     0x8ba4 build/default/production/_ext/1033058136/iperf.o
 .debug_info    0x0007c1a9     0x8b69 build/default/production/_ext/1033058136/ipv4.o
 .debug_info    0x00084d12     0x3678 build/default/production/_ext/1033058136/tcpip_heap_alloc.o
 .debug_info    0x0008838a     0x40bd build/default/production/_ext/1033058136/tcpip_heap_internal.o
 .debug_info    0x0008c447     0xaab4 build/default/production/_ext/1033058136/dhcp.o
 .debug_info    0x00096efb     0x8e25 build/default/production/_ext/1033058136/dns.o
 .debug_info    0x0009fd20     0x1040 build/default/production/_ext/1033058136/hash_fnv.o
 .debug_info    0x000a0d60     0x1782 build/default/production/_ext/1033058136/oahash.o
 .debug_info    0x000a24e2     0x6346 build/default/production/_ext/1033058136/tcpip_helpers.o
 .debug_info    0x000a8828     0xd379 build/default/production/_ext/1033058136/tcpip_manager.o
 .debug_info    0x000b5ba1     0x3717 build/default/production/_ext/1033058136/tcpip_notify.o
 .debug_info    0x000b92b8     0x4791 build/default/production/_ext/1033058136/tcpip_packet.o
 .debug_info    0x000bda49     0xa1d1 build/default/production/_ext/1033058136/udp.o
 .debug_info    0x000c7c1a      0xc39 build/default/production/_ext/1529399856/osal_freertos.o
 .debug_info    0x000c8853      0xbf9 build/default/production/_ext/1984496892/plib_clock.o
 .debug_info    0x000c944c      0x37f build/default/production/_ext/1986646378/plib_evsys.o
 .debug_info    0x000c97cb     0x1647 build/default/production/_ext/1865468468/plib_nvic.o
 .debug_info    0x000cae12     0x1a8f build/default/production/_ext/1593096446/plib_nvmctrl.o
 .debug_info    0x000cc8a1     0x102d build/default/production/_ext/1865521619/plib_port.o
 .debug_info    0x000cd8ce     0x21b8 build/default/production/_ext/504274921/plib_sercom1_usart.o
 .debug_info    0x000cfa86      0xd2f build/default/production/_ext/829342655/plib_tc0.o
 .debug_info    0x000d07b5     0x33f9 build/default/production/_ext/1376093119/sys_command.o
 .debug_info    0x000d3bae     0x5a47 build/default/production/_ext/1832805299/sys_console_uart.o
 .debug_info    0x000d95f5     0x208c build/default/production/_ext/1832805299/sys_console.o
 .debug_info    0x000db681     0x13be build/default/production/_ext/944882569/sys_debug.o
 .debug_info    0x000dca3f     0x25ee build/default/production/_ext/699575981/mpfs.o
 .debug_info    0x000df02d     0x4166 build/default/production/_ext/1269487135/sys_fs.o
 .debug_info    0x000e3193     0x3504 build/default/production/_ext/1269487135/sys_fs_media_manager.o
 .debug_info    0x000e6697     0x120d build/default/production/_ext/1881668453/sys_int.o
 .debug_info    0x000e78a4      0x640 build/default/production/_ext/1000052432/sys_reset.o
 .debug_info    0x000e7ee4     0x3c80 build/default/production/_ext/101884895/sys_time.o
 .debug_info    0x000ebb64      0x703 build/default/production/_ext/753841488/sys_time_h2_adapter.o
 .debug_info    0x000ec267     0x12c4 build/default/production/_ext/753841488/sys_random_h2_adapter.o
 .debug_info    0x000ed52b     0x963b build/default/production/_ext/1171490990/initialization.o
 .debug_info    0x000f6b66     0x5e75 build/default/production/_ext/1171490990/interrupts.o
 .debug_info    0x000fc9db     0x490f build/default/production/_ext/1171490990/exceptions.o
 .debug_info    0x001012ea      0x91e build/default/production/_ext/1171490990/startup_xc32.o
 .debug_info    0x00101c08     0x4e90 build/default/production/_ext/1171490990/tasks.o
 .debug_info    0x00106a98      0x564 build/default/production/_ext/1171490990/freertos_hooks.o
 .debug_info    0x00106ffc      0x7bf build/default/production/_ext/246609638/port.o
 .debug_info    0x001077bb     0x10fe build/default/production/_ext/1665200909/heap_1.o
 .debug_info    0x001088b9     0x1221 build/default/production/_ext/404212886/list.o
 .debug_info    0x00109ada     0x2d4e build/default/production/_ext/404212886/queue.o
 .debug_info    0x0010c828     0x3a66 build/default/production/_ext/404212886/FreeRTOS_tasks.o
 .debug_info    0x0011028e     0x2ec0 build/default/production/_ext/172253694/crypt_wolfcryptcb.o
 .debug_info    0x0011314e     0x5121 build/default/production/_ext/1664057780/cryptocb.o
 .debug_info    0x0011826f     0x30fe build/default/production/_ext/1664057780/md5.o
 .debug_info    0x0011b36d     0x48d2 build/default/production/_ext/1664057780/random.o
 .debug_info    0x0011fc3f     0x4902 build/default/production/_ext/1664057780/sha256.o
 .debug_info    0x00124541     0x4866 build/default/production/_ext/1360937237/main.o
 .debug_info    0x00128da7     0x6101 build/default/production/_ext/1360937237/custom_snmp_app.o
 .debug_info    0x0012eea8     0x4e1b build/default/production/_ext/1360937237/app.o
 .debug_info    0x00133cc3     0x4b37 build/default/production/_ext/1360937237/mpfs_img2.o
 .debug_info    0x001387fa     0x310f build/default/production/_ext/1360937237/http_print.o
 .debug_info    0x0013b909     0x79ea build/default/production/_ext/1360937237/custom_http_app.o
 .debug_info    0x001432f3      0x2cd c:/program files/microchip/xc32/v3.01/bin/bin/../../lib/gcc/pic32c/8.3.1/../../../../pic32c/lib/thumb/v7e-m+fp/hard\libpic32c.a(data_init.o)
 .debug_info    0x001435c0       0x26 c:/program files/microchip/xc32/v3.01/bin/bin/../../lib/gcc/pic32c/8.3.1/thumb/v7e-m+fp/hard\libgcc.a(_arm_addsubdf3.o)
 .debug_info    0x001435e6       0x26 c:/program files/microchip/xc32/v3.01/bin/bin/../../lib/gcc/pic32c/8.3.1/thumb/v7e-m+fp/hard\libgcc.a(_arm_muldivdf3.o)
 .debug_info    0x0014360c       0x26 c:/program files/microchip/xc32/v3.01/bin/bin/../../lib/gcc/pic32c/8.3.1/thumb/v7e-m+fp/hard\libgcc.a(_arm_cmpdf2.o)
 .debug_info    0x00143632       0x26 c:/program files/microchip/xc32/v3.01/bin/bin/../../lib/gcc/pic32c/8.3.1/thumb/v7e-m+fp/hard\libgcc.a(_arm_fixunsdfsi.o)
 .debug_info    0x00143658       0x26 c:/program files/microchip/xc32/v3.01/bin/bin/../../lib/gcc/pic32c/8.3.1/thumb/v7e-m+fp/hard\libgcc.a(_aeabi_uldivmod.o)
 .debug_info    0x0014367e     0x1fdc c:/program files/microchip/xc32/v3.01/bin/bin/../../lib/gcc/pic32c/8.3.1/thumb/v7e-m+fp/hard\libgcc.a(_udivmoddi4.o)
 .debug_info    0x0014565a       0x26 c:/program files/microchip/xc32/v3.01/bin/bin/../../lib/gcc/pic32c/8.3.1/thumb/v7e-m+fp/hard\libgcc.a(_dvmd_tls.o)
 .debug_info    0x00145680      0x2b0 c:/program files/microchip/xc32/v3.01/bin/bin/../../lib/gcc/pic32c/8.3.1/../../../../pic32c/lib/thumb/v7e-m+fp/hard\libpic32c.a(sbrk.o)
 .debug_info    0x00145930       0x26 c:/program files/microchip/xc32/v3.01/bin/bin/../../lib/gcc/pic32c/8.3.1/thumb/v7e-m+fp/hard\libgcc.a(_arm_unorddf2.o)
 .debug_info    0x00145956       0x26 c:/program files/microchip/xc32/v3.01/bin/bin/../../lib/gcc/pic32c/8.3.1/thumb/v7e-m+fp/hard\libgcc.a(_arm_fixdfsi.o)

.debug_abbrev   0x00000000    0x12893
 .debug_abbrev  0x00000000      0x429 build/default/production/_ext/1645245335/crypto.o
 .debug_abbrev  0x00000429      0x5c7 build/default/production/_ext/444070925/drv_ethphy.o
 .debug_abbrev  0x000009f0      0x354 build/default/production/_ext/444070925/drv_extphy_ksz8081.o
 .debug_abbrev  0x00000d44      0x6a3 build/default/production/_ext/1546807373/drv_gmac.o
 .debug_abbrev  0x000013e7      0x674 build/default/production/_ext/1546807373/drv_gmac_lib_samE5x.o
 .debug_abbrev  0x00001a5b      0x581 build/default/production/_ext/992804092/drv_memory.o
 .debug_abbrev  0x00001fdc      0x23a build/default/production/_ext/992804092/drv_memory_file_system.o
 .debug_abbrev  0x00002216      0x358 build/default/production/_ext/992804092/drv_memory_nvmctrl.o
 .debug_abbrev  0x0000256e      0x6b9 build/default/production/_ext/438849557/drv_miim.o
 .debug_abbrev  0x00002c27      0x43f build/default/production/_ext/1751889202/sys_fs_shell.o
 .debug_abbrev  0x00003066      0x2e2 build/default/production/_ext/1033058136/helpers.o
 .debug_abbrev  0x00003348      0x71d build/default/production/_ext/1033058136/snmp.o
 .debug_abbrev  0x00003a65      0x5e2 build/default/production/_ext/1033058136/icmp.o
 .debug_abbrev  0x00004047      0x6fd build/default/production/_ext/1033058136/tcp.o
 .debug_abbrev  0x00004744      0x657 build/default/production/_ext/1033058136/arp.o
 .debug_abbrev  0x00004d9b      0x5be build/default/production/_ext/1033058136/tcpip_commands.o
 .debug_abbrev  0x00005359      0x640 build/default/production/_ext/1033058136/http.o
 .debug_abbrev  0x00005999      0x5db build/default/production/_ext/1033058136/iperf.o
 .debug_abbrev  0x00005f74      0x5fb build/default/production/_ext/1033058136/ipv4.o
 .debug_abbrev  0x0000656f      0x301 build/default/production/_ext/1033058136/tcpip_heap_alloc.o
 .debug_abbrev  0x00006870      0x4b4 build/default/production/_ext/1033058136/tcpip_heap_internal.o
 .debug_abbrev  0x00006d24      0x693 build/default/production/_ext/1033058136/dhcp.o
 .debug_abbrev  0x000073b7      0x609 build/default/production/_ext/1033058136/dns.o
 .debug_abbrev  0x000079c0      0x213 build/default/production/_ext/1033058136/hash_fnv.o
 .debug_abbrev  0x00007bd3      0x3c1 build/default/production/_ext/1033058136/oahash.o
 .debug_abbrev  0x00007f94      0x5cd build/default/production/_ext/1033058136/tcpip_helpers.o
 .debug_abbrev  0x00008561      0x79b build/default/production/_ext/1033058136/tcpip_manager.o
 .debug_abbrev  0x00008cfc      0x395 build/default/production/_ext/1033058136/tcpip_notify.o
 .debug_abbrev  0x00009091      0x578 build/default/production/_ext/1033058136/tcpip_packet.o
 .debug_abbrev  0x00009609      0x68c build/default/production/_ext/1033058136/udp.o
 .debug_abbrev  0x00009c95      0x1f5 build/default/production/_ext/1529399856/osal_freertos.o
 .debug_abbrev  0x00009e8a      0x135 build/default/production/_ext/1984496892/plib_clock.o
 .debug_abbrev  0x00009fbf       0x64 build/default/production/_ext/1986646378/plib_evsys.o
 .debug_abbrev  0x0000a023      0x222 build/default/production/_ext/1865468468/plib_nvic.o
 .debug_abbrev  0x0000a245      0x34c build/default/production/_ext/1593096446/plib_nvmctrl.o
 .debug_abbrev  0x0000a591      0x1e9 build/default/production/_ext/1865521619/plib_port.o
 .debug_abbrev  0x0000a77a      0x492 build/default/production/_ext/504274921/plib_sercom1_usart.o
 .debug_abbrev  0x0000ac0c      0x1f9 build/default/production/_ext/829342655/plib_tc0.o
 .debug_abbrev  0x0000ae05      0x51f build/default/production/_ext/1376093119/sys_command.o
 .debug_abbrev  0x0000b324      0x4c0 build/default/production/_ext/1832805299/sys_console_uart.o
 .debug_abbrev  0x0000b7e4      0x462 build/default/production/_ext/1832805299/sys_console.o
 .debug_abbrev  0x0000bc46      0x28d build/default/production/_ext/944882569/sys_debug.o
 .debug_abbrev  0x0000bed3      0x46e build/default/production/_ext/699575981/mpfs.o
 .debug_abbrev  0x0000c341      0x532 build/default/production/_ext/1269487135/sys_fs.o
 .debug_abbrev  0x0000c873      0x56e build/default/production/_ext/1269487135/sys_fs_media_manager.o
 .debug_abbrev  0x0000cde1      0x253 build/default/production/_ext/1881668453/sys_int.o
 .debug_abbrev  0x0000d034      0x102 build/default/production/_ext/1000052432/sys_reset.o
 .debug_abbrev  0x0000d136      0x5ed build/default/production/_ext/101884895/sys_time.o
 .debug_abbrev  0x0000d723      0x16f build/default/production/_ext/753841488/sys_time_h2_adapter.o
 .debug_abbrev  0x0000d892      0x29f build/default/production/_ext/753841488/sys_random_h2_adapter.o
 .debug_abbrev  0x0000db31      0x3e4 build/default/production/_ext/1171490990/initialization.o
 .debug_abbrev  0x0000df15      0x2aa build/default/production/_ext/1171490990/interrupts.o
 .debug_abbrev  0x0000e1bf      0x29d build/default/production/_ext/1171490990/exceptions.o
 .debug_abbrev  0x0000e45c      0x1ee build/default/production/_ext/1171490990/startup_xc32.o
 .debug_abbrev  0x0000e64a      0x306 build/default/production/_ext/1171490990/tasks.o
 .debug_abbrev  0x0000e950      0x13f build/default/production/_ext/1171490990/freertos_hooks.o
 .debug_abbrev  0x0000ea8f      0x217 build/default/production/_ext/246609638/port.o
 .debug_abbrev  0x0000eca6      0x2af build/default/production/_ext/1665200909/heap_1.o
 .debug_abbrev  0x0000ef55      0x270 build/default/production/_ext/404212886/list.o
 .debug_abbrev  0x0000f1c5      0x484 build/default/production/_ext/404212886/queue.o
 .debug_abbrev  0x0000f649      0x545 build/default/production/_ext/404212886/FreeRTOS_tasks.o
 .debug_abbrev  0x0000fb8e      0x2b4 build/default/production/_ext/172253694/crypt_wolfcryptcb.o
 .debug_abbrev  0x0000fe42      0x45c build/default/production/_ext/1664057780/cryptocb.o
 .debug_abbrev  0x0001029e      0x400 build/default/production/_ext/1664057780/md5.o
 .debug_abbrev  0x0001069e      0x531 build/default/production/_ext/1664057780/random.o
 .debug_abbrev  0x00010bcf      0x4ed build/default/production/_ext/1664057780/sha256.o
 .debug_abbrev  0x000110bc      0x2d6 build/default/production/_ext/1360937237/main.o
 .debug_abbrev  0x00011392      0x4b1 build/default/production/_ext/1360937237/custom_snmp_app.o
 .debug_abbrev  0x00011843      0x2fa build/default/production/_ext/1360937237/app.o
 .debug_abbrev  0x00011b3d      0x29c build/default/production/_ext/1360937237/mpfs_img2.o
 .debug_abbrev  0x00011dd9      0x30a build/default/production/_ext/1360937237/http_print.o
 .debug_abbrev  0x000120e3      0x522 build/default/production/_ext/1360937237/custom_http_app.o
 .debug_abbrev  0x00012605       0x2e c:/program files/microchip/xc32/v3.01/bin/bin/../../lib/gcc/pic32c/8.3.1/../../../../pic32c/lib/thumb/v7e-m+fp/hard\libpic32c.a(data_init.o)
 .debug_abbrev  0x00012633       0x14 c:/program files/microchip/xc32/v3.01/bin/bin/../../lib/gcc/pic32c/8.3.1/thumb/v7e-m+fp/hard\libgcc.a(_arm_addsubdf3.o)
 .debug_abbrev  0x00012647       0x14 c:/program files/microchip/xc32/v3.01/bin/bin/../../lib/gcc/pic32c/8.3.1/thumb/v7e-m+fp/hard\libgcc.a(_arm_muldivdf3.o)
 .debug_abbrev  0x0001265b       0x14 c:/program files/microchip/xc32/v3.01/bin/bin/../../lib/gcc/pic32c/8.3.1/thumb/v7e-m+fp/hard\libgcc.a(_arm_cmpdf2.o)
 .debug_abbrev  0x0001266f       0x14 c:/program files/microchip/xc32/v3.01/bin/bin/../../lib/gcc/pic32c/8.3.1/thumb/v7e-m+fp/hard\libgcc.a(_arm_fixunsdfsi.o)
 .debug_abbrev  0x00012683       0x14 c:/program files/microchip/xc32/v3.01/bin/bin/../../lib/gcc/pic32c/8.3.1/thumb/v7e-m+fp/hard\libgcc.a(_aeabi_uldivmod.o)
 .debug_abbrev  0x00012697      0x192 c:/program files/microchip/xc32/v3.01/bin/bin/../../lib/gcc/pic32c/8.3.1/thumb/v7e-m+fp/hard\libgcc.a(_udivmoddi4.o)
 .debug_abbrev  0x00012829       0x14 c:/program files/microchip/xc32/v3.01/bin/bin/../../lib/gcc/pic32c/8.3.1/thumb/v7e-m+fp/hard\libgcc.a(_dvmd_tls.o)
 .debug_abbrev  0x0001283d       0x2e c:/program files/microchip/xc32/v3.01/bin/bin/../../lib/gcc/pic32c/8.3.1/../../../../pic32c/lib/thumb/v7e-m+fp/hard\libpic32c.a(sbrk.o)
 .debug_abbrev  0x0001286b       0x14 c:/program files/microchip/xc32/v3.01/bin/bin/../../lib/gcc/pic32c/8.3.1/thumb/v7e-m+fp/hard\libgcc.a(_arm_unorddf2.o)
 .debug_abbrev  0x0001287f       0x14 c:/program files/microchip/xc32/v3.01/bin/bin/../../lib/gcc/pic32c/8.3.1/thumb/v7e-m+fp/hard\libgcc.a(_arm_fixdfsi.o)

.debug_loc      0x00000000    0x6ac4a
 .debug_loc     0x00000000     0x334c build/default/production/_ext/1645245335/crypto.o
 .debug_loc     0x0000334c     0x4a04 build/default/production/_ext/444070925/drv_ethphy.o
 .debug_loc     0x00007d50      0x1ff build/default/production/_ext/444070925/drv_extphy_ksz8081.o
 .debug_loc     0x00007f4f     0x3003 build/default/production/_ext/1546807373/drv_gmac.o
 .debug_loc     0x0000af52     0x2651 build/default/production/_ext/1546807373/drv_gmac_lib_samE5x.o
 .debug_loc     0x0000d5a3     0x1ffd build/default/production/_ext/992804092/drv_memory.o
 .debug_loc     0x0000f5a0       0x6a build/default/production/_ext/992804092/drv_memory_file_system.o
 .debug_loc     0x0000f60a      0x263 build/default/production/_ext/992804092/drv_memory_nvmctrl.o
 .debug_loc     0x0000f86d     0x2867 build/default/production/_ext/438849557/drv_miim.o
 .debug_loc     0x000120d4     0x1b0d build/default/production/_ext/1751889202/sys_fs_shell.o
 .debug_loc     0x00013be1      0x5a1 build/default/production/_ext/1033058136/helpers.o
 .debug_loc     0x00014182     0x53cd build/default/production/_ext/1033058136/snmp.o
 .debug_loc     0x0001954f      0xa23 build/default/production/_ext/1033058136/icmp.o
 .debug_loc     0x00019f72     0x82ff build/default/production/_ext/1033058136/tcp.o
 .debug_loc     0x00022271     0x3b6b build/default/production/_ext/1033058136/arp.o
 .debug_loc     0x00025ddc     0x33c4 build/default/production/_ext/1033058136/tcpip_commands.o
 .debug_loc     0x000291a0     0x24d0 build/default/production/_ext/1033058136/http.o
 .debug_loc     0x0002b670     0x22ef build/default/production/_ext/1033058136/iperf.o
 .debug_loc     0x0002d95f     0x2f0b build/default/production/_ext/1033058136/ipv4.o
 .debug_loc     0x0003086a      0x207 build/default/production/_ext/1033058136/tcpip_heap_alloc.o
 .debug_loc     0x00030a71     0x1007 build/default/production/_ext/1033058136/tcpip_heap_internal.o
 .debug_loc     0x00031a78     0x3f8b build/default/production/_ext/1033058136/dhcp.o
 .debug_loc     0x00035a03     0x40ae build/default/production/_ext/1033058136/dns.o
 .debug_loc     0x00039ab1      0x21b build/default/production/_ext/1033058136/hash_fnv.o
 .debug_loc     0x00039ccc      0x4ab build/default/production/_ext/1033058136/oahash.o
 .debug_loc     0x0003a177     0x3943 build/default/production/_ext/1033058136/tcpip_helpers.o
 .debug_loc     0x0003daba     0x7810 build/default/production/_ext/1033058136/tcpip_manager.o
 .debug_loc     0x000452ca      0x458 build/default/production/_ext/1033058136/tcpip_notify.o
 .debug_loc     0x00045722      0xbe0 build/default/production/_ext/1033058136/tcpip_packet.o
 .debug_loc     0x00046302     0x4be9 build/default/production/_ext/1033058136/udp.o
 .debug_loc     0x0004aeeb      0x727 build/default/production/_ext/1529399856/osal_freertos.o
 .debug_loc     0x0004b612      0x264 build/default/production/_ext/1865468468/plib_nvic.o
 .debug_loc     0x0004b876      0x868 build/default/production/_ext/1593096446/plib_nvmctrl.o
 .debug_loc     0x0004c0de      0x1bc build/default/production/_ext/1865521619/plib_port.o
 .debug_loc     0x0004c29a      0xd41 build/default/production/_ext/504274921/plib_sercom1_usart.o
 .debug_loc     0x0004cfdb       0x5f build/default/production/_ext/829342655/plib_tc0.o
 .debug_loc     0x0004d03a     0x19de build/default/production/_ext/1376093119/sys_command.o
 .debug_loc     0x0004ea18      0x852 build/default/production/_ext/1832805299/sys_console_uart.o
 .debug_loc     0x0004f26a      0xc61 build/default/production/_ext/1832805299/sys_console.o
 .debug_loc     0x0004fecb       0xa1 build/default/production/_ext/944882569/sys_debug.o
 .debug_loc     0x0004ff6c     0x1a69 build/default/production/_ext/699575981/mpfs.o
 .debug_loc     0x000519d5     0x3156 build/default/production/_ext/1269487135/sys_fs.o
 .debug_loc     0x00054b2b     0x14ee build/default/production/_ext/1269487135/sys_fs_media_manager.o
 .debug_loc     0x00056019      0x182 build/default/production/_ext/1881668453/sys_int.o
 .debug_loc     0x0005619b     0x230c build/default/production/_ext/101884895/sys_time.o
 .debug_loc     0x000584a7      0x152 build/default/production/_ext/753841488/sys_time_h2_adapter.o
 .debug_loc     0x000585f9      0x1dd build/default/production/_ext/753841488/sys_random_h2_adapter.o
 .debug_loc     0x000587d6       0x7d build/default/production/_ext/1171490990/initialization.o
 .debug_loc     0x00058853       0x4a build/default/production/_ext/1171490990/startup_xc32.o
 .debug_loc     0x0005889d      0x191 build/default/production/_ext/1171490990/tasks.o
 .debug_loc     0x00058a2e       0x82 build/default/production/_ext/1171490990/freertos_hooks.o
 .debug_loc     0x00058ab0      0x13a build/default/production/_ext/246609638/port.o
 .debug_loc     0x00058bea      0x116 build/default/production/_ext/1665200909/heap_1.o
 .debug_loc     0x00058d00       0xb2 build/default/production/_ext/404212886/list.o
 .debug_loc     0x00058db2     0x16e4 build/default/production/_ext/404212886/queue.o
 .debug_loc     0x0005a496     0x212d build/default/production/_ext/404212886/FreeRTOS_tasks.o
 .debug_loc     0x0005c5c3       0x45 build/default/production/_ext/172253694/crypt_wolfcryptcb.o
 .debug_loc     0x0005c608     0x27ea build/default/production/_ext/1664057780/cryptocb.o
 .debug_loc     0x0005edf2     0x2df9 build/default/production/_ext/1664057780/md5.o
 .debug_loc     0x00061beb     0x29ba build/default/production/_ext/1664057780/random.o
 .debug_loc     0x000645a5     0x284a build/default/production/_ext/1664057780/sha256.o
 .debug_loc     0x00066def       0x20 build/default/production/_ext/1360937237/main.o
 .debug_loc     0x00066e0f     0x1032 build/default/production/_ext/1360937237/custom_snmp_app.o
 .debug_loc     0x00067e41      0xb0b build/default/production/_ext/1360937237/http_print.o
 .debug_loc     0x0006894c     0x12a9 build/default/production/_ext/1360937237/custom_http_app.o
 .debug_loc     0x00069bf5       0x14 c:/program files/microchip/xc32/v3.01/bin/bin/../../lib/gcc/pic32c/8.3.1/../../../../pic32c/lib/thumb/v7e-m+fp/hard\libpic32c.a(data_init.o)
 .debug_loc     0x00069c09     0x1041 c:/program files/microchip/xc32/v3.01/bin/bin/../../lib/gcc/pic32c/8.3.1/thumb/v7e-m+fp/hard\libgcc.a(_udivmoddi4.o)

.debug_aranges  0x00000000     0x3648
 .debug_aranges
                0x00000000      0x1d0 build/default/production/_ext/1645245335/crypto.o
 .debug_aranges
                0x000001d0      0x248 build/default/production/_ext/444070925/drv_ethphy.o
 .debug_aranges
                0x00000418       0x30 build/default/production/_ext/444070925/drv_extphy_ksz8081.o
 .debug_aranges
                0x00000448      0x278 build/default/production/_ext/1546807373/drv_gmac.o
 .debug_aranges
                0x000006c0      0x140 build/default/production/_ext/1546807373/drv_gmac_lib_samE5x.o
 .debug_aranges
                0x00000800       0xf0 build/default/production/_ext/992804092/drv_memory.o
 .debug_aranges
                0x000008f0       0x20 build/default/production/_ext/992804092/drv_memory_file_system.o
 .debug_aranges
                0x00000910       0x58 build/default/production/_ext/992804092/drv_memory_nvmctrl.o
 .debug_aranges
                0x00000968       0xe0 build/default/production/_ext/438849557/drv_miim.o
 .debug_aranges
                0x00000a48       0xc0 build/default/production/_ext/1751889202/sys_fs_shell.o
 .debug_aranges
                0x00000b08       0x48 build/default/production/_ext/1033058136/helpers.o
 .debug_aranges
                0x00000b50      0x210 build/default/production/_ext/1033058136/snmp.o
 .debug_aranges
                0x00000d60       0x70 build/default/production/_ext/1033058136/icmp.o
 .debug_aranges
                0x00000dd0      0x230 build/default/production/_ext/1033058136/tcp.o
 .debug_aranges
                0x00001000      0x110 build/default/production/_ext/1033058136/arp.o
 .debug_aranges
                0x00001110       0xe8 build/default/production/_ext/1033058136/tcpip_commands.o
 .debug_aranges
                0x000011f8      0x170 build/default/production/_ext/1033058136/http.o
 .debug_aranges
                0x00001368       0x98 build/default/production/_ext/1033058136/iperf.o
 .debug_aranges
                0x00001400       0xf0 build/default/production/_ext/1033058136/ipv4.o
 .debug_aranges
                0x000014f0       0x48 build/default/production/_ext/1033058136/tcpip_heap_alloc.o
 .debug_aranges
                0x00001538       0x68 build/default/production/_ext/1033058136/tcpip_heap_internal.o
 .debug_aranges
                0x000015a0      0x188 build/default/production/_ext/1033058136/dhcp.o
 .debug_aranges
                0x00001728      0x130 build/default/production/_ext/1033058136/dns.o
 .debug_aranges
                0x00001858       0x28 build/default/production/_ext/1033058136/hash_fnv.o
 .debug_aranges
                0x00001880       0x50 build/default/production/_ext/1033058136/oahash.o
 .debug_aranges
                0x000018d0      0x218 build/default/production/_ext/1033058136/tcpip_helpers.o
 .debug_aranges
                0x00001ae8      0x3a0 build/default/production/_ext/1033058136/tcpip_manager.o
 .debug_aranges
                0x00001e88       0x48 build/default/production/_ext/1033058136/tcpip_notify.o
 .debug_aranges
                0x00001ed0       0x88 build/default/production/_ext/1033058136/tcpip_packet.o
 .debug_aranges
                0x00001f58      0x1c0 build/default/production/_ext/1033058136/udp.o
 .debug_aranges
                0x00002118       0x90 build/default/production/_ext/1529399856/osal_freertos.o
 .debug_aranges
                0x000021a8       0x20 build/default/production/_ext/1984496892/plib_clock.o
 .debug_aranges
                0x000021c8       0x20 build/default/production/_ext/1986646378/plib_evsys.o
 .debug_aranges
                0x000021e8       0x38 build/default/production/_ext/1865468468/plib_nvic.o
 .debug_aranges
                0x00002220       0xd8 build/default/production/_ext/1593096446/plib_nvmctrl.o
 .debug_aranges
                0x000022f8       0x70 build/default/production/_ext/1865521619/plib_port.o
 .debug_aranges
                0x00002368       0xc0 build/default/production/_ext/504274921/plib_sercom1_usart.o
 .debug_aranges
                0x00002428       0x78 build/default/production/_ext/829342655/plib_tc0.o
 .debug_aranges
                0x000024a0       0xd8 build/default/production/_ext/1376093119/sys_command.o
 .debug_aranges
                0x00002578       0x70 build/default/production/_ext/1832805299/sys_console_uart.o
 .debug_aranges
                0x000025e8       0x88 build/default/production/_ext/1832805299/sys_console.o
 .debug_aranges
                0x00002670       0x48 build/default/production/_ext/944882569/sys_debug.o
 .debug_aranges
                0x000026b8       0xa0 build/default/production/_ext/699575981/mpfs.o
 .debug_aranges
                0x00002758      0x178 build/default/production/_ext/1269487135/sys_fs.o
 .debug_aranges
                0x000028d0       0x98 build/default/production/_ext/1269487135/sys_fs_media_manager.o
 .debug_aranges
                0x00002968       0x40 build/default/production/_ext/1881668453/sys_int.o
 .debug_aranges
                0x000029a8       0x20 build/default/production/_ext/1000052432/sys_reset.o
 .debug_aranges
                0x000029c8      0x128 build/default/production/_ext/101884895/sys_time.o
 .debug_aranges
                0x00002af0       0x40 build/default/production/_ext/753841488/sys_time_h2_adapter.o
 .debug_aranges
                0x00002b30       0x48 build/default/production/_ext/753841488/sys_random_h2_adapter.o
 .debug_aranges
                0x00002b78       0x28 build/default/production/_ext/1171490990/initialization.o
 .debug_aranges
                0x00002ba0       0x20 build/default/production/_ext/1171490990/interrupts.o
 .debug_aranges
                0x00002bc0       0x48 build/default/production/_ext/1171490990/exceptions.o
 .debug_aranges
                0x00002c08       0x28 build/default/production/_ext/1171490990/startup_xc32.o
 .debug_aranges
                0x00002c30       0x48 build/default/production/_ext/1171490990/tasks.o
 .debug_aranges
                0x00002c78       0x40 build/default/production/_ext/1171490990/freertos_hooks.o
 .debug_aranges
                0x00002cb8       0x78 build/default/production/_ext/246609638/port.o
 .debug_aranges
                0x00002d30       0x38 build/default/production/_ext/1665200909/heap_1.o
 .debug_aranges
                0x00002d68       0x40 build/default/production/_ext/404212886/list.o
 .debug_aranges
                0x00002da8       0xc8 build/default/production/_ext/404212886/queue.o
 .debug_aranges
                0x00002e70      0x178 build/default/production/_ext/404212886/FreeRTOS_tasks.o
 .debug_aranges
                0x00002fe8       0x28 build/default/production/_ext/172253694/crypt_wolfcryptcb.o
 .debug_aranges
                0x00003010       0xd8 build/default/production/_ext/1664057780/cryptocb.o
 .debug_aranges
                0x000030e8       0x68 build/default/production/_ext/1664057780/md5.o
 .debug_aranges
                0x00003150       0xb8 build/default/production/_ext/1664057780/random.o
 .debug_aranges
                0x00003208       0xb8 build/default/production/_ext/1664057780/sha256.o
 .debug_aranges
                0x000032c0       0x20 build/default/production/_ext/1360937237/main.o
 .debug_aranges
                0x000032e0       0x78 build/default/production/_ext/1360937237/custom_snmp_app.o
 .debug_aranges
                0x00003358       0x28 build/default/production/_ext/1360937237/app.o
 .debug_aranges
                0x00003380       0x18 build/default/production/_ext/1360937237/mpfs_img2.o
 .debug_aranges
                0x00003398       0x28 build/default/production/_ext/1360937237/http_print.o
 .debug_aranges
                0x000033c0      0x128 build/default/production/_ext/1360937237/custom_http_app.o
 .debug_aranges
                0x000034e8       0x20 c:/program files/microchip/xc32/v3.01/bin/bin/../../lib/gcc/pic32c/8.3.1/../../../../pic32c/lib/thumb/v7e-m+fp/hard\libpic32c.a(data_init.o)
 .debug_aranges
                0x00003508       0x20 c:/program files/microchip/xc32/v3.01/bin/bin/../../lib/gcc/pic32c/8.3.1/thumb/v7e-m+fp/hard\libgcc.a(_arm_addsubdf3.o)
 .debug_aranges
                0x00003528       0x20 c:/program files/microchip/xc32/v3.01/bin/bin/../../lib/gcc/pic32c/8.3.1/thumb/v7e-m+fp/hard\libgcc.a(_arm_muldivdf3.o)
 .debug_aranges
                0x00003548       0x20 c:/program files/microchip/xc32/v3.01/bin/bin/../../lib/gcc/pic32c/8.3.1/thumb/v7e-m+fp/hard\libgcc.a(_arm_cmpdf2.o)
 .debug_aranges
                0x00003568       0x20 c:/program files/microchip/xc32/v3.01/bin/bin/../../lib/gcc/pic32c/8.3.1/thumb/v7e-m+fp/hard\libgcc.a(_arm_fixunsdfsi.o)
 .debug_aranges
                0x00003588       0x20 c:/program files/microchip/xc32/v3.01/bin/bin/../../lib/gcc/pic32c/8.3.1/thumb/v7e-m+fp/hard\libgcc.a(_aeabi_uldivmod.o)
 .debug_aranges
                0x000035a8       0x20 c:/program files/microchip/xc32/v3.01/bin/bin/../../lib/gcc/pic32c/8.3.1/thumb/v7e-m+fp/hard\libgcc.a(_udivmoddi4.o)
 .debug_aranges
                0x000035c8       0x20 c:/program files/microchip/xc32/v3.01/bin/bin/../../lib/gcc/pic32c/8.3.1/thumb/v7e-m+fp/hard\libgcc.a(_dvmd_tls.o)
 .debug_aranges
                0x000035e8       0x20 c:/program files/microchip/xc32/v3.01/bin/bin/../../lib/gcc/pic32c/8.3.1/../../../../pic32c/lib/thumb/v7e-m+fp/hard\libpic32c.a(sbrk.o)
 .debug_aranges
                0x00003608       0x20 c:/program files/microchip/xc32/v3.01/bin/bin/../../lib/gcc/pic32c/8.3.1/thumb/v7e-m+fp/hard\libgcc.a(_arm_unorddf2.o)
 .debug_aranges
                0x00003628       0x20 c:/program files/microchip/xc32/v3.01/bin/bin/../../lib/gcc/pic32c/8.3.1/thumb/v7e-m+fp/hard\libgcc.a(_arm_fixdfsi.o)

.debug_ranges   0x00000000     0x63b8
 .debug_ranges  0x00000000      0x1c0 build/default/production/_ext/1645245335/crypto.o
 .debug_ranges  0x000001c0      0x310 build/default/production/_ext/444070925/drv_ethphy.o
 .debug_ranges  0x000004d0       0x20 build/default/production/_ext/444070925/drv_extphy_ksz8081.o
 .debug_ranges  0x000004f0      0x358 build/default/production/_ext/1546807373/drv_gmac.o
 .debug_ranges  0x00000848      0x288 build/default/production/_ext/1546807373/drv_gmac_lib_samE5x.o
 .debug_ranges  0x00000ad0      0x100 build/default/production/_ext/992804092/drv_memory.o
 .debug_ranges  0x00000bd0       0x10 build/default/production/_ext/992804092/drv_memory_file_system.o
 .debug_ranges  0x00000be0       0x48 build/default/production/_ext/992804092/drv_memory_nvmctrl.o
 .debug_ranges  0x00000c28      0x2a8 build/default/production/_ext/438849557/drv_miim.o
 .debug_ranges  0x00000ed0      0x1e8 build/default/production/_ext/1751889202/sys_fs_shell.o
 .debug_ranges  0x000010b8       0x50 build/default/production/_ext/1033058136/helpers.o
 .debug_ranges  0x00001108      0x330 build/default/production/_ext/1033058136/snmp.o
 .debug_ranges  0x00001438       0xf0 build/default/production/_ext/1033058136/icmp.o
 .debug_ranges  0x00001528      0x6b0 build/default/production/_ext/1033058136/tcp.o
 .debug_ranges  0x00001bd8      0x498 build/default/production/_ext/1033058136/arp.o
 .debug_ranges  0x00002070      0x220 build/default/production/_ext/1033058136/tcpip_commands.o
 .debug_ranges  0x00002290      0x270 build/default/production/_ext/1033058136/http.o
 .debug_ranges  0x00002500      0x2c8 build/default/production/_ext/1033058136/iperf.o
 .debug_ranges  0x000027c8      0x2b8 build/default/production/_ext/1033058136/ipv4.o
 .debug_ranges  0x00002a80       0x38 build/default/production/_ext/1033058136/tcpip_heap_alloc.o
 .debug_ranges  0x00002ab8      0x100 build/default/production/_ext/1033058136/tcpip_heap_internal.o
 .debug_ranges  0x00002bb8      0x548 build/default/production/_ext/1033058136/dhcp.o
 .debug_ranges  0x00003100      0x318 build/default/production/_ext/1033058136/dns.o
 .debug_ranges  0x00003418       0x18 build/default/production/_ext/1033058136/hash_fnv.o
 .debug_ranges  0x00003430       0x40 build/default/production/_ext/1033058136/oahash.o
 .debug_ranges  0x00003470      0x298 build/default/production/_ext/1033058136/tcpip_helpers.o
 .debug_ranges  0x00003708      0x9b8 build/default/production/_ext/1033058136/tcpip_manager.o
 .debug_ranges  0x000040c0       0x38 build/default/production/_ext/1033058136/tcpip_notify.o
 .debug_ranges  0x000040f8       0xd8 build/default/production/_ext/1033058136/tcpip_packet.o
 .debug_ranges  0x000041d0      0x4a8 build/default/production/_ext/1033058136/udp.o
 .debug_ranges  0x00004678       0x80 build/default/production/_ext/1529399856/osal_freertos.o
 .debug_ranges  0x000046f8       0x10 build/default/production/_ext/1984496892/plib_clock.o
 .debug_ranges  0x00004708       0x10 build/default/production/_ext/1986646378/plib_evsys.o
 .debug_ranges  0x00004718       0x28 build/default/production/_ext/1865468468/plib_nvic.o
 .debug_ranges  0x00004740       0xc8 build/default/production/_ext/1593096446/plib_nvmctrl.o
 .debug_ranges  0x00004808       0x60 build/default/production/_ext/1865521619/plib_port.o
 .debug_ranges  0x00004868      0x1f0 build/default/production/_ext/504274921/plib_sercom1_usart.o
 .debug_ranges  0x00004a58       0x68 build/default/production/_ext/829342655/plib_tc0.o
 .debug_ranges  0x00004ac0      0x188 build/default/production/_ext/1376093119/sys_command.o
 .debug_ranges  0x00004c48       0x60 build/default/production/_ext/1832805299/sys_console_uart.o
 .debug_ranges  0x00004ca8       0x78 build/default/production/_ext/1832805299/sys_console.o
 .debug_ranges  0x00004d20       0x38 build/default/production/_ext/944882569/sys_debug.o
 .debug_ranges  0x00004d58       0xb8 build/default/production/_ext/699575981/mpfs.o
 .debug_ranges  0x00004e10      0x180 build/default/production/_ext/1269487135/sys_fs.o
 .debug_ranges  0x00004f90      0x118 build/default/production/_ext/1269487135/sys_fs_media_manager.o
 .debug_ranges  0x000050a8       0x30 build/default/production/_ext/1881668453/sys_int.o
 .debug_ranges  0x000050d8       0x10 build/default/production/_ext/1000052432/sys_reset.o
 .debug_ranges  0x000050e8      0x160 build/default/production/_ext/101884895/sys_time.o
 .debug_ranges  0x00005248       0x30 build/default/production/_ext/753841488/sys_time_h2_adapter.o
 .debug_ranges  0x00005278       0x50 build/default/production/_ext/753841488/sys_random_h2_adapter.o
 .debug_ranges  0x000052c8       0x18 build/default/production/_ext/1171490990/initialization.o
 .debug_ranges  0x000052e0       0x10 build/default/production/_ext/1171490990/interrupts.o
 .debug_ranges  0x000052f0       0x38 build/default/production/_ext/1171490990/exceptions.o
 .debug_ranges  0x00005328       0x18 build/default/production/_ext/1171490990/startup_xc32.o
 .debug_ranges  0x00005340       0x38 build/default/production/_ext/1171490990/tasks.o
 .debug_ranges  0x00005378       0x30 build/default/production/_ext/1171490990/freertos_hooks.o
 .debug_ranges  0x000053a8       0x68 build/default/production/_ext/246609638/port.o
 .debug_ranges  0x00005410       0x28 build/default/production/_ext/1665200909/heap_1.o
 .debug_ranges  0x00005438       0x30 build/default/production/_ext/404212886/list.o
 .debug_ranges  0x00005468      0x180 build/default/production/_ext/404212886/queue.o
 .debug_ranges  0x000055e8      0x280 build/default/production/_ext/404212886/FreeRTOS_tasks.o
 .debug_ranges  0x00005868       0x18 build/default/production/_ext/172253694/crypt_wolfcryptcb.o
 .debug_ranges  0x00005880      0x1b8 build/default/production/_ext/1664057780/cryptocb.o
 .debug_ranges  0x00005a38       0x70 build/default/production/_ext/1664057780/md5.o
 .debug_ranges  0x00005aa8      0x1e8 build/default/production/_ext/1664057780/random.o
 .debug_ranges  0x00005c90      0x400 build/default/production/_ext/1664057780/sha256.o
 .debug_ranges  0x00006090       0x10 build/default/production/_ext/1360937237/main.o
 .debug_ranges  0x000060a0       0x88 build/default/production/_ext/1360937237/custom_snmp_app.o
 .debug_ranges  0x00006128       0x18 build/default/production/_ext/1360937237/app.o
 .debug_ranges  0x00006140       0x18 build/default/production/_ext/1360937237/http_print.o
 .debug_ranges  0x00006158      0x168 build/default/production/_ext/1360937237/custom_http_app.o
 .debug_ranges  0x000062c0       0x10 c:/program files/microchip/xc32/v3.01/bin/bin/../../lib/gcc/pic32c/8.3.1/../../../../pic32c/lib/thumb/v7e-m+fp/hard\libpic32c.a(data_init.o)
 .debug_ranges  0x000062d0       0xd8 c:/program files/microchip/xc32/v3.01/bin/bin/../../lib/gcc/pic32c/8.3.1/thumb/v7e-m+fp/hard\libgcc.a(_udivmoddi4.o)
 .debug_ranges  0x000063a8       0x10 c:/program files/microchip/xc32/v3.01/bin/bin/../../lib/gcc/pic32c/8.3.1/../../../../pic32c/lib/thumb/v7e-m+fp/hard\libpic32c.a(sbrk.o)

.debug_line     0x00000000    0x434fe
 .debug_line    0x00000000      0xe3e build/default/production/_ext/1645245335/crypto.o
 .debug_line    0x00000e3e     0x24e1 build/default/production/_ext/444070925/drv_ethphy.o
 .debug_line    0x0000331f      0x408 build/default/production/_ext/444070925/drv_extphy_ksz8081.o
 .debug_line    0x00003727     0x204a build/default/production/_ext/1546807373/drv_gmac.o
 .debug_line    0x00005771     0x19d9 build/default/production/_ext/1546807373/drv_gmac_lib_samE5x.o
 .debug_line    0x0000714a     0x111a build/default/production/_ext/992804092/drv_memory.o
 .debug_line    0x00008264      0x265 build/default/production/_ext/992804092/drv_memory_file_system.o
 .debug_line    0x000084c9      0x555 build/default/production/_ext/992804092/drv_memory_nvmctrl.o
 .debug_line    0x00008a1e     0x137a build/default/production/_ext/438849557/drv_miim.o
 .debug_line    0x00009d98      0xc22 build/default/production/_ext/1751889202/sys_fs_shell.o
 .debug_line    0x0000a9ba      0x408 build/default/production/_ext/1033058136/helpers.o
 .debug_line    0x0000adc2     0x3f2e build/default/production/_ext/1033058136/snmp.o
 .debug_line    0x0000ecf0      0xaf1 build/default/production/_ext/1033058136/icmp.o
 .debug_line    0x0000f7e1     0x4871 build/default/production/_ext/1033058136/tcp.o
 .debug_line    0x00014052     0x1b60 build/default/production/_ext/1033058136/arp.o
 .debug_line    0x00015bb2     0x23e1 build/default/production/_ext/1033058136/tcpip_commands.o
 .debug_line    0x00017f93     0x2103 build/default/production/_ext/1033058136/http.o
 .debug_line    0x0001a096     0x233c build/default/production/_ext/1033058136/iperf.o
 .debug_line    0x0001c3d2     0x1a27 build/default/production/_ext/1033058136/ipv4.o
 .debug_line    0x0001ddf9      0x3b0 build/default/production/_ext/1033058136/tcpip_heap_alloc.o
 .debug_line    0x0001e1a9      0xa05 build/default/production/_ext/1033058136/tcpip_heap_internal.o
 .debug_line    0x0001ebae     0x26c1 build/default/production/_ext/1033058136/dhcp.o
 .debug_line    0x0002126f     0x1f40 build/default/production/_ext/1033058136/dns.o
 .debug_line    0x000231af      0x238 build/default/production/_ext/1033058136/hash_fnv.o
 .debug_line    0x000233e7      0x4d9 build/default/production/_ext/1033058136/oahash.o
 .debug_line    0x000238c0     0x2046 build/default/production/_ext/1033058136/tcpip_helpers.o
 .debug_line    0x00025906     0x39f3 build/default/production/_ext/1033058136/tcpip_manager.o
 .debug_line    0x000292f9      0x4fd build/default/production/_ext/1033058136/tcpip_notify.o
 .debug_line    0x000297f6      0x8cc build/default/production/_ext/1033058136/tcpip_packet.o
 .debug_line    0x0002a0c2     0x2b4a build/default/production/_ext/1033058136/udp.o
 .debug_line    0x0002cc0c      0x4e4 build/default/production/_ext/1529399856/osal_freertos.o
 .debug_line    0x0002d0f0      0x2e8 build/default/production/_ext/1984496892/plib_clock.o
 .debug_line    0x0002d3d8      0x131 build/default/production/_ext/1986646378/plib_evsys.o
 .debug_line    0x0002d509      0x462 build/default/production/_ext/1865468468/plib_nvic.o
 .debug_line    0x0002d96b      0x6b0 build/default/production/_ext/1593096446/plib_nvmctrl.o
 .debug_line    0x0002e01b      0x3df build/default/production/_ext/1865521619/plib_port.o
 .debug_line    0x0002e3fa      0xc54 build/default/production/_ext/504274921/plib_sercom1_usart.o
 .debug_line    0x0002f04e      0x3bc build/default/production/_ext/829342655/plib_tc0.o
 .debug_line    0x0002f40a     0x109c build/default/production/_ext/1376093119/sys_command.o
 .debug_line    0x000304a6      0x745 build/default/production/_ext/1832805299/sys_console_uart.o
 .debug_line    0x00030beb      0x75a build/default/production/_ext/1832805299/sys_console.o
 .debug_line    0x00031345      0x30f build/default/production/_ext/944882569/sys_debug.o
 .debug_line    0x00031654      0xadd build/default/production/_ext/699575981/mpfs.o
 .debug_line    0x00032131     0x1a28 build/default/production/_ext/1269487135/sys_fs.o
 .debug_line    0x00033b59      0xd34 build/default/production/_ext/1269487135/sys_fs_media_manager.o
 .debug_line    0x0003488d      0x309 build/default/production/_ext/1881668453/sys_int.o
 .debug_line    0x00034b96      0x17e build/default/production/_ext/1000052432/sys_reset.o